08-31 21:44:16.841  6108  6128 D UE4     : [2020.08.31-19.44.16:841][980]LogAndroid: Case APP_CMD_TERM_WINDOW
08-31 21:44:16.841  6108  6128 D UE4     : LogAndroidEvents::EnqueueAppEvent : 3, [width=-1, height=-1], tid = 6128, APP_EVENT_STATE_WINDOW_DESTROYED
08-31 21:44:16.850  1830  1907 I [OAR] ShellDialogControllerHost: DialogResult: quit
08-31 21:44:16.854  6108  6127 D UE4     : [2020.08.31-19.44.16:853][981]LogAndroidEvents: Display: LogAndroidEvents::DequeueAppEvent : 13, [width=-1, height=-1], APP_EVENT_STATE_APP_SUSPENDED
08-31 21:44:16.854  6108  6127 D UE4     : FAppEventManager::Tick processing, 13
08-31 21:44:16.854  6108  6127 D UE4     : Execution will be paused...
08-31 21:44:16.854  6108  6127 D UE4     : [2020.08.31-19.44.16:854][981]LogAndroidEvents: Display: LogAndroidEvents::DequeueAppEvent : 3, [width=-1, height=-1], APP_EVENT_STATE_WINDOW_DESTROYED
08-31 21:44:16.854  6108  6127 D UE4     : FAppEventManager::Tick processing, 3
08-31 21:44:16.854  6108  6127 D UE4     : APP_EVENT_STATE_WINDOW_DESTROYED, 0, 0, 0
08-31 21:44:16.854  6108  6127 D UE4     : FAppEventManager::Tick EventHandlerEvent Wait 
08-31 21:44:16.854  6108  6127 D UE4     : FAppEventManager::Tick EventHandlerEvent DONE Wait 
08-31 21:44:16.861  1830  1907 I [OAR] ShellApplication: Sent exit broadcast to SystemActivities for:  com.YourCompany.HadoukenVR
08-31 21:44:16.861  2149  2256 I VrGuardianService: GuardianSDKServer::GuardianCmd: 14
08-31 21:44:16.861  2149  2256 I GuardianSystem: GuardianSystem::GuardianCmd 14
08-31 21:44:16.862  1830  1907 I [OAR] DialogControllerManager: Hide Previous pending dialog: type: 12, uri "systemux://dialog/exit", return component: "com.YourCompany.HadoukenVR", return activity component: "com.YourCompany.HadoukenVR/com.epicgames.ue4.GameActivity" - reason quit of exittohome
08-31 21:44:16.868  1830  1907 I [OAR] DialogControllerManager: Dialog change detected; updating dialog UI.
08-31 21:44:16.868  1830  1907 I [OAR] DialogControllerManager: Old dialog: type: 12, uri "systemux://dialog/exit", return component: "com.YourCompany.HadoukenVR", return activity component: "com.YourCompany.HadoukenVR/com.epicgames.ue4.GameActivity"
08-31 21:44:16.868  1830  1907 I [OAR] DialogControllerManager: New dialog: type: 0, uri "systemux://dialog/none", return component: "", return activity component: ""
08-31 21:44:16.868  1830  1907 I [OAR] DialogController: CloseDialogs() old: 12, pendingUri: systemux://dialog/exit, pendingComponent: com.YourCompany.HadoukenVR
08-31 21:44:16.868  1830  1907 I [OAR] SystemDialogController: HideVrShellDialog
08-31 21:44:16.868  1830  1907 I [OAR] SystemUXController: No known System UX Route for Navigation Route: com.oculus.systemux/com.oculus.panelapp.anytimeui.AnytimeUIAndroidPanelService
08-31 21:44:16.868  1830  1907 I [OAR] PlatformManager: Checking livestreaming allowed for:  com.oculus.vrshell
08-31 21:44:16.868  1830  1907 I [OAR] DialogController: Clearing existing dialog systemux://dialog/exit to None while in transition to pending dialog systemux://dialog/none
08-31 21:44:16.879  6108  6119 W art     : Suspending all threads took: 7.290ms
08-31 21:44:16.880  1910  1910 I [SUI] AnytimeUIAndroidPanelApp: updateActiveComponent - com.oculus.systemux/com.oculus.panelapp.anytimeui.AnytimeUIAndroidPanelService, returnComponent = 
08-31 21:44:16.880  1910  1910 I [SUI] AnytimeUIAndroidPanelAppBase: configureDialog:  systemux://dialog/none [] ()
08-31 21:44:16.880  1910  1910 I [SUI] AnytimeUIAndroidPanelAppBase: actionSetRoute - Route:  NONE(systemux://dialog/none)
08-31 21:44:16.881  1910  1910 I AndroidPanelLayer: Hiding layer dialog
08-31 21:44:16.881  1910  1910 I AndroidPanelApp: HideLayer(dialog)
08-31 21:44:16.881  1830  1907 I [OAR] SystemUXController: Guardian is paused/suspended thus assuming map needs guardian.
08-31 21:44:16.882  1830  2444 I OVRPlatform: [QueueAsyncResponseHandler] success: {"streaming_enabled":true}
08-31 21:44:16.884  1910  1910 I AndroidPanelApp: Processing pending hide layer for layer dialog.
08-31 21:44:16.892  1830  1907 I [OAR] SystemUXController: Guardian is paused/suspended thus assuming map needs guardian.
08-31 21:44:16.892  1830  1907 I [OAR] PanelAppHost: Setting panel layer visibility of layer "dialog" to invisible
08-31 21:44:16.893  1830  1907 I [OAR] PlatformManager: isLiveStreamingAllowed response:  1
08-31 21:44:16.902  2149  2256 I VrGuardianService: GuardianSDKServer::SetGuardianCanPaint
08-31 21:44:16.906  1830  1907 I [OAR] SystemUXController: Guardian is paused/suspended thus assuming map needs guardian.
08-31 21:44:16.912  1910  1910 I [SUI] AnytimeUIAndroidPanelAppBase: updateLiveStreamStatus - isLiveStreaming=false, allowed=true
08-31 21:44:16.920  1830  1907 I [OAR] SystemUXController: Guardian is paused/suspended thus assuming map needs guardian.
08-31 21:44:16.923  6108  6128 D UE4     : [2020.08.31-19.44.16:923][981]LogAndroid: Case APP_CMD_SAVE_STATE
08-31 21:44:16.923  6108  6128 D UE4     : LogAndroidEvents::EnqueueAppEvent : 12, [width=-1, height=-1], tid = 6128, APP_EVENT_STATE_SAVE_STATE
08-31 21:44:16.933  1830  1907 I [OAR] SystemUXController: Guardian is paused/suspended thus assuming map needs guardian.
08-31 21:44:16.936  6108  6128 D UE4     : [2020.08.31-19.44.16:936][981]LogAndroid: Case APP_CMD_STOP
08-31 21:44:16.936  6108  6128 D UE4     : LogAndroidEvents::EnqueueAppEvent : 8, [width=-1, height=-1], tid = 6128, APP_EVENT_STATE_ON_STOP
08-31 21:44:16.937  6108  6108 D UE4     : [GameActivity] ==============> GameActive.onStop complete!
08-31 21:44:16.938  6108  6108 D UE4     : [GameActivity] ==============> GameActive.onTrimMemory(TRIM_MEMORY_UI_HIDDEN) called!
08-31 21:44:16.940  6108  6108 V UE4     : [GameApp] App in background
08-31 21:44:16.941  6108  6108 W ViewRootImpl[GameActivity]: Dropping event due to no window focus: MotionEvent { action=ACTION_DOWN, actionButton=0, id[0]=0, x[0]=1440.0, y[0]=800.0, toolType[0]=TOOL_TYPE_UNKNOWN, buttonState=0, metaState=META_CTRL_LEFT_ON|META_META_ON|META_META_LEFT_ON|META_SCROLL_LOCK_ON|0x01000000|0x04000000|0x20000000|0x40000000, flags=0x0, edgeFlags=0x0, pointerCount=1, historySize=0, eventTime=1834943, downTime=1834943, deviceId=0, source=0x2002 }
08-31 21:44:16.942  6108  6108 W ViewRootImpl[GameActivity]: Cancelling event due to no window focus: MotionEvent { action=ACTION_CANCEL, actionButton=0, id[0]=0, x[0]=1440.0, y[0]=800.0, toolType[0]=TOOL_TYPE_UNKNOWN, buttonState=0, metaState=META_CTRL_LEFT_ON|META_META_ON|META_META_LEFT_ON|META_SCROLL_LOCK_ON|0x01000000|0x04000000|0x20000000|0x40000000, flags=0x0, edgeFlags=0x0, pointerCount=1, historySize=0, eventTime=1835156, downTime=1834943, deviceId=0, source=0x2002 }
08-31 21:44:16.942  6108  6108 W ViewRootImpl[GameActivity]: Cancelling event due to no window focus: MotionEvent { action=ACTION_CANCEL, actionButton=0, id[0]=0, x[0]=1440.0, y[0]=800.0, toolType[0]=TOOL_TYPE_UNKNOWN, buttonState=0, metaState=META_CTRL_LEFT_ON|META_META_ON|META_META_LEFT_ON|META_SCROLL_LOCK_ON|0x01000000|0x04000000|0x20000000|0x40000000, flags=0x0, edgeFlags=0x0, pointerCount=1, historySize=0, eventTime=1835156, downTime=1834943, deviceId=0, source=0x2002 }
08-31 21:44:16.942  6108  6108 D SystemActivitiesReceiver: SystemActivityReceiver.onReceive intent:Intent { act=com.oculus.system_activity flg=0x10 pkg=com.YourCompany.HadoukenVR (has extras) }
08-31 21:44:16.943  6108  6108 D SystemActivitiesReceiver: fromPackageName: 'com.oculus.vrshell'
08-31 21:44:16.943  6108  6108 D SystemActivitiesReceiver: command: '{"Command":"exitToHome","PlatformUIVersion":4,"ToPackage":"com.YourCompany.HadoukenVR"}'
08-31 21:44:16.943  6108  6108 D SystemActivitiesReceiver: uri: ''
08-31 21:44:16.947  1830  1907 I [OAR] SystemUXController: Guardian is paused/suspended thus assuming map needs guardian.
08-31 21:44:16.953  6108  6108 D TrustedSignatureVerifier: Checking app signature for com.oculus.vrshell
08-31 21:44:16.955  6108  6108 D SystemActivitiesReceiver: App is trusted
08-31 21:44:16.956  6108  6108 I SystemUtils_Internal: nativeSystemActivityIntent in 'com.YourCompany.HadoukenVR': 'com.oculus.vrshell' '{"Command":"exitToHome","PlatformUIVersion":4,"ToPackage":"com.YourCompany.HadoukenVR"}' ''
08-31 21:44:16.956  6108  6108 I SystemUtils_Internal: finish() - exit to Home
08-31 21:44:16.956  6108  6108 W art     : Attempt to remove non-JNI local reference, dumping thread
08-31 21:44:16.956  6108  6108 W art     : Attempt to remove non-JNI local reference, dumping thread
08-31 21:44:16.956  6108  6108 W art     : Attempt to remove non-JNI local reference, dumping thread
08-31 21:44:16.957  6108  6108 D SystemActivitiesReceiver: SystemActivityReceiver.onReceive intent:Intent { act=com.oculus.system_activity flg=0x10 pkg=com.YourCompany.HadoukenVR (has extras) }
08-31 21:44:16.957  6108  6108 D SystemActivitiesReceiver: fromPackageName: 'com.oculus.vrshell'
08-31 21:44:16.957  6108  6108 D SystemActivitiesReceiver: command: '{"Command":"returnToLauncher","PlatformUIVersion":4,"ToPackage":"com.YourCompany.HadoukenVR"}'
08-31 21:44:16.957  6108  6108 D SystemActivitiesReceiver: uri: ''
08-31 21:44:16.958  6108  6108 I SystemUtils_Internal: nativeSystemActivityIntent in 'com.YourCompany.HadoukenVR': 'com.oculus.vrshell' '{"Command":"returnToLauncher","PlatformUIVersion":4,"ToPackage":"com.YourCompany.HadoukenVR"}' ''
08-31 21:44:16.958  6108  6108 I SystemUtils_Internal: ovrSystemUtils::AddEvent: queued event '{"Command":"returnToLauncher","PlatformUIVersion":4,"ToPackage":"com.YourCompany.HadoukenVR"}'
08-31 21:44:16.958  6108  6108 W art     : Attempt to remove non-JNI local reference, dumping thread
08-31 21:44:16.958  6108  6108 W art     : Attempt to remove non-JNI local reference, dumping thread
08-31 21:44:16.958  6108  6108 W art     : Attempt to remove non-JNI local reference, dumping thread
08-31 21:44:16.959  6108  6127 D UE4     : [2020.08.31-19.44.16:958][981]LogAndroidEvents: Display: LogAndroidEvents::DequeueAppEvent : 12, [width=-1, height=-1], APP_EVENT_STATE_SAVE_STATE
08-31 21:44:16.959  6108  6127 D UE4     : FAppEventManager::Tick processing, 12
08-31 21:44:16.959  6108  6127 D UE4     : [2020.08.31-19.44.16:959][981]LogAndroidEvents: Display: LogAndroidEvents::DequeueAppEvent : 8, [width=-1, height=-1], APP_EVENT_STATE_ON_STOP
08-31 21:44:16.959  6108  6127 D UE4     : FAppEventManager::Tick processing, 8
08-31 21:44:16.959  6108  6127 D UE4     : FAppEventManager::Tick EventHandlerEvent Wait 
08-31 21:44:16.959  6108  6127 D UE4     : FAppEventManager::Tick EventHandlerEvent DONE Wait 
08-31 21:44:16.961  1830  1907 I [OAR] SystemUXController: Guardian is paused/suspended thus assuming map needs guardian.
08-31 21:44:16.963  6108  6108 D ContextHelper: shouldSkipFinish: activity=com.epicgames.ue4.GameActivity@9f71d3c
08-31 21:44:16.964  6108  6108 D ContextHelper: activity=com.epicgames.ue4.GameActivity@9f71d3c, resumed=false
08-31 21:44:16.965  6108  6108 D ContextHelper: Calling finish() on com.epicgames.ue4.GameActivity@9f71d3c
08-31 21:44:16.969  1062  1086 I ActivityManager: Killing 2264:com.android.calendar/u0a28 (adj 906): empty for 1807s
08-31 21:44:16.975  1830  1907 I [OAR] SystemUXController: Guardian is paused/suspended thus assuming map needs guardian.
08-31 21:44:16.982  6108  6108 D UE4     : [GameActivity] onDestroy: destroy memoryHandlerThread
08-31 21:44:16.985  6108  6128 D UE4     : [2020.08.31-19.44.16:983][981]LogAndroid: Case APP_CMD_INPUT_CHANGED
08-31 21:44:16.987  6108  6128 D UE4     : [2020.08.31-19.44.16:986][981]LogAndroid: Case APP_CMD_DESTROY
08-31 21:44:16.989  6108  6128 D UE4     : LogAndroidEvents::EnqueueAppEvent : 15, [width=-1, height=-1], tid = 6128, APP_EVENT_RUN_CALLBACK
08-31 21:44:16.989  6108  6128 D UE4     : LogAndroidEvents::EnqueueAppEvent : 5, [width=-1, height=-1], tid = 6128, APP_EVENT_STATE_ON_DESTROY
08-31 21:44:16.989  1830  1907 I [OAR] SystemUXController: Guardian is paused/suspended thus assuming map needs guardian.
08-31 21:44:17.000  6108  6128 I art     : System.exit called, status: 0
08-31 21:44:17.000  6108  6128 I AndroidRuntime: VM exiting with result code 0, cleanup skipped.
08-31 21:44:17.003  1830  1907 I [OAR] SystemUXController: Guardian is paused/suspended thus assuming map needs guardian.
08-31 21:44:17.011  1062  1133 D ActivityManager: cleanUpApplicationRecord -- 2264
08-31 21:44:17.017  1830  1907 I [OAR] SystemUXController: Guardian is paused/suspended thus assuming map needs guardian.
08-31 21:44:17.031  1830  1907 I [OAR] SystemUXController: Guardian is paused/suspended thus assuming map needs guardian.
08-31 21:44:17.045  1830  1907 I [OAR] SystemUXController: Guardian is paused/suspended thus assuming map needs guardian.
08-31 21:44:17.057   717  4726 I [CT]    : boltlib: DSP utilization(%): 12
08-31 21:44:17.059  1830  1907 I [OAR] SystemUXController: Guardian is paused/suspended thus assuming map needs guardian.
08-31 21:44:17.073  1830  1907 I [OAR] SystemUXController: Guardian is paused/suspended thus assuming map needs guardian.
08-31 21:44:17.087  1830  1907 I [OAR] SystemUXController: Guardian is paused/suspended thus assuming map needs guardian.
08-31 21:44:17.100  1830  1907 I [OAR] SystemUXController: Guardian is paused/suspended thus assuming map needs guardian.
08-31 21:44:17.114  1830  1907 I [OAR] SystemUXController: Guardian is paused/suspended thus assuming map needs guardian.
08-31 21:44:17.129  1830  1907 I [OAR] SystemUXController: Guardian is paused/suspended thus assuming map needs guardian.
08-31 21:44:17.142  1830  1907 I [OAR] SystemUXController: Guardian is paused/suspended thus assuming map needs guardian.
08-31 21:44:17.156  1830  1907 I [OAR] SystemUXController: Guardian is paused/suspended thus assuming map needs guardian.
08-31 21:44:17.170  1830  1907 I [OAR] SystemUXController: Guardian is paused/suspended thus assuming map needs guardian.
08-31 21:44:17.184  1830  1907 I [OAR] SystemUXController: Guardian is paused/suspended thus assuming map needs guardian.
08-31 21:44:17.198  1830  1907 I [OAR] SystemUXController: Guardian is paused/suspended thus assuming map needs guardian.
08-31 21:44:17.212  1830  1907 I [OAR] SystemUXController: Guardian is paused/suspended thus assuming map needs guardian.
08-31 21:44:17.226  1830  1907 I [OAR] SystemUXController: Guardian is paused/suspended thus assuming map needs guardian.
08-31 21:44:17.240  1830  1907 I [OAR] SystemUXController: Guardian is paused/suspended thus assuming map needs guardian.
08-31 21:44:17.254  1830  1907 I [OAR] SystemUXController: Guardian is paused/suspended thus assuming map needs guardian.
08-31 21:44:17.258  2149  2256 I VrGuardianService: GuardianSDKServer::SetGuardianCanPaint
08-31 21:44:17.267  1830  1907 I [OAR] SystemUXController: Guardian is paused/suspended thus assuming map needs guardian.
08-31 21:44:17.281  1830  1907 I [OAR] SystemUXController: Guardian is paused/suspended thus assuming map needs guardian.
08-31 21:44:17.296  1830  1907 I [OAR] SystemUXController: Guardian is paused/suspended thus assuming map needs guardian.
08-31 21:44:17.309  1830  1907 I [OAR] SystemUXController: Guardian is paused/suspended thus assuming map needs guardian.
08-31 21:44:17.323  1830  1907 I [OAR] SystemUXController: Guardian is paused/suspended thus assuming map needs guardian.
08-31 21:44:17.337  1830  1907 I [OAR] SystemUXController: Guardian is paused/suspended thus assuming map needs guardian.
08-31 21:44:17.351  1830  1907 I [OAR] SystemUXController: Guardian is paused/suspended thus assuming map needs guardian.
08-31 21:44:17.365  1830  6215 I VrApi   : FPS=64,Prd=45ms,Tear=1,Early=37,Stale=29,VSnc=1,Lat=1,Fov=0,CPU4/GPU=4/5,2304/710MHz,OC=FF,TA=0/0/0,SP=N/N/N,Mem=1804MHz,Free=1394MB,PSM=0,PLS=0,Temp=29.0C/0.0C,TW=2.13ms,App=5.75ms,GD=0.00ms,CPU&GPU=12.05ms,LCnt=3,GPU%=0.48,CPU%=0.15(W0.23),DSF=1.00
08-31 21:44:17.365  1830  1907 I [OAR] SystemUXController: Guardian is paused/suspended thus assuming map needs guardian.
08-31 21:44:17.368  1062  1142 W InputDispatcher: channel 'c39585b com.YourCompany.HadoukenVR/com.epicgames.ue4.GameActivity (server)' ~ Consumer closed input channel or an error occurred.  events=0x9
08-31 21:44:17.369  1062  1142 E InputDispatcher: channel 'c39585b com.YourCompany.HadoukenVR/com.epicgames.ue4.GameActivity (server)' ~ Channel is unrecoverably broken and will be disposed!
08-31 21:44:17.370  2103  2357 D RuntimeIPCService: binderDied: com.YourCompany.HadoukenVR
08-31 21:44:17.370  2103  2357 I RuntimeIPCService: nativeDestroyClient
08-31 21:44:17.370  2103  2357 I RuntimeIPCService: ResetClient: com.YourCompany.HadoukenVR:com.YourCompany.HadoukenVR
08-31 21:44:17.370  2103  2357 I ThreadHelpers: RuntimeIPC: ThreadBase: Shutdown
08-31 21:44:17.370  2103  2357 I ThreadHelpers: RuntimeIPC: ThreadBase: RequestShutdown
08-31 21:44:17.370  2103  2357 I RuntimeIPCService: RPCServiceClientHandler: OnPreShutdown
08-31 21:44:17.370  2087  2957 D VrRuntimeService: VrRuntimeService: binderDied: com.YourCompany.HadoukenVR
08-31 21:44:17.370  2087  2957 D VrRuntimeService: VrRuntimeService: destroyClientInternal: com.YourCompany.HadoukenVR, pid: 6108, window: null
08-31 21:44:17.370  2087  2957 I ClientMgr: ClientMgr::DestroyClient: 6108:com.YourCompany.HadoukenVR
08-31 21:44:17.370  2087  2957 I ClientMgr: ClientMgr::DestroyClient Destroying 2 swapchain(s) for 6108:com.YourCompany.HadoukenVR
08-31 21:44:17.370  2087  2957 I ClientMgr: ClientMgr::DestroyClient: non-deferred ShutdownResources: 973 == 973 
08-31 21:44:17.370  2087  2957 I BufferObject: ovrBufferObjectFactory::Shutdown
08-31 21:44:17.370  2087  2957 I BufferObject: ovrBufferObjectFactory: closing fd=189
08-31 21:44:17.371  2087  2957 I BufferObject: ovrBufferObjectFactory: unmapping Vulkan memory
08-31 21:44:17.371  2087  2957 I BufferObject: ovrBufferObjectFactory: destroying Vulkan buffer=547743249920
08-31 21:44:17.371  1062  1474 I WindowManager: WIN DEATH: Window{c39585b u0 com.YourCompany.HadoukenVR/com.epicgames.ue4.GameActivity}
08-31 21:44:17.371  2087  2957 I BufferObject: ovrBufferObjectFactory: freeing Vulkan memory=547742756416
08-31 21:44:17.371  1062  1474 W InputDispatcher: Attempted to unregister already unregistered input channel 'c39585b com.YourCompany.HadoukenVR/com.epicgames.ue4.GameActivity (server)'
08-31 21:44:17.371  1062  1474 W WindowManager: Force-removing child win Window{ffb1854 u0 SurfaceView - com.YourCompany.HadoukenVR/com.epicgames.ue4.GameActivity} from container Window{c39585b u0 com.YourCompany.HadoukenVR/com.epicgames.ue4.GameActivity}
08-31 21:44:17.371  2103  2357 I RuntimeIPCService: RPCServiceClientHandler: OnPostShutdown
08-31 21:44:17.371  2103  2357 I RuntimeIPCService: ResetClient: 6108:com.YourCompany.HadoukenVR:com.YourCompany.HadoukenVR (com.oculus.systemdriver:com.oculus.vrruntimeservice (RuntimeServiceServer))
08-31 21:44:17.371  2103  2357 I RuntimeIPCService: ResetClient: Removing client from server: com.oculus.systemdriver:com.oculus.vrruntimeservice (RuntimeServiceServer), com.YourCompany.HadoukenVR:com.YourCompany.HadoukenVR
08-31 21:44:17.371  2103  2357 I RuntimeIPCService: ResetClient: 6108:com.YourCompany.HadoukenVR:com.YourCompany.HadoukenVR (com.oculus.systemdriver:com.oculus.vrguardianservice (guardianserver))
08-31 21:44:17.371  2103  2357 I RuntimeIPCService: ResetClient: Removing client from server: com.oculus.systemdriver:com.oculus.vrguardianservice (guardianserver), com.YourCompany.HadoukenVR:com.YourCompany.HadoukenVR
08-31 21:44:17.371  2103  2357 I RuntimeIPCService: ResetClient: Removing client: com.YourCompany.HadoukenVR:com.YourCompany.HadoukenVR
08-31 21:44:17.371  1062  1518 D ConnectivityService: ConnectivityService NetworkRequestInfo binderDied(NetworkRequest [ LISTEN id=14, [ Capabilities: INTERNET&NOT_RESTRICTED&TRUSTED&NOT_VPN&VALIDATED&FOREGROUND] ], android.os.BinderProxy@44b23fd)
08-31 21:44:17.372  2103  2357 I RuntimeIPCService: ResetClient DONE: com.YourCompany.HadoukenVR:com.YourCompany.HadoukenVR
08-31 21:44:17.373  1062  5255 I ActivityManager: Process com.YourCompany.HadoukenVR (pid 6108) has died
08-31 21:44:17.373  1062  5255 D ActivityManager: cleanUpApplicationRecord -- 6108
08-31 21:44:17.374  1062  1087 D GraphicsStats: Buffer count: 3
08-31 21:44:17.376  1062  1192 E ConnectivityService: RemoteException caught trying to send a callback msg for NetworkRequest [ LISTEN id=14, [ Capabilities: INTERNET&NOT_RESTRICTED&TRUSTED&NOT_VPN&VALIDATED&FOREGROUND] ]
08-31 21:44:17.379  1830  1907 I [OAR] SystemUXController: Guardian is paused/suspended thus assuming map needs guardian.
08-31 21:44:17.396  1830  1907 I [OAR] SystemUXController: Guardian is paused/suspended thus assuming map needs guardian.
08-31 21:44:17.408  1830  1907 I [OAR] SystemUXController: Guardian is paused/suspended thus assuming map needs guardian.
08-31 21:44:17.410  1062  1132 W WindowManager: Failed looking up window callers=com.android.server.wm.WindowManagerService.windowForClientLocked:9484 com.android.server.wm.WindowState$DeathRecipient.binderDied:1808 android.os.BinderProxy.sendDeathNotice:744 
08-31 21:44:17.410  1062  1132 I WindowManager: WIN DEATH: null
08-31 21:44:17.421  1830  1907 I [OAR] SystemUXController: Guardian is paused/suspended thus assuming map needs guardian.
08-31 21:44:17.432  1910  1910 D [SUI] MemoryManager: Executing clearViewCache - maxAgeSecs: 60
08-31 21:44:17.432  1910  1910 D [SUI] MemoryManager: Executing clearViewCache - maxAgeSecs: 60
08-31 21:44:17.435  1830  1907 I [OAR] SystemUXController: Guardian is paused/suspended thus assuming map needs guardian.
08-31 21:44:17.449  1830  1907 I [OAR] SystemUXController: Guardian is paused/suspended thus assuming map needs guardian.
08-31 21:44:17.463  1830  1907 I [OAR] SystemUXController: Guardian is paused/suspended thus assuming map needs guardian.
08-31 21:44:17.476  1830  1907 I [OAR] SystemUXController: Guardian is paused/suspended thus assuming map needs guardian.
08-31 21:44:17.490  1830  1907 I [OAR] SystemUXController: Guardian is paused/suspended thus assuming map needs guardian.
08-31 21:44:17.504  1830  1907 I [OAR] SystemUXController: Guardian is paused/suspended thus assuming map needs guardian.
08-31 21:44:17.518  1830  1907 I [OAR] SystemUXController: Guardian is paused/suspended thus assuming map needs guardian.
08-31 21:44:17.532  1830  1907 I [OAR] SystemUXController: Guardian is paused/suspended thus assuming map needs guardian.
08-31 21:44:17.537  2087  2302 I RuntimeIPCServerMgr: Disconnecting client: Client: com.YourCompany.HadoukenVR:com.YourCompany.HadoukenVR:6108, Server: com.oculus.systemdriver:com.oculus.vrruntimeservice (RuntimeServiceServer)
08-31 21:44:17.537  2087  2302 I ThreadHelpers: RuntimeIPC: ThreadBase: RequestShutdown
08-31 21:44:17.539  2087  6187 I RuntimeIPCServerMgr: RPCClientHandler::MainLoop: Ending: Client: com.YourCompany.HadoukenVR:com.YourCompany.HadoukenVR:6108, Server: com.oculus.systemdriver:com.oculus.vrruntimeservice (RuntimeServiceServer)
08-31 21:44:17.539  2087  6187 I VrRuntimeService: RuntimeIPC: IPC_SYSTEM_EVENT_CLIENT_DISCONNECTED: com.YourCompany.HadoukenVR:6108
08-31 21:44:17.540  2087  6187 I RuntimeIPCServerMgr: RPCClientHandler::MainLoop: Ended: Client: com.YourCompany.HadoukenVR:com.YourCompany.HadoukenVR:6108, Server: com.oculus.systemdriver:com.oculus.vrruntimeservice (RuntimeServiceServer)
08-31 21:44:17.546  1830  1907 I [OAR] SystemUXController: Guardian is paused/suspended thus assuming map needs guardian.
08-31 21:44:17.560  1830  1907 I [OAR] SystemUXController: Guardian is paused/suspended thus assuming map needs guardian.
08-31 21:44:17.574  1830  1907 I [OAR] SystemUXController: Guardian is paused/suspended thus assuming map needs guardian.
08-31 21:44:17.588  1830  1907 I [OAR] SystemUXController: Guardian is paused/suspended thus assuming map needs guardian.
08-31 21:44:17.602  1830  1907 I [OAR] SystemUXController: Guardian is paused/suspended thus assuming map needs guardian.
08-31 21:44:17.603  2149  2201 I RuntimeIPCServerMgr: Disconnecting client: Client: com.YourCompany.HadoukenVR:com.YourCompany.HadoukenVR:6108, Server: com.oculus.systemdriver:com.oculus.vrguardianservice (guardianserver)
08-31 21:44:17.603  2149  2201 I ThreadHelpers: RuntimeIPC: ThreadBase: RequestShutdown
08-31 21:44:17.603  2149  6186 I RuntimeIPCServerMgr: RPCClientHandler::MainLoop: Ending: Client: com.YourCompany.HadoukenVR:com.YourCompany.HadoukenVR:6108, Server: com.oculus.systemdriver:com.oculus.vrguardianservice (guardianserver)
08-31 21:44:17.603  2149  6186 I RuntimeIPCServerMgr: RPCClientHandler::MainLoop: Ended: Client: com.YourCompany.HadoukenVR:com.YourCompany.HadoukenVR:6108, Server: com.oculus.systemdriver:com.oculus.vrguardianservice (guardianserver)
08-31 21:44:17.616  1830  1907 I [OAR] SystemUXController: Guardian is paused/suspended thus assuming map needs guardian.
08-31 21:44:17.630  1830  1907 I [OAR] SystemUXController: Guardian is paused/suspended thus assuming map needs guardian.
08-31 21:44:17.644  1830  1907 I [OAR] SystemUXController: Guardian is paused/suspended thus assuming map needs guardian.
08-31 21:44:17.658  1830  1907 I [OAR] SystemUXController: Guardian is paused/suspended thus assuming map needs guardian.
08-31 21:44:17.671  1830  1907 I [OAR] SystemUXController: Guardian is paused/suspended thus assuming map needs guardian.
08-31 21:44:17.685  1830  1907 I [OAR] SystemUXController: Guardian is paused/suspended thus assuming map needs guardian.
08-31 21:44:17.699  1830  1907 I [OAR] SystemUXController: Guardian is paused/suspended thus assuming map needs guardian.
08-31 21:44:17.713  1830  1907 I [OAR] SystemUXController: Guardian is paused/suspended thus assuming map needs guardian.
08-31 21:44:17.727  1830  1907 I [OAR] SystemUXController: Guardian is paused/suspended thus assuming map needs guardian.
08-31 21:44:17.741  1830  1907 I [OAR] SystemUXController: Guardian is paused/suspended thus assuming map needs guardian.
08-31 21:44:17.755  1830  1907 I [OAR] SystemUXController: Guardian is paused/suspended thus assuming map needs guardian.
08-31 21:44:17.769  1830  1907 I [OAR] SystemUXController: Guardian is paused/suspended thus assuming map needs guardian.
08-31 21:44:17.783  1830  1907 I [OAR] SystemUXController: Guardian is paused/suspended thus assuming map needs guardian.
08-31 21:44:17.797  1830  1907 I [OAR] SystemUXController: Guardian is paused/suspended thus assuming map needs guardian.
08-31 21:44:17.811  1830  1907 I [OAR] SystemUXController: Guardian is paused/suspended thus assuming map needs guardian.
08-31 21:44:17.825  1830  1907 I [OAR] SystemUXController: Guardian is paused/suspended thus assuming map needs guardian.
08-31 21:44:17.825  1830  1907 I [OAR] GuardianController: renderMode != desiredRenderMode: (3, 1, 2, 0), (3, 3, 2, 0)
08-31 21:44:17.825  2149  2256 I VrGuardianService: GuardianSDKServer::SetGuardianRenderMode
08-31 21:44:17.839  1830  1907 I [OAR] SystemUXController: Guardian is paused/suspended thus assuming map needs guardian.
08-31 21:44:17.853  1830  1907 I [OAR] SystemUXController: Guardian is paused/suspended thus assuming map needs guardian.
08-31 21:44:17.866  1830  1907 I [OAR] SystemUXController: Guardian is paused/suspended thus assuming map needs guardian.
08-31 21:44:17.880  1830  1907 I [OAR] SystemUXController: Guardian is paused/suspended thus assuming map needs guardian.
08-31 21:44:17.894  1830  1907 I [OAR] SystemUXController: Guardian is paused/suspended thus assuming map needs guardian.
08-31 21:44:17.908  1830  1907 I [OAR] SystemUXController: Guardian is paused/suspended thus assuming map needs guardian.
08-31 21:44:17.922  1830  1907 I [OAR] SystemUXController: Guardian is paused/suspended thus assuming map needs guardian.
08-31 21:44:17.936  1830  1907 I [OAR] SystemUXController: Guardian is paused/suspended thus assuming map needs guardian.
08-31 21:44:17.950  1830  1907 I [OAR] SystemUXController: Guardian is paused/suspended thus assuming map needs guardian.
08-31 21:44:17.964  1830  1907 I [OAR] SystemUXController: Guardian is paused/suspended thus assuming map needs guardian.
08-31 21:44:17.978  1830  1907 I [OAR] SystemUXController: Guardian is paused/suspended thus assuming map needs guardian.
08-31 21:44:17.992  1830  1907 I [OAR] SystemUXController: Guardian is paused/suspended thus assuming map needs guardian.
08-31 21:44:18.006  1830  1907 I [OAR] SystemUXController: Guardian is paused/suspended thus assuming map needs guardian.
08-31 21:44:18.020  1830  1907 I [OAR] SystemUXController: Guardian is paused/suspended thus assuming map needs guardian.
08-31 21:44:18.033  1830  1907 I [OAR] SystemUXController: Guardian is paused/suspended thus assuming map needs guardian.
08-31 21:44:18.038  2087  2302 I RuntimeIPCServerMgr: Removing disconnected client: Client: com.YourCompany.HadoukenVR:com.YourCompany.HadoukenVR:6108, Server: com.oculus.systemdriver:com.oculus.vrruntimeservice (RuntimeServiceServer)
08-31 21:44:18.047  1830  1907 I [OAR] SystemUXController: Guardian is paused/suspended thus assuming map needs guardian.
08-31 21:44:18.061  1830  1907 I [OAR] SystemUXController: Guardian is paused/suspended thus assuming map needs guardian.
08-31 21:44:18.075  1830  1907 I [OAR] SystemUXController: Guardian is paused/suspended thus assuming map needs guardian.
08-31 21:44:18.089  1830  1907 I [OAR] SystemUXController: Guardian is paused/suspended thus assuming map needs guardian.
08-31 21:44:18.103  1830  1907 I [OAR] SystemUXController: Guardian is paused/suspended thus assuming map needs guardian.
08-31 21:44:18.104  2149  2201 I RuntimeIPCServerMgr: Removing disconnected client: Client: com.YourCompany.HadoukenVR:com.YourCompany.HadoukenVR:6108, Server: com.oculus.systemdriver:com.oculus.vrguardianservice (guardianserver)
08-31 21:44:18.117  1830  1907 I [OAR] SystemUXController: Guardian is paused/suspended thus assuming map needs guardian.
08-31 21:44:18.131  1830  1907 I [OAR] SystemUXController: Guardian is paused/suspended thus assuming map needs guardian.
08-31 21:44:18.145  1830  1907 I [OAR] SystemUXController: Guardian is paused/suspended thus assuming map needs guardian.
08-31 21:44:18.159  1830  1907 I [OAR] SystemUXController: Guardian is paused/suspended thus assuming map needs guardian.
08-31 21:44:18.173  1830  1907 I [OAR] SystemUXController: Guardian is paused/suspended thus assuming map needs guardian.
08-31 21:44:18.187  1830  1907 I [OAR] SystemUXController: Guardian is paused/suspended thus assuming map needs guardian.
08-31 21:44:18.192   717  4785 I [CT]    : VIPER:MAP_MANAGER: State: TRACKING_TRANSIENT, UUID=506f1dd8-7060-48b6-a31c-3003e3d96497, Num. Persistent maps = 3, Transient maps:506f1dd8-7060-48b6-a31c-3003e3d96497, Persistent maps:aceb5d6d-8f43-48fc-831e-2fd0126f3634,aff989db-b9a3-4132-ac0f-25d7237622cc,026e92a4-703b-4680-ab26-46c80941e87f,, Ser. Disabled = 00000000-0000-0000-0000-000000000000
08-31 21:44:18.201  1830  1907 I [OAR] SystemUXController: Guardian is paused/suspended thus assuming map needs guardian.
08-31 21:44:18.214  1830  1907 I [OAR] SystemUXController: Guardian is paused/suspended thus assuming map needs guardian.
08-31 21:44:18.228  1830  1907 I [OAR] SystemUXController: Guardian is paused/suspended thus assuming map needs guardian.
08-31 21:44:18.243  1830  1907 I [OAR] SystemUXController: Guardian is paused/suspended thus assuming map needs guardian.
08-31 21:44:18.256  1830  1907 I [OAR] SystemUXController: Guardian is paused/suspended thus assuming map needs guardian.
08-31 21:44:18.270  1830  1907 I [OAR] SystemUXController: Guardian is paused/suspended thus assuming map needs guardian.
08-31 21:44:18.274  1910  1910 D [SUI] ScreenCaptureUtil: sendStopVideoCaptureBroadcast
08-31 21:44:18.284  1830  1907 I [OAR] SystemUXController: Guardian is paused/suspended thus assuming map needs guardian.
08-31 21:44:18.284  1779  1779 I OVRMediaService: onStartCommand Received message type: com.oculus.horizon.STOP_CAPTURE_TO_DISK, caller package: com.oculus.systemux
08-31 21:44:18.298  1830  1907 I [OAR] SystemUXController: Guardian is paused/suspended thus assuming map needs guardian.
08-31 21:44:18.312  1830  1907 I [OAR] SystemUXController: Guardian is paused/suspended thus assuming map needs guardian.
08-31 21:44:18.315  1062  1518 E ActivityManager: Sending non-protected broadcast com.oculus.systemactivities.BEGIN_VIDEO_CAPTURE_WITH_SURFACE from system 1500:com.oculus.companion.server/1000 pkg com.oculus.companion.server
08-31 21:44:18.315  1062  1518 E ActivityManager: java.lang.Throwable
08-31 21:44:18.315  1062  1518 E ActivityManager: 	at com.android.server.am.ActivityManagerService.checkBroadcastFromSystem(ActivityManagerService.java:18346)
08-31 21:44:18.315  1062  1518 E ActivityManager: 	at com.android.server.am.ActivityManagerService.broadcastIntentLocked(ActivityManagerService.java:18832)
08-31 21:44:18.315  1062  1518 E ActivityManager: 	at com.android.server.am.ActivityManagerService.broadcastIntent(ActivityManagerService.java:19014)
08-31 21:44:18.315  1062  1518 E ActivityManager: 	at android.app.ActivityManagerNative.onTransact(ActivityManagerNative.java:500)
08-31 21:44:18.315  1062  1518 E ActivityManager: 	at com.android.server.am.ActivityManagerService.onTransact(ActivityManagerService.java:2845)
08-31 21:44:18.315  1062  1518 E ActivityManager: 	at android.os.Binder.execTransact(Binder.java:606)
08-31 21:44:18.326  1830  1907 I [OAR] SystemUXController: Guardian is paused/suspended thus assuming map needs guardian.
08-31 21:44:18.330  1062  1518 E ActivityManager: Sending non-protected broadcast com.oculus.systemactivities.BEGIN_VIDEO_CAPTURE_WITH_SURFACE from system 1500:com.oculus.companion.server/1000 pkg com.oculus.companion.server
08-31 21:44:18.330  1062  1518 E ActivityManager: java.lang.Throwable
08-31 21:44:18.330  1062  1518 E ActivityManager: 	at com.android.server.am.ActivityManagerService.checkBroadcastFromSystem(ActivityManagerService.java:18346)
08-31 21:44:18.330  1062  1518 E ActivityManager: 	at com.android.server.am.ActivityManagerService.broadcastIntentLocked(ActivityManagerService.java:18923)
08-31 21:44:18.330  1062  1518 E ActivityManager: 	at com.android.server.am.ActivityManagerService.broadcastIntent(ActivityManagerService.java:19014)
08-31 21:44:18.330  1062  1518 E ActivityManager: 	at android.app.ActivityManagerNative.onTransact(ActivityManagerNative.java:500)
08-31 21:44:18.330  1062  1518 E ActivityManager: 	at com.android.server.am.ActivityManagerService.onTransact(ActivityManagerService.java:2845)
08-31 21:44:18.330  1062  1518 E ActivityManager: 	at android.os.Binder.execTransact(Binder.java:606)
08-31 21:44:18.332  2087  2087 D ScreenCaptureReceiver: onReceive com.oculus.systemactivities.BEGIN_VIDEO_CAPTURE_WITH_SURFACE package=com.oculus.systemdriver
08-31 21:44:18.336  2087  2087 D TrustedSignatureVerifier: Checking app signature for com.oculus.horizon
08-31 21:44:18.337  2087  2087 D ScreenCaptureReceiver: App is trusted
08-31 21:44:18.337  2087  2087 D ScreenCaptureReceiver: Null surface. Stopping streaming
08-31 21:44:18.337  2087  2087 I ScreenCaptureBase: Screen Capture Command:2
08-31 21:44:18.340  1830  1907 I [OAR] SystemUXController: Guardian is paused/suspended thus assuming map needs guardian.
08-31 21:44:18.347  2087  4797 I ScreenCaptureVideo: Stop Video Capture
08-31 21:44:18.351  2087  4797 I TimeWarp: UpdateClockLevels: Apply pending clock request change: 4,5 -> 4,4
08-31 21:44:18.351  2087  4796 I Clocks  : ReleaseClocks - start
08-31 21:44:18.351   721  2944 D         : CPU_CLUSTER_0: No client requests exists, release clocks
08-31 21:44:18.351   721  2944 D         : CPU_CLUSTER_1: No client requests exists, release clocks
08-31 21:44:18.352   721  2944 D         : GPU: No client requests exists, release clocks
08-31 21:44:18.352   721  2944 D         : CPUBW: No client requests exists, release clocks
08-31 21:44:18.352  2087  4796 I Clocks  : ReleaseClocks - end (1.3 ms)
08-31 21:44:18.352  2087  4796 I Clocks  : LockClocks( cpu=4, gpu=4 ) - start
08-31 21:44:18.354  2087  4796 I Clocks  : CPU levels [0, 4]
08-31 21:44:18.354  2087  4796 I Clocks  : GPU levels [0, 5]
08-31 21:44:18.355   721  1217 D         : CPU_CLUSTER_0: Client 2087 sends freq request [21, 21]
08-31 21:44:18.355   721  1217 D         : CPU_CLUSTER_0: Next Perf Level = (21, 21)
08-31 21:44:18.355  1830  1907 I [OAR] SystemUXController: Guardian is paused/suspended thus assuming map needs guardian.
08-31 21:44:18.355   721  1217 D         : CPU_CLUSTER_1: Client 2087 sends freq request [26, 26]
08-31 21:44:18.355   721  1217 D         : CPU_CLUSTER_1: Next Perf Level = (26, 26)
08-31 21:44:18.355   721  1217 D         : CPUBW: Client 2087 sends freq request [8, 11]
08-31 21:44:18.355   721  1217 D         : CPUBW: Next Perf Level = (8, 11)
08-31 21:44:18.356   721  1217 D         : GPU: Client 2087 sends freq request [6, 6]
08-31 21:44:18.356   721  1217 D         : GPU: Next Perf Level = (6, 6)
08-31 21:44:18.356  2087  4796 I Clocks  : LockClocks( cpu=4, gpu=4 ) - end (3.8 ms)
08-31 21:44:18.365  1830  6215 I VrApi   : FPS=70,Prd=45ms,Tear=0,Early=64,Stale=3,VSnc=1,Lat=1,Fov=0,CPU4/GPU=4/5,2304/670MHz,OC=FF,TA=0/0/0,SP=N/N/N,Mem=1804MHz,Free=1396MB,PSM=0,PLS=0,Temp=29.0C/0.0C,TW=1.95ms,App=5.29ms,GD=0.00ms,CPU&GPU=11.09ms,LCnt=2,GPU%=0.47,CPU%=0.15(W0.24),DSF=1.00
08-31 21:44:18.368  1830  1907 I [OAR] SystemUXController: Guardian is paused/suspended thus assuming map needs guardian.
08-31 21:44:18.381  1830  1907 I [OAR] SystemUXController: Guardian is paused/suspended thus assuming map needs guardian.
08-31 21:44:18.395  1779  1779 I PlatformPlugin: [PlatformPluginManager] AudioCapture: nativeCapturedAudioRenderer_1Delete: id = -1118223488
08-31 21:44:18.395  1830  1907 I [OAR] SystemUXController: Guardian is paused/suspended thus assuming map needs guardian.
08-31 21:44:18.397  1779  1779 I FileCapture: broadcast capture state to vrshell running = false, with mode -1, with is_instant_replay = false
08-31 21:44:18.402  1830  1830 D [OAR] ShellControlBroadcastReceiver: onReceive with MainActivity native pointer 3702052848, action com.oculus.systemactivities.CAPTURE_STATE_UPDATE
08-31 21:44:18.407  2462  2462 D DeviceHelper: isScreenOn = true
08-31 21:44:18.408  2462  2462 D [OAR] ShellOverlayBroadcastReceiver: onReceive with ShellOverlayService native pointer 3838408176, action com.oculus.systemactivities.CAPTURE_STATE_UPDATE
08-31 21:44:18.409  2462  2462 I [OAO] ShellOverlayServiceJNI: NativeSendOverlayCommand
08-31 21:44:18.409  1830  1907 I [OAR] ShellApp: 0xcadae340 msg: broadcastIntent:
08-31 21:44:18.409  1830  1907 I [OAR] ShellApp: capture_mode = -1
08-31 21:44:18.409  1830  1907 I [OAR] ShellApp: is_capture_running = false
08-31 21:44:18.409  1830  1907 I [OAR] ShellApp: intent_action = com.oculus.systemactivities.CAPTURE_STATE_UPDATE
08-31 21:44:18.409  1830  1907 I [OAR] ShellApp: is_instant_replay = false
08-31 21:44:18.409  1830  1907 I [OAR] SystemUXController: OnCaptureStateChanged, disk?=0, enabled?=0, instantreplay?=0
08-31 21:44:18.409  2462  2462 I [OAO] ShellOverlayServiceJNI: NativeWake
08-31 21:44:18.409  2462  2462 I [OAO] ShellOverlayMain: WakeVrThread
08-31 21:44:18.409  2462  2462 I [OAO] ShellOverlayMain: WakeVrThread - notifying vr thread
08-31 21:44:18.409  2462  2875 I [OAO] ShellOverlayApp: VrThread woke up
08-31 21:44:18.409  2462  2875 I [OAO] ShellOverlayApp: Flushing Runtime Events
08-31 21:44:18.409  2462  2875 I [OAO] ShellOverlayApp: RuntimeServiceSDKClient: Ignoring event while flushing: PackageChangeEvent : com.oculus.vrshell
08-31 21:44:18.409  1830  1907 I [OAR] SystemUXController: Guardian is paused/suspended thus assuming map needs guardian.
08-31 21:44:18.409  2462  2875 D [OAR] ShellApplication: getForegroundActivityPackageName
08-31 21:44:18.411  1910  1910 I [SUI] AnytimeUIAndroidPanelAppBase: updateVideoCaptureState - false
08-31 21:44:18.412  2462  2875 I [OAO] ShellOverlayApp: Updating the primary client from android directly : com.oculus.vrshell
08-31 21:44:18.412  2462  2875 I [OAO] OverlayFlowController: Primary Client package update : com.oculus.vrshell - lastNonSystemPackageName = 
08-31 21:44:18.412  2462  2875 I [OAO] OverlayFlowController: IsSystemAppPackage for com.oculus.vrshell = 0
08-31 21:44:18.413  2462  2875 I [OAO] OverlayFlowController: Non system primary client change: ready to sleep
08-31 21:44:18.413  2462  2875 I [OAO] OverlayFlowController: Reset
08-31 21:44:18.413  2462  2875 I [OAO] SystemAssistant: OnModeChanged from 1 to 1
08-31 21:44:18.413  2462  2875 I [OAO] SystemAssistant: Assistant panel is not active. Command [hide-attention-instant] could not be sent
08-31 21:44:18.413  2462  2875 I [OAO] DialogController: CloseDialogs() old: 0, pendingUri: systemux://dialog/none, pendingComponent: 
08-31 21:44:18.413  2462  2875 I [OAO] PanelAppHost: PanelAppHost destructor: id 21 com.oculus.systemux/com.oculus.panelapp.anytimeui.AnytimeUIAndroidPanelService
08-31 21:44:18.413  2462  2875 I [OAO] PanelAppHost: Panel app 21 (com.oculus.systemux/com.oculus.panelapp.anytimeui.AnytimeUIAndroidPanelService) changing state from foreground to shutdown
08-31 21:44:18.418  2462  2875 D [OAR] ShellApplication: notify OS to set com.oculus.systemux/com.oculus.panelapp.anytimeui.AnytimeUIAndroidPanelService to BACKGROUND
08-31 21:44:18.419  2462  2875 D [OAR] ShellApplication: Unbinding service for panel app id 21
08-31 21:44:18.423  1830  1907 I [OAR] SystemUXController: Guardian is paused/suspended thus assuming map needs guardian.
08-31 21:44:18.428   695   890 W GraphicBufferSource: Dropped back down to Loaded without Executing
08-31 21:44:18.438  1830  1907 I [OAR] SystemUXController: Guardian is paused/suspended thus assuming map needs guardian.
08-31 21:44:18.443  2087  5168 I VrRuntimeService: nativeDestroyTextureSwapChain 303
08-31 21:44:18.443  2087  5168 I VrRuntimeServer: DestroyTextureSwapChain: 2D_EXTERNAL destroy deferred
08-31 21:44:18.445  2087  2110 I VrRuntimeService: nativeDestroyTextureSwapChain 302
08-31 21:44:18.445  2087  2110 I VrRuntimeServer: DestroyTextureSwapChain: 2D_EXTERNAL destroy deferred
08-31 21:44:18.446  2087  2957 I VrRuntimeService: nativeDestroyTextureSwapChain 301
08-31 21:44:18.447  2087  2957 I VrRuntimeServer: DestroyTextureSwapChain: 2D_EXTERNAL destroy deferred
08-31 21:44:18.448  2462  2875 I [OAO] DialogController: ResetDialog old: 0, activeUri systemux://dialog/none, activeReturnComponent 
08-31 21:44:18.448  2462  2875 I [OAO] SystemTabletController: Reset, reason: 3, taskBarVisibility: 0
08-31 21:44:18.448  2462  2875 I [OAO] SystemDialogController: Reset
08-31 21:44:18.448  2462  2875 I [OAO] DialogControllerManager: Reset
08-31 21:44:18.448  2462  2875 I [OAO] ShellOverlayApp: 0xcada33c8 msg: overlayCommand:
08-31 21:44:18.448  2462  2875 I [OAO] ShellOverlayApp: command = captureStateUpdate
08-31 21:44:18.448  2462  2875 I [OAO] ShellOverlayApp: capture_mode = -1
08-31 21:44:18.448  2462  2875 I [OAO] ShellOverlayApp: is_capture_running = false
08-31 21:44:18.448  2462  2875 I [OAO] ShellOverlayApp: intent_action = com.oculus.systemactivities.CAPTURE_STATE_UPDATE
08-31 21:44:18.448  2462  2875 I [OAO] ShellOverlayApp: is_instant_replay = false
08-31 21:44:18.448  2462  2875 I [OAO] ShellOverlayApp: Process_OverlayCommand command : captureStateUpdate
08-31 21:44:18.448  2462  2875 I [OAO] ShellOverlayApp: captureStateUpdate message received
08-31 21:44:18.448  2462  2875 I [OAO] OverlaySystemUXController: OnCaptureStateChanged, disk?=0, enabled?=0, instantreplay?=0
08-31 21:44:18.448  2462  2875 I [OAO] ShellOverlayApp: VrThread entering waiting state
08-31 21:44:18.451  1830  1907 I [OAR] SystemUXController: Guardian is paused/suspended thus assuming map needs guardian.
08-31 21:44:18.454   695  5661 E OMX-VENC: async_venc_message_thread interrupted to be exited
08-31 21:44:18.457   695  1727 I OMX-VENC: Component Deinit
08-31 21:44:18.462  1910  1910 I CppPanelService: VR Shell socket closed(ECONNRESET); shutting down fd: 57
08-31 21:44:18.462  1910  1910 I CppPanelService: Quitting application via hardExit flag due to unexpected socket closure on fd 57.
08-31 21:44:18.462  1910  1910 I AndroidPanelApp: Destroyed
08-31 21:44:18.462  1910  1910 D [SUI] HostView: Destroying HostView
08-31 21:44:18.462  1910  1910 D [SUI] EmptyView: Hiding EmptyView
08-31 21:44:18.462  1910  1910 D [SUI] EmptyView: Destroying EmptyView
08-31 21:44:18.462  1910  1910 D [SUI] ContentHostView: Destroying ContentHostView
08-31 21:44:18.462  1910  1910 D [SUI] EmptyContentView: Hiding EmptyContentView
08-31 21:44:18.462  1910  1910 D [SUI] EmptyContentView: Destroying EmptyContentView
08-31 21:44:18.463  1910  1910 D [SUI] NavHostView: Destroying NavHostView
08-31 21:44:18.465  1830  1907 I [OAR] SystemUXController: Guardian is paused/suspended thus assuming map needs guardian.
08-31 21:44:18.466  1910  1910 D [SUI] AnytimeUIAndroidPanelAppV2: Releasing viewModel PauseViewModel refCount: 1
08-31 21:44:18.466  1910  1910 D [SUI] AnytimeUIAndroidPanelAppV2: Releasing viewModel SharingViewModel refCount: 0
08-31 21:44:18.466  1910  1910 D [SUI] SharingViewModel: Destroying ViewModel
08-31 21:44:18.466  1910  1910 D [SUI] BarView: Destroying BarView
08-31 21:44:18.466  1910  1910 D [SUI] StatusView: Destroying StatusView
08-31 21:44:18.468  1910  1910 D [SUI] AnytimeUIAndroidPanelAppV2: Releasing viewModel StatusViewModel refCount: 0
08-31 21:44:18.468  1910  1910 D [SUI] StatusViewModel: Destroying ViewModel
08-31 21:44:18.468  1910  1910 D [SUI] SocialViewModel: removePartyObserver(): 
08-31 21:44:18.468  1910  1910 D [SUI] AnytimeUIAndroidPanelAppV2: Releasing viewModel SocialViewModel refCount: 0
08-31 21:44:18.468  1910  1910 D [SUI] SocialViewModel: Destroying ViewModel
08-31 21:44:18.468  1910  1910 D [SUI] AnytimeUIAndroidPanelAppV2: Releasing viewModel BarViewModel refCount: 0
08-31 21:44:18.468  1910  1910 D [SUI] BarViewModel: Destroying BarViewModel
08-31 21:44:18.468  1910  1910 D [SUI] AnytimeUIAndroidPanelAppV2: Releasing viewModel SettingsViewModel refCount: 0
08-31 21:44:18.468  1910  1910 D [SUI] SettingsViewModel: Destroying ViewModel
08-31 21:44:18.473  1910  1910 D [SUI] AnytimeUIAndroidPanelAppV2: Releasing viewModel ProfileViewModel refCount: 0
08-31 21:44:18.473  1910  1910 D [SUI] ProfileViewModel: Destroying ViewModel
08-31 21:44:18.473  1910  1910 D [SUI] AnytimeUIAndroidPanelAppV2: Releasing viewModel PauseViewModel refCount: 0
08-31 21:44:18.473  1910  1910 D [SUI] PauseViewModel: Destroying ViewModel
08-31 21:44:18.473  1779  1779 D MPEG4Writer: Video track stopping
08-31 21:44:18.474  1910  1910 V NotificationDatasetProxy: Removing listener com.oculus.panelapp.anytimeui.v2.bar.BarView{20957eb V.E...... ........ 0,0-774,124}
08-31 21:44:18.474  1779  5664 I MPEG4Writer: Received total/0-length (4019/0) buffers and encoded 4019 frames. - Audio
08-31 21:44:18.474  1779  5664 I MPEG4Writer: Audio track drift time: 0 us
08-31 21:44:18.475  1910  1910 I AndroidPanelApp: destroyed
08-31 21:44:18.476  1910  1910 I AndroidPanelLayer: Destroying presentation for layer "#main".
08-31 21:44:18.477  1779  5665 I MPEG4Writer: Received total/0-length (2759/0) buffers and encoded 2759 frames. - Video
08-31 21:44:18.479  1830  1907 I [OAR] SystemUXController: Guardian is paused/suspended thus assuming map needs guardian.
08-31 21:44:18.492  1062  1508 I DisplayManagerService: Display device removed: DisplayDeviceInfo{"com.oculus.android_panel_app.AndroidPanelLayer-#main": uniqueId="virtual:com.oculus.systemux,10065,com.oculus.android_panel_app.AndroidPanelLayer-#main,0", 774 x 124, modeId 102, defaultModeId 102, supportedModes [{id=102, width=774, height=124, fps=60.0}], colorMode 0, supportedColorModes [0], HdrCapabilities null, density 160, 160.0 x 160.0 dpi, appVsyncOff 0, presDeadline 16666666, touch NONE, rotation 0, type VIRTUAL, state ON, owner com.oculus.systemux (uid 10065), FLAG_PRIVATE, FLAG_NEVER_BLANK, FLAG_OWN_CONTENT_ONLY}
08-31 21:44:18.493  1830  1907 I [OAR] SystemUXController: Guardian is paused/suspended thus assuming map needs guardian.
08-31 21:44:18.495  1910  1910 I AndroidPanelLayer: Destroying presentation for layer "tabletNav".
08-31 21:44:18.507  1830  1907 I [OAR] SystemUXController: Guardian is paused/suspended thus assuming map needs guardian.
08-31 21:44:18.511  2087  3100 E BufferQueueProducer: [SurfaceTexture-250-2087-95] dequeueBuffer: BufferQueue has been abandoned
08-31 21:44:18.511   541   541 I Adreno  : DequeueBuffer: dequeueBuffer failed
08-31 21:44:18.512   541   541 E DisplayDevice: eglSwapBuffers(0x1, 0x7fae438bc0) failed with 0x0000300d
08-31 21:44:18.512  2087  2329 E BufferQueueProducer: [SurfaceTexture-251-2087-96] dequeueBuffer: BufferQueue has been abandoned
08-31 21:44:18.512   541   541 I Adreno  : DequeueBuffer: dequeueBuffer failed
08-31 21:44:18.513   541   541 E DisplayDevice: eglSwapBuffers(0x1, 0x7fae438700) failed with 0x0000300d
08-31 21:44:18.515  2087  5168 E BufferQueueProducer: [SurfaceTexture-252-2087-97] dequeueBuffer: BufferQueue has been abandoned
08-31 21:44:18.515   541   541 I Adreno  : DequeueBuffer: dequeueBuffer failed
08-31 21:44:18.516   541   541 E DisplayDevice: eglSwapBuffers(0x1, 0x7fae47d540) failed with 0x0000300d
08-31 21:44:18.520  2087  2110 E BufferQueueProducer: [SurfaceTexture-250-2087-95] dequeueBuffer: BufferQueue has been abandoned
08-31 21:44:18.520   541   541 I Adreno  : DequeueBuffer: dequeueBuffer failed
08-31 21:44:18.521  1830  1907 I [OAR] SystemUXController: Guardian is paused/suspended thus assuming map needs guardian.
08-31 21:44:18.521   541   541 E DisplayDevice: eglSwapBuffers(0x1, 0x7fae438bc0) failed with 0x0000300d
