08-31 21:44:15.222  6108  6120 D AudioTrack: updateAppOpsPlayAudio: checkOp OP_PLAY_AUDIO for com.YourCompany.HadoukenVR returns: 1 (IGNORED)
08-31 21:44:15.223  6108  6120 E Parcel  : Reading a NULL string not supported here.
08-31 21:44:15.225  1062  1086 D ActivityManager: cleanUpApplicationRecord -- 2632
08-31 21:44:15.236  1830  1830 D [OAR] MainActivity: onResume()
08-31 21:44:15.239  1830  1830 D GatekeeperHelper: GK oc_shellenv_as_default found in cache, value is false
08-31 21:44:15.240  1830  1907 I [OAR] ShellApp: 0xcadae340 msg: resume
08-31 21:44:15.243  2087  4797 I Clocks  : SetSchedFifo( tid=6127, pri=0 ) succeeded
08-31 21:44:15.245  2087  4797 I Clocks  : SetSchedFifo( tid=6163, pri=0 ) succeeded
08-31 21:44:15.247  2087  4797 I Clocks  : SetSchedFifo( tid=6191, pri=0 ) succeeded
08-31 21:44:15.273  1830  1830 D [OAR] MainActivity: com.oculus.vrshell.MainActivity@7753afe surfaceCreated()
08-31 21:44:15.274  1830  1830 I [OAR] ShellMain:     looperMessageQueue->PostPrintf("surfaceCreated 0xe4cd1008")
08-31 21:44:15.274  1830  1830 D [OAR] MainActivity: com.oculus.vrshell.MainActivity@7753afe surfaceChanged() format: 4 width: 2880 height: 1600
08-31 21:44:15.274  1830  1830 I [OAR] ShellMain:     ANativeWindow_release(newNativeWindow)
08-31 21:44:15.274  1830  1907 I [OAR] ShellApp: 0xcadae340 msg: surfaceCreated 0xe4cd1008
08-31 21:44:15.274  1830  1907 I [OAR] ShellApp: ---------- ShellApp::EnterVrMode() ----------
08-31 21:44:15.274  1830  1907 I [OAR] VrPlatformVrApi: Setting clock levels to cpu=2, gpu=4
08-31 21:44:15.274  1830  1907 W VrApi   : vrapi_SetClockLevels: ovr == nullptr
08-31 21:44:15.274  1830  1907 I [OAR] VrPlatformVrApi: Setting perf thread tids to main=1907, render=unset
08-31 21:44:15.274  1830  1907 W VrApi   : vrapi_SetPerfThread: ovr == nullptr
08-31 21:44:15.274  1830  1907 I [OAR] VrPlatformVrApi: vrapi_EnterVrMode()
08-31 21:44:15.274  1830  1907 I VrApi   : ---------- vrapi_EnterVrMode [start] ----------
08-31 21:44:15.274  1830  1907 I VrRuntimeClient: Tracing is disabled
08-31 21:44:15.275  1830  1907 D VrApi   : targetSDKVersion 27
08-31 21:44:15.278  1830  1907 I VrRuntimeClient: DEVICE MODEL NUMBER = Quest
08-31 21:44:15.278  1830  1907 I VrRuntimeClient: DEVICE HARDWARE = monterey
08-31 21:44:15.278  1830  1907 I VrRuntimeClient: DEVICE BUILD NAME = user-821490.13210.0
08-31 21:44:15.278  1830  1907 I VrRuntimeClient: DEVICE BUILD TYPE = user
08-31 21:44:15.278  1830  1907 I VrRuntimeClient: DEVICE OS VERSION = 7.1.1
08-31 21:44:15.278  1830  1907 I VrRuntimeClient: VRRUNTIME VERSION = VRAPI_VERSION_BEGIN { 1.1.36.0-231192296-231192296 Jul 14 2020 04:12:51 Development } RELEASE
08-31 21:44:15.278  1830  1907 I VrRuntimeClient: API LOADER VERSION = 1.1.34.0
08-31 21:44:15.278  1830  1907 I VrRuntimeClient: VRDRIVER VERSION = 19.0.0.341.531
08-31 21:44:15.278  1830  1907 I VrRuntimeClient: APP NAME = Oculus App Runtime
08-31 21:44:15.278  1830  1907 I VrRuntimeClient: APP VERSION = 19.0.0.341.531 versionCode 231192412 internalVersionName 19.0.0.341.531.4f43f5d0dcef 2020_07_14_04_29
08-31 21:44:15.278  1830  1907 I VrRuntimeClient: APP VR TYPE = vr_only
08-31 21:44:15.278  1830  1907 I VrRuntimeClient: APP MODE TYPE = <none>
08-31 21:44:15.278  1830  1907 I VrRuntimeClient: APP PACKAGE NAME = com.oculus.vrshell
08-31 21:44:15.278  1830  1907 I VrRuntimeClient: APP ACTIVITY CLASS = com.oculus.vrshell.MainActivity
08-31 21:44:15.278  1830  1907 D BatteryReceiver: Registering battery receiver
08-31 21:44:15.280  1830  1907 D HeadsetReceiver: getCurrentHeadsetState: false
08-31 21:44:15.280  1830  1907 I DeviceStatus_Android: nativeHeadsetEvent(0)
08-31 21:44:15.282  1830  1907 I VrRuntimeClient: DEADRECKONING SetControllerTrackingExtendedDeadreckoning 0
08-31 21:44:15.282  1830  1907 D InputHooksJava: Enabling Java Input Hooks
08-31 21:44:15.283  1830  1907 I InputDeviceManager: ovrInputDeviceManager::Initialize
08-31 21:44:15.283  1830  1907 I InputDeviceManager: HANDTRACKING packagename is com.oculus.vrshell
08-31 21:44:15.285  1830  1907 I InputDeviceManager: HANDTRACKING: Manifest Permission request for com.oculus.vrshell
08-31 21:44:15.286  1830  1907 I InputDeviceManager: HANDTRACKING:  'com.oculus.vrshell' Is hands or controller.
08-31 21:44:15.286  1830  1907 I InputDeviceManager: HANDTRACKING: feature flag set to 2
08-31 21:44:15.286  1830  1907 I VrRuntimeClient: HANDTRACKING sethandmanifest 2
08-31 21:44:15.289  2087  3100 I ScreenCaptureBase: GlobalInhibitState=0
08-31 21:44:15.289  1830  1907 D TrackingServiceConnectionNative: onClientConnect
08-31 21:44:15.289  1830  1907 D BinderConnection: Connecting to TrackingService
08-31 21:44:15.290  1830  1907 D TrackingServiceConnectionNative: onConnected
08-31 21:44:15.291   717   830 I TrackingService: TrackingService::getSharedMemoryFileDescriptor
08-31 21:44:15.291  1830  1907 I TrackingServiceClient: OVR::TrackingService::ClientSetInterface
08-31 21:44:15.291  1830  1907 I TrackingServiceClient: TrackingService client: roFd(126)
08-31 21:44:15.291  1830  1907 I TrackingServiceClient: TrackingService client: connected to interface version 12.
08-31 21:44:15.291  1830  1907 I TrackingServiceClient: TrackingService client: last prediction time is 0.004725 seconds old
08-31 21:44:15.291  1830  1907 I TrackingServiceClient: TrackingService client: provided by pid=717
08-31 21:44:15.292   717   717 I TrackingService: TrackingService::registerClient
08-31 21:44:15.292   717   717 I TrackingService: Registering client with TrackingServiceHost
08-31 21:44:15.293   717   717 I TrackingService: Notifying client pid 1830 of new remote bff03cf417d44a2a
08-31 21:44:15.293   717   717 I TrackingService: Notifying client pid 1830 of new remote 4a1afe45dae264bb
08-31 21:44:15.293   717   717 I TrackingService: TrackingServiceHost GetSharedMemoryFileDescriptor for client pid 1830
08-31 21:44:15.293   717   717 I TrackingService: TrackingServiceHost registered common client; there are 0 secure clients
08-31 21:44:15.293  1830  1907 I TrackingServiceClient: ClientConnectComplete
08-31 21:44:15.293  1830  1907 I VrApi   : ovrModeParms::VRAPI_MODE_FLAG_RESET_WINDOW_FULLSCREEN = 1
08-31 21:44:15.293  1830  1907 I VrApi   : ovrModeParms::VRAPI_MODE_FLAG_NATIVE_WINDOW = 1
08-31 21:44:15.293  1830  1907 I VrApi   : ovrModeParms::VRAPI_MODE_FLAG_FRONT_BUFFER_PROTECTED = 0
08-31 21:44:15.293  1830  1907 I VrApi   : ovrModeParms::VRAPI_MODE_FLAG_FRONT_BUFFER_565 = 0
08-31 21:44:15.293  1830  1907 I VrApi   : ovrModeParms::VRAPI_MODE_FLAG_FRONT_BUFFER_SRGB = 1
08-31 21:44:15.293  1830  1907 I VrApi   : ovrModeParms::VRAPI_MODE_FLAG_CREATE_CONTEXT_NO_ERROR = 0
08-31 21:44:15.293  1830  1907 I VrApi   : ovrModeParms::VRAPI_MODE_FLAG_PHASE_SYNC = 0
08-31 21:44:15.293  1830  1907 I VrApi   : ovrModeParms::VRAPI_MODE_FLAG_APP_SPACE_WARP = 0
08-31 21:44:15.293  1830  1907 I VrRuntimeClient: SetPhaseSyncMode 0
08-31 21:44:15.293  1830  1907 I VrApi   : PhaseSync disabled
08-31 21:44:15.293  1830  1907 I VrApi   : HMD sensor attached.
08-31 21:44:15.295  1830  1907 I DynamicClocks: cpu-freq(0): 979200Hz
08-31 21:44:15.295  1830  1907 I DynamicClocks: cpu-freq(1): 1344000Hz
08-31 21:44:15.295  1830  1907 I DynamicClocks: cpu-freq(2): 1651200Hz
08-31 21:44:15.295  1830  1907 I DynamicClocks: cpu-freq(3): 1958400Hz
08-31 21:44:15.295  1830  1907 I DynamicClocks: cpu-freq(4): 2304000Hz
08-31 21:44:15.295  1830  1907 I DynamicClocks: gpu-freq(0): 257000000Hz
08-31 21:44:15.295  1830  1907 I DynamicClocks: gpu-freq(1): 342000000Hz
08-31 21:44:15.295  1830  1907 I DynamicClocks: gpu-freq(2): 414000000Hz
08-31 21:44:15.295  1830  1907 I DynamicClocks: gpu-freq(3): 515000000Hz
08-31 21:44:15.295  1830  1907 I DynamicClocks: gpu-freq(4): 670000000Hz
08-31 21:44:15.295  1830  1907 I DynamicClocks: gpu-freq(5): 710000000Hz
08-31 21:44:15.296  1830  1907 D VrRuntimeClient: pokeGuardianUserServiceForThisClient: com.oculus.vrshell:10024
08-31 21:44:15.299  1830  1907 D VrRuntimeClient: VrRuntimeClient: enableRendering: activity client
08-31 21:44:15.299  1830  1907 D VrRuntimeClient: VrRuntimeClient: enableRendering: Using clientWindow=android.os.BinderProxy@fc99c9d
08-31 21:44:15.299  2087  2110 D VrRuntimeService: this client: 1830:com.oculus.vrshell
08-31 21:44:15.299  2087  2110 D VrRuntimeService: enableRendering: clientWindow: android.os.BinderProxy@86d2ce2 enable: true
08-31 21:44:15.299  2087  2110 I ClientMgr: ClientMgr::EnableRendering 1830:com.oculus.vrshell : type 0 : enable
08-31 21:44:15.299  2087  2110 I TimeWarp: CheckDebuggerConnected: debugger 0
08-31 21:44:15.299  1830  1907 I VrRuntimeClient: CreateWarp: ImportGles: Fd=74, BufferSize=4096, AllocSize=9028
08-31 21:44:15.299  1830  1907 I VrRuntimeClient: CreateWarp: ImportGles: bo.Gl.BufferId=119, bo.Gl.MemoryObject=13
08-31 21:44:15.300  2149  2149 D VrGuardianUserService: onStartCommandIntent { act=FOREGROUND_CLIENT cmp=com.oculus.systemdriver/com.oculus.vrguardianservice.VrGuardianUserService (has extras) }
08-31 21:44:15.302  2087  2294 I ClientMgr: Non-overlay clients rendering status has changed: prev=61, curr=62, enabled=2
08-31 21:44:15.302  1779  1779 I OVRMediaService: onStartCommand Received message type: set_package_name, caller package: no_app_identity
08-31 21:44:15.303  1830  1907 I ScreenCaptureHelper: Advertising com.oculus.vrshell as streamable
08-31 21:44:15.303  2087  2294 D VrRuntimeService: getForegroundClientId: foreground package com.oculus.vrshell uid 10024
08-31 21:44:15.304  2087  2294 D VrRuntimeService: getForegroundClientId: found client: com.oculus.vrshell id: 1 uid: 10024
08-31 21:44:15.304  2087  2294 I ClientMgr: GetForegroundClientId: 1
08-31 21:44:15.304  2087  2294 I ClientMgr: Primary client determined to be foreground client: com.oculus.vrshell.
08-31 21:44:15.304  2087  2294 I ClientMgr: Setting Primary Client to 1
08-31 21:44:15.304  2087  2294 I ClientMgr: Primary Client ID changed
08-31 21:44:15.304  2087  2294 W ClientMgr: ClientMgr::GetClientPermissionFlagsById: Client missing proper permissions: com.oculus.vrshell, 2
08-31 21:44:15.304  2087  2294 I ClientMgr: ClientMgr::SetPrimaryCompositorClient: com.oculus.vrshell
08-31 21:44:15.304  2087  2294 I VrRuntimeServer: CreateCompositorClient client(0): layer placement(0): 0x7f88261010
08-31 21:44:15.304  2087  2294 I InputManager: InputManager::SetPrimaryPackageName 'com.oculus.vrshell' 'com.oculus.vrshell'
08-31 21:44:15.304  2087  2294 I VrRuntimeService: SendPrimaryPackageChangeEvent: PostClientEvent SUCCESS: com.oculus.vrshell:com.oculus.vrshell:Overlay:2462, com.oculus.vrshell
08-31 21:44:15.304  2087  2294 I VrRuntimeService: SendPrimaryPackageChangeEvent: PostClientEvent SUCCESS: com.oculus.systemdriver:com.oculus.vrguardianservice:2149, com.oculus.vrshell
08-31 21:44:15.304  2087  2294 I AADT    : SetAADTLutDataX: 0
08-31 21:44:15.304  2087  2294 I AADT    : SetAADTLutDataY: 0
08-31 21:44:15.304  2087  2294 I InputManager: DEADRECKONING deadReckoning mode on ClientMgr from server is 0
08-31 21:44:15.304  2087  2294 I VrRuntimeServer: CreateCompositorClient client(2): layer placement(2): 0x7f759f5be0
08-31 21:44:15.311  2087  4797 I AADT    : SetAADTLutDataX. Thread. SizeX: 0
08-31 21:44:15.311  2087  4797 I AADT    : SetAADTLutDataY. Thread. SizeY: 0
08-31 21:44:15.317  1779  1779 I OVRMediaService: Got package name intent (com.oculus.vrshell)
08-31 21:44:15.317  1779  1779 I OVRMediaServiceManager: Sending onAppStart (com.oculus.vrshell) to PlatformPluginManager
08-31 21:44:15.318  1830  1907 I VrApi   : OVR::Stats thread started
08-31 21:44:15.318  1830  1907 I VrApi   : ---------- vrapi_EnterVrMode [end] ----------
08-31 21:44:15.318  1830  1907 I ClientInputSettings: SetInhibitHandleHomeKey = true
08-31 21:44:15.318  1830  1907 I ClientInputSettings: InhibitConfirmQuitMenu = true
08-31 21:44:15.318  1830  1907 I ClientInputSettings: ReorientHMDOnControllerRecenter = true
08-31 21:44:15.318  1830  1907 I [OAR] Compositor: Initializing Compositor: 1216x1344
08-31 21:44:15.318  1830  1907 I [OAR] ShellApp: FramebufferIsSrgb: true
08-31 21:44:15.319  1830  1907 I libOpenSLES: Emulating old channel mask behavior (ignoring positional mask 0x3, using default mask 0x3 based on channel count of 2)
08-31 21:44:15.319   542  1202 I AudioPolicyManagerCustom: offload disabled by audio.offload.disable=1
08-31 21:44:15.319   542  1202 I AudioPolicyManagerCustom: Direct PCM is disabled for this request
08-31 21:44:15.320   542   542 W AudioFlinger: createTrack_l(): mismatch between requested flags (00000104) and output flags (00000006)
08-31 21:44:15.322  1830  1907 D AudioTrack: Client defaulted notificationFrames to 192 for frameCount 384
08-31 21:44:15.328  2087  2087 D VrRuntimeService: onFocusedWindowChanged: focusedWindowToken=android.os.BinderProxy@86d2ce2, focusedWindowUid=10024
08-31 21:44:15.328  2087  2087 D VrRuntimeService: onFocusedWindowChanged: top window's client already enabled
08-31 21:44:15.328  2087  2087 I ClientMgr: FocusedClient ID changed
08-31 21:44:15.328  2087  2087 I ClientMgr: ClientMgr::SetFocusedClient: 1830:com.oculus.vrshell type 0
08-31 21:44:15.329  2382  2382 D onBind  : Bound Intent { cmp=com.oculus.ovrmonitormetricsservice/.MetricsService }
08-31 21:44:15.332  1830  1907 D AudioTrack: updateAppOpsPlayAudio: checkOp OP_PLAY_AUDIO for com.oculus.vrshell returns: 0 (ALLOWED)
08-31 21:44:15.335   542   582 W AudioFlinger: checkEffectCompatibility_l(): non HW effect Volume listener for Music on playback thread in fast mode
08-31 21:44:15.335   542   582 E AudioEffect: set(): AudioFlinger could not create effect, status: -22
08-31 21:44:15.336   542   582 E AudioPolicyEffects: addOutputSessionEffects(): failed to create Fx  music_helper on session 449
08-31 21:44:15.337  1830  1907 D [OAR] ShellApplication: requestAudioFocus, transientFocus=false
08-31 21:44:15.338  1062  1518 I MediaFocusControl:  AudioFocus  requestAudioFocus() from uid/pid 10024/1830 clientId=android.media.AudioManager@7e82ed1com.oculus.vrshell.ShellAudioFocusHandler@2c5cd36 req=1 flags=0x0
08-31 21:44:15.339  1830  1907 I [OAR] AudioSystem: Got audio focus : 1
08-31 21:44:15.339  1830  1907 I [OAR] VrShellDesktopBase: Foreground desktop
08-31 21:44:15.339  1830  1907 I [OAR] SystemUXController: Recentering for launch - SystemDialog, com.YourCompany.HadoukenVR, com.YourCompany.HadoukenVR/com.epicgames.ue4.GameActivity
08-31 21:44:15.339  1830  1907 I [OAR] LocalSpace: ResetNextFrame
08-31 21:44:15.339  1830  1907 I [OAR] GuardianController: auiPanel == nullptr
08-31 21:44:15.340  1830  1907 I [OAR] SystemAssistant: OnModeChanged from 3 to 1
08-31 21:44:15.340  1830  1907 I [OAR] InputManager: Adding controller deviceId = 536870914 type = 4
08-31 21:44:15.341  1779  5252 I OVRPlatform: [CapturedAudioRenderer] Lazy create buffer trackID 449, size 48000
08-31 21:44:15.341  1830  6215 D VrApi   : targetSDKVersion 27
08-31 21:44:15.342  1830  1907 I [OAR] InputManager: Adding controller deviceId = 536870915 type = 4
08-31 21:44:15.344  1830  1907 I [OAR] InputManager: Switching Primary controller due to vrapi
08-31 21:44:15.345  1830  1907 I [OAR] InputManager: Secondary input source selection id=536870915
08-31 21:44:15.345  1830  1907 I [OAR] RouteInput: New inputState.cursorTraceSource: 1
08-31 21:44:15.345  1830  1907 I [OAR] LocalSpace: Reset - initialRawFromLocalPose: quat(0.023805, -0.408603, -0.026678, 0.912012), translation(1.306963, 0.470868, 1.283020)
08-31 21:44:15.345  1830  1907 I [OAR] LocalSpace: Applying VRAPI Reorient
08-31 21:44:15.345  2087  2355 I VrRuntimeService: RuntimeServiceSDKServer::RecenterLocalSpace
08-31 21:44:15.345  2087  2355 I VrRuntimeServer: UpdateLocalSpace: Src: 2, Version: 17, VersionUser: 1, RawFloorHeightOld: -1.675000, RawFloorHeightNew: -1.675000
08-31 21:44:15.345  1830  6215 I JniUtils: ovr_GetCurrentPackageSignature 
08-31 21:44:15.345  1830  1907 I [OAR] LocalSpace: New Space: quat(0.006132, 0.000221, -0.036078, 0.999330), translation(0.000000, 2.149611, 0.000000) - Prior Space: quat(0.010804, 0.000368, -0.034083, 0.999361), translation(0.000000, 2.145868, 0.000000)
08-31 21:44:15.357  1830  1907 I [OAR] DialogControllerManager: ShowDialog
08-31 21:44:15.357  1830  1907 I [OAR] DialogControllerManager: Previous pending dialog: type: 0, uri "systemux://dialog/none", return component: "", return activity component: ""
08-31 21:44:15.358  1830  6215 I Metrics : device name = Oculus Quest
08-31 21:44:15.358  1830  6216 I [OAR] AudioEngine: PlayTimeOffset = 1833.721217
08-31 21:44:15.360  1830  1907 I [OAR] DialogControllerManager: New pending dialog: type: 12, uri "systemux://dialog/exit", return component: "com.YourCompany.HadoukenVR", return activity component: "com.YourCompany.HadoukenVR/com.epicgames.ue4.GameActivity"
08-31 21:44:15.360  1830  1907 I [OAR] DialogControllerManager: Dialog change detected; updating dialog UI.
08-31 21:44:15.360  1830  1907 I [OAR] DialogControllerManager: Old dialog: type: 0, uri "systemux://dialog/none", return component: "", return activity component: ""
08-31 21:44:15.360  1830  1907 I [OAR] DialogControllerManager: New dialog: type: 12, uri "systemux://dialog/exit", return component: "com.YourCompany.HadoukenVR", return activity component: "com.YourCompany.HadoukenVR/com.epicgames.ue4.GameActivity"
08-31 21:44:15.360  1830  1907 D [OAR] ShellApplication: requestAudioFocus, transientFocus=false
08-31 21:44:15.361  1062  1474 I MediaFocusControl:  AudioFocus  requestAudioFocus() from uid/pid 10024/1830 clientId=android.media.AudioManager@7e82ed1com.oculus.vrshell.ShellAudioFocusHandler@2c5cd36 req=1 flags=0x0
08-31 21:44:15.362  1830  1907 I [OAR] DialogControllerManager: Got Audio Focus : 1
08-31 21:44:15.362  1830  1907 I [OAR] DialogControllerManager: LaunchData: systemux://dialog/exit
08-31 21:44:15.362  1830  1907 I [OAR] CommonSystemDialog: Unable to find common dialog for systemux route "EXIT_TO_HOME(systemux://dialog/exit)".
08-31 21:44:15.362  1830  1907 I [OAR] SystemDialogDefinition: Unable to find system dialog definition for dialog URI "systemux://dialog/exit".
08-31 21:44:15.362  1830  1907 I [OAR] SystemDialogController: HideVrShellDialog
08-31 21:44:15.362  1830  1907 D [OAR] PanelAppConfigurationUtil: Retrieving panel configuration for com.oculus.systemux - com.oculus.panelapp.anytimeui.AnytimeUIAndroidPanelService
08-31 21:44:15.363  1830  1907 I [OAR] ShellApp: CreatePanelApp( com.oculus.systemux/com.oculus.panelapp.anytimeui.AnytimeUIAndroidPanelService )
08-31 21:44:15.363  1830  1907 I [OAR] ShellApp: Environment:
08-31 21:44:15.363  1830  1907 I [OAR] Gatekeepers: Not passing to SystemUX GK oculus_vrshell_multiapp_rollout:true - Not registered
08-31 21:44:15.363  1830  1907 I [OAR] Gatekeepers: Not passing to SystemUX GK oculus_quest_infinite_office_platform:false
08-31 21:44:15.363  1830  1907 I [OAR] Gatekeepers: Not passing to SystemUX GK oculus_vrshell_enable_social_octv:false
08-31 21:44:15.363  1830  1907 I [OAR] Gatekeepers: Passing to SystemUX GK oculus_vrshell_core_tv_button:true
08-31 21:44:15.363  1830  1907 I [OAR] Gatekeepers: Not passing to SystemUX GK oculus_vrshell_system_voip_passthrough:true - Not registered
08-31 21:44:15.363  1830  1907 I [OAR] Gatekeepers: Not passing to SystemUX GK oculus_mobile_sysux_unified_dialogs_v9:true - Not registered
08-31 21:44:15.363  1830  1907 I [OAR] Gatekeepers: Passing to SystemUX GK oc_social_h1_2020_mobile_sharing_updates:true
08-31 21:44:15.364  1830  1907 I [OAR] Gatekeepers: Not passing to SystemUX GK oculus_vrshell_enable_social_video:false
08-31 21:44:15.364  1830  1907 I [OAR] Gatekeepers: Not passing to SystemUX GK oculus_show_home_refresh:false
08-31 21:44:15.364  1830  1907 I [OAR] Gatekeepers: Not passing to SystemUX GK oculus_vrshell_core_go_retaildemo:false
08-31 21:44:15.364  1830  1907 I [OAR] Gatekeepers: Not passing to SystemUX GK oculus_mobile_settings_controller_effects:false
08-31 21:44:15.364  1830  1907 I [OAR] Gatekeepers: Not passing to SystemUX GK oculus_vrshell_multiapp_public:true - Not registered
08-31 21:44:15.364  1830  1907 I [OAR] Gatekeepers: Not passing to SystemUX GK oculus_mobile_auiv2_rollout:false
08-31 21:44:15.364  1830  1907 I [OAR] Gatekeepers: Not passing to SystemUX GK oculus_vrshell_custom_panel_distance:true - Not registered
08-31 21:44:15.364  1830  1907 I [OAR] Gatekeepers: Not passing to SystemUX GK oculus_vrshell_launch_checks:true - Not registered
08-31 21:44:15.364  1830  1907 I [OAR] Gatekeepers: Passing to SystemUX GK oculus_messenger_quick_chat_dialog:true
08-31 21:44:15.364  1830  1907 I [OAR] Gatekeepers: Passing to SystemUX GK oculus_profile_biography:true
08-31 21:44:15.364  1830  1907 I [OAR] Gatekeepers: Not passing to SystemUX GK oculus_vrshell_anytimeui_invite_via_social_dialog:true - Not registered
08-31 21:44:15.364  1830  1907 I [OAR] Gatekeepers: Not passing to SystemUX GK oculus_vrshell_anytimeui_v2_opt_in_november:false
08-31 21:44:15.364  1830  1907 I [OAR] Gatekeepers: Passing to SystemUX GK oculus_developer:true
08-31 21:44:15.364  1830  1907 I [OAR] Gatekeepers: Not passing to SystemUX GK oculus_party_public_parties_master:false
08-31 21:44:15.364  1830  1907 I [OAR] Gatekeepers: Not passing to SystemUX GK oculus_social_panel_v2_strangers_settings:true - Not registered
08-31 21:44:15.364  1830  1907 I [OAR] Gatekeepers: Passing to SystemUX GK oculus_vrshell_anytimeui_living_room_badge:true
08-31 21:44:15.364  1830  1907 I [OAR] Gatekeepers: Not passing to SystemUX GK oculus_profile_presence_privacy:false
08-31 21:44:15.364  1830  1907 I [OAR] Gatekeepers: Passing to SystemUX GK oculus_mobile_pause_screenshot_enabled:true
08-31 21:44:15.364  1830  1907 I [OAR] Gatekeepers: Not passing to SystemUX GK oculus_browser_multi_panel:false
08-31 21:44:15.364  1830  1907 I [OAR] Gatekeepers: Not passing to SystemUX GK oculus_mobile_instant_replay:false
08-31 21:44:15.364  1830  1907 I [OAR] Gatekeepers: Passing to SystemUX GK oculus_vrshell_anytimeui_v2_social:true
08-31 21:44:15.364  1830  1907 I [OAR] Gatekeepers: Not passing to SystemUX GK oculus_mobile_auiv2_rollout_v17:false
08-31 21:44:15.364  1830  1907 I [OAR] Gatekeepers: Not passing to SystemUX GK oculus_vrshell_always_use_return_component:false
08-31 21:44:15.364  1830  1907 I [OAR] Gatekeepers: Not passing to SystemUX GK oculus_mobile_settings_env_picker_bypass_qe:true - Not registered
08-31 21:44:15.364  1830  1907 I [OAR] Gatekeepers: Not passing to SystemUX GK oculus_enable_guardian_on_screen_capture:false
08-31 21:44:15.364  1830  1907 I [OAR] Gatekeepers: Not passing to SystemUX GK oculus_vr_group_launch_from_parties:false
08-31 21:44:15.364  1830  1907 I [OAR] Gatekeepers: Passing to SystemUX GK oculus_party_joinable_toggle_aui:true
08-31 21:44:15.364  1830  1907 I [OAR] Gatekeepers: Not passing to SystemUX GK oculus_vrshell_anytimeui_passthrough_button:false
08-31 21:44:15.364  1830  1907 I [OAR] Gatekeepers: Not passing to SystemUX GK oculus_vrshell_enable_vrcast:true - Not registered
08-31 21:44:15.364  1830  1907 I [OAR] Gatekeepers: Not passing to SystemUX GK oculus_bugreporter_v2_enabled:false
08-31 21:44:15.364  1830  1907 I [OAR] Gatekeepers: Not passing to SystemUX GK oculus_notifications_auto_category_selection:false
08-31 21:44:15.364  1830  1907 I [OAR] Gatekeepers: Not passing to SystemUX GK oculus_party_kick:false
08-31 21:44:15.364  1830  1907 I [OAR] Gatekeepers: Passing to SystemUX GK oculus_quest_profile_sharing:true
08-31 21:44:15.364  1830  1907 I [OAR] Gatekeepers: Not passing to SystemUX GK oculus_notifs_headset_prefs_v9:true - Not registered
08-31 21:44:15.364  1830  1907 I [OAR] Gatekeepers: Not passing to SystemUX GK oc_auiv2_social_view_apk:false
08-31 21:44:15.364  1830  1907 I [OAR] Gatekeepers: Not passing to SystemUX GK oculus_gallery_browser_redirect_deprecation:false
08-31 21:44:15.364  1830  1907 I [OAR] Gatekeepers: Not passing to SystemUX GK oculus_mobile_auiv2_react_library:false
08-31 21:44:15.364  1830  1907 I [OAR] Gatekeepers: Not passing to SystemUX GK oculus_vrshell_capsense_hands:true - Not registered
08-31 21:44:15.364  1830  1907 I [OAR] Gatekeepers: Not passing to SystemUX GK oculus_mobile_settings_application_manager:true - Not registered
08-31 21:44:15.364  1830  1907 I [OAR] Gatekeepers: Not passing to SystemUX GK oculus_mobile_settings_hand_tracking:true - Not registered
08-31 21:44:15.364  1830  1907 I [OAR] Gatekeepers: Not passing to SystemUX GK oculus_vrshell_capsense_controllers:true - Not registered
08-31 21:44:15.364  1830  1907 I [OAR] Gatekeepers: Not passing to SystemUX GK oculus_mobile_sysux_bug_reporter:false
08-31 21:44:15.364  1830  1907 I [OAR] Gatekeepers: Passing to SystemUX GK oculus_vrshell_anytimeui_v2_profile:true
08-31 21:44:15.364  1830  1907 I [OAR] Gatekeepers: Not passing to SystemUX GK oculus_vrshell_anytimeui_v2_social_guided_actions:false
08-31 21:44:15.364  1830  1907 I [OAR] Gatekeepers: Not passing to SystemUX GK oculus_browser_raw_key_events:false
08-31 21:44:15.364  1830  1907 I [OAR] Gatekeepers: Not passing to SystemUX GK oculus_vrshell_overlays_v2_enabled:true - Not registered
08-31 21:44:15.364  1830  1907 I [OAR] Gatekeepers: Not passing to SystemUX GK oc_enable_social_platform_parties:false
08-31 21:44:15.364  1830  1907 I [OAR] Gatekeepers: Not passing to SystemUX GK oc_enable_socialplatform_mediaupload_without_infra:false
08-31 21:44:15.364  1830  1907 I [OAR] Gatekeepers: Passing to SystemUX GK oculus_party_block_members:true
08-31 21:44:15.364  1830  1907 I [OAR] Gatekeepers: Not passing to SystemUX GK oc_enable_social_platform_media_uploader:false
08-31 21:44:15.364  1830  1907 I [OAR] Gatekeepers: Not passing to SystemUX GK vr_messenger_service_socialplatform_infra_package:false
08-31 21:44:15.364  1830  1907 I [OAR] Gatekeepers: Not passing to SystemUX GK oculus_anytimeui_brightness_settings_slider_quest:false
08-31 21:44:15.364  1830  1907 I [OAR] Gatekeepers: Not passing to SystemUX GK oculus_video_enable_early_frame_release:false
08-31 21:44:15.364  1830  1907 I [OAR] Gatekeepers: Not passing to SystemUX GK oculus_social_platform_content_provider:false
08-31 21:44:15.364  1830  1907 I [OAR] Gatekeepers: Not passing to SystemUX GK oculus_mobile_home_js_bundle_qa_only:false
08-31 21:44:15.364  1830  1907 I [OAR] Gatekeepers: Not passing to SystemUX GK vr_messenger_service_enable_social_apk:false
08-31 21:44:15.364  1830  1907 I [OAR] Gatekeepers: Not passing to SystemUX GK oculus_mobile_sysux_lightweight_releases:true - Not registered
08-31 21:44:15.364  1830  1907 I [OAR] Gatekeepers: Not passing to SystemUX GK oculus_vrshell_enable_hands_tutorial_upsell:false
08-31 21:44:15.364  1830  1907 I [OAR] Gatekeepers: Passing to SystemUX GK oculus_social_party_fb_upsell:true
08-31 21:44:15.364  1830  1907 I [OAR] Gatekeepers: Not passing to SystemUX GK oculus_auiv2_dim_panels_on_focus:true - Not registered
08-31 21:44:15.364  1830  1907 I [OAR] Gatekeepers: Passing to SystemUX GK oculus_auiv2_default_tablet_hidden:true
08-31 21:44:15.364  1830  1907 I [OAR] Gatekeepers: Not passing to SystemUX GK oculus_mobile_search_aui_search_removal:false
08-31 21:44:15.364  1830  1907 I [OAR] Gatekeepers: Not passing to SystemUX GK oc_shellenv_as_default:false
08-31 21:44:15.364  1830  1907 I [OAR] Gatekeepers: Not passing to SystemUX GK oculus_party_show_speaking_indicators:false
08-31 21:44:15.364  1830  1907 I [OAR] Gatekeepers: Not passing to SystemUX GK oculus_vrshell_multiapp:false
08-31 21:44:15.364  1830  1907 I [OAR] Gatekeepers: Not passing to SystemUX GK oculus_vrshell_anytimeui_v2_enabled:false
08-31 21:44:15.364  1830  1907 I [OAR] Gatekeepers: Passing to SystemUX GK oculus_parties_message_button:true
08-31 21:44:15.364  1830  1907 I [OAR] Gatekeepers: Not passing to SystemUX GK oculus_auiv2_dismiss_tablet_on_external_action:true - Not registered
08-31 21:44:15.364  1830  1907 I [OAR] Gatekeepers: Not passing to SystemUX GK oculus_hands_drawing_roomscale_guardian:true - Not registered
08-31 21:44:15.364  1830  1907 I [OAR] Gatekeepers: Passing to SystemUX GK oculus_parties_join_button:true
08-31 21:44:15.364  1830  1907 I [OAR] Gatekeepers: Not passing to SystemUX GK oculus_video_enable_audio_virtualization:true - Not registered
08-31 21:44:15.364  1830  1907 I [OAR] Gatekeepers: Not passing to SystemUX GK oculus_vrshell_keyboard_transcription:false
08-31 21:44:15.364  1830  1907 I [OAR] Gatekeepers: Not passing to SystemUX GK oculus_vrshell_package_installer:false
08-31 21:44:15.364  1830  1907 I [OAR] Gatekeepers: Not passing to SystemUX GK oculus_notifications_stateful_vr_feed:false
08-31 21:44:15.364  1830  1907 I [OAR] Gatekeepers: Passing to SystemUX GK oculus_mobile_pause_invite_enabled:true
08-31 21:44:15.364  1830  1907 I [OAR] Gatekeepers: Not passing to SystemUX GK oculus_mobile_auiv2_rollout_v18:false
08-31 21:44:15.364  1830  1907 I [OAR] Gatekeepers: Not passing to SystemUX GK oculus_vrshell_input_japanese_keyboard:true - Not registered
08-31 21:44:15.364  1830  1907 I [OAR] Gatekeepers: Not passing to SystemUX GK oculus_vrshell_force_60_video_at_72:false
08-31 21:44:15.364  1830  1907 I [OAR] Gatekeepers: Passing to SystemUX GK oculus_mobile_settings_release_process:true
08-31 21:44:15.364  1830  1907 I [OAR] Gatekeepers: Not passing to SystemUX GK oculus_mobile_feed_defaulting_enabled:true - Not registered
08-31 21:44:15.364  1830  1907 I [OAR] Gatekeepers: Not passing to SystemUX GK oculus_vrshell_force_30_video_at_72:false
08-31 21:44:15.364  1830  1907 I [OAR] Gatekeepers: Not passing to SystemUX GK oculus_library_show_disabled_apps:false
08-31 21:44:15.364  1830  1907 I [OAR] Gatekeepers: Passing to SystemUX GK oculus_mobile_pause_videoshot_enabled:true
08-31 21:44:15.364  1830  1907 I [OAR] Gatekeepers: Not passing to SystemUX GK oculus_quest_playspace_scan:true - Not registered
08-31 21:44:15.364  1830  1907 I [OAR] Gatekeepers: Not passing to SystemUX GK oculus_ota_twix:false
08-31 21:44:15.364  1830  1907 I [OAR] Gatekeepers: Not passing to SystemUX GK oculus_is_trusted_user:false
08-31 21:44:15.364  1830  1907 I [OAR] Gatekeepers: Not passing to SystemUX GK oculus_vrshell_enable_social_platform_app_routing:true - Not registered
08-31 21:44:15.364  1830  1907 I [OAR] Gatekeepers: Not passing to SystemUX GK oculus_vrshell_anytimeui_report_via_social_dialog:false
08-31 21:44:15.365  1830  1907 I [OAR] Gatekeepers: Not passing to SystemUX GK oculus_vrshell_anytimeui_use_social_dialogs:true - Not registered
08-31 21:44:15.365  1830  1907 I [OAR] Gatekeepers: Passing to SystemUX GK oculus_quest_passthrough_ondemand:true
08-31 21:44:15.365  1830  1907 I [OAR] Gatekeepers: Not passing to SystemUX GK oculus_mobile_home_js_bundle:true - Not registered
08-31 21:44:15.365  1830  1907 I [OAR] Gatekeepers: Not passing to SystemUX GK oculus_mobile_auiv2_store_op_group_1:false
08-31 21:44:15.365  1830  1907 I [OAR] Gatekeepers: Not passing to SystemUX GK oculus_mobile_auiv2_rollout_v16:false
08-31 21:44:15.365  1830  1907 I [OAR] Gatekeepers: Not passing to SystemUX GK oculus_notifications_vr_feed_visual_updates:false
08-31 21:44:15.365  1830  1907 I [OAR] Gatekeepers: Not passing to SystemUX GK oculus_mobile_auiv2_store_op_group_4:false
08-31 21:44:15.365  1830  1907 I [OAR] Gatekeepers: Not passing to SystemUX GK oculus_link_vrshell_modal2:false
08-31 21:44:15.365  1830  1907 I [OAR] Gatekeepers: Not passing to SystemUX GK oculus_mobile_auiv2_store_op_group_5:false
08-31 21:44:15.365  1830  1907 I [OAR] Gatekeepers: Not passing to SystemUX GK oculus_mobile_auiv2_store_op_gk_killswitch:false
08-31 21:44:15.365  1830  1907 I [OAR] Gatekeepers: Not passing to SystemUX GK oculus_vrshell_system_view:false
08-31 21:44:15.365  1830  1907 I [OAR] Gatekeepers: Not passing to SystemUX GK oculus_messenger_social_panel_mobile:true - Not registered
08-31 21:44:15.365  1830  1907 I [OAR] Gatekeepers: Not passing to SystemUX GK oculus_mobile_auiv2_rollout_v19:false
08-31 21:44:15.365  1830  1907 I [OAR] Gatekeepers: Not passing to SystemUX GK oculus_vrshell_enable_social_gallery:false
08-31 21:44:15.365  1830  1907 I [OAR] Gatekeepers: Not passing to SystemUX GK oculus_vrshell_anytimeui_v2_moveable:false
08-31 21:44:15.365  1830  1907 I [OAR] Gatekeepers: Not passing to SystemUX GK oculus_mobile_auiv2_bypass_nux_dialogs:false
08-31 21:44:15.365  1830  1907 I [OAR] Gatekeepers: Not passing to SystemUX GK oculus_home_layertransform:false
08-31 21:44:15.365  1830  1907 I [OAR] Gatekeepers: Not passing to SystemUX GK oculus_vrshell_multiapp_dragdrop:false
08-31 21:44:15.365  1830  1907 I [OAR] Gatekeepers: Not passing to SystemUX GK oculus_monterey_ota_fast_dogfooding:false
08-31 21:44:15.365  1830  1907 I [OAR] Gatekeepers: Passing to SystemUX GK oculus_mobile_auiv2_feature_enabled:true
08-31 21:44:15.365  1830  1907 I [OAR] Gatekeepers: Not passing to SystemUX GK oculus_vrshell_multiapp_allapps_experimental:false
08-31 21:44:15.365  1830  1907 I [OAR] Gatekeepers: Passing to SystemUX GK oculus_party_joinable_calls:true
08-31 21:44:15.365  1830  1907 I [OAR] Gatekeepers: Not passing to SystemUX GK oculus_report_auto_video_capture:false
08-31 21:44:15.365  1830  1907 I [OAR] Gatekeepers: Not passing to SystemUX GK oculus_video_use_experimental_abr:true - Not registered
08-31 21:44:15.365  1830  1907 I [OAR] Gatekeepers: Not passing to SystemUX GK oculus_vrshell_mouse_input:false
08-31 21:44:15.365  1830  1907 I [OAR] Gatekeepers: Not passing to SystemUX GK oculus_ota_qa_release_testing:false
08-31 21:44:15.365  1830  1907 I [OAR] Gatekeepers: Not passing to SystemUX GK oculus_video_enable_codec_cache:false
08-31 21:44:15.365  1830  1907 I [OAR] Gatekeepers: Not passing to SystemUX GK oculus_vrshell_sysicons_hands:true - Not registered
08-31 21:44:15.365  1830  1907 I [OAR] Gatekeepers: Not passing to SystemUX GK oculus_mobile_auiv2_rollout_v20:false
08-31 21:44:15.365  1830  1907 I [OAR] Gatekeepers: Passing to SystemUX GK oculus_vrshell_anytimeui_chat_icon:true
08-31 21:44:15.365  1830  1907 I [OAR] Gatekeepers: Not passing to SystemUX GK oculus_link_no_modal:false
08-31 21:44:15.365  1830  1907 I [OAR] Gatekeepers: Not passing to SystemUX GK oculus_vrshell_core_debug_panel:false
08-31 21:44:15.365  1830  1907 I [OAR] Gatekeepers: Not passing to SystemUX GK oculus_video_allow_screen_capture:false
08-31 21:44:15.365  1830  1907 I [OAR] Gatekeepers: Not passing to SystemUX GK oculus_mobile_auiv2_brightness_slider:false
08-31 21:44:15.365  1830  1907 I [OAR] Gatekeepers: Not passing to SystemUX GK oculus_video_enable_avr4vbr:false
08-31 21:44:15.365  1830  1907 I [OAR] Gatekeepers: Not passing to SystemUX GK oculus_video_direct_experiment:false
08-31 21:44:15.365  1830  1907 I [OAR] Gatekeepers: Not passing to SystemUX GK assistant_on_oculus:false
08-31 21:44:15.365  1830  1907 I [OAR] Gatekeepers: Not passing to SystemUX GK oculus_monterey_ota_slow_dogfooding:false
08-31 21:44:15.365  1830  1907 I [OAR] Gatekeepers: Not passing to SystemUX GK oculus_vrshell_increased_pixel_density:false
08-31 21:44:15.365  1830  1907 I [OAR] Gatekeepers: Not passing to SystemUX GK oculus_ota_monterey_demo:false
08-31 21:44:15.365  1830  1907 I [OAR] Gatekeepers: Not passing to SystemUX GK oculus_ota_manual_qa:false
08-31 21:44:15.365  1830  1907 I [OAR] Gatekeepers: Not passing to SystemUX GK oculus_mobile_library_scroll_position_auto_reset:false
08-31 21:44:15.365  1830  1907 I [OAR] Gatekeepers: Not passing to SystemUX GK oculus_mobile_auiv2_store_op_group_2:false
08-31 21:44:15.365  1830  1907 I [OAR] Gatekeepers: Not passing to SystemUX GK oculus_vrshell_webtask:false
08-31 21:44:15.365  1830  1907 I [OAR] Gatekeepers: Not passing to SystemUX GK oc_vrshell_keyboard_transcription_feedback:false
08-31 21:44:15.365  1830  1907 I [OAR] Gatekeepers: Not passing to SystemUX GK ota_blacklist:false
08-31 21:44:15.365  1830  1907 I [OAR] Gatekeepers: Not passing to SystemUX GK oculus_mobile_auiv2_device_config_killswitch:false
08-31 21:44:15.365  1830  1907 I [OAR] Gatekeepers: Not passing to SystemUX GK oculus_mobile_home_library_cache:false
08-31 21:44:15.365  1830  1907 I [OAR] Gatekeepers: Not passing to SystemUX GK oculus_vrshell_keyboard_typeahead:false
08-31 21:44:15.365  1830  1907 I [OAR] Gatekeepers: Not passing to SystemUX GK oculus_video_disable_cache:false
08-31 21:44:15.365  1830  1907 I [OAR] Gatekeepers: Not passing to SystemUX GK oculus_messenger_new_message_notification:true - Not registered
08-31 21:44:15.365  1830  1907 I [OAR] Gatekeepers: Not passing to SystemUX GK oculus_vrshell_managed_launcher:false
08-31 21:44:15.365  1830  1907 I [OAR] Gatekeepers: Passing to SystemUX GK oculus_mobile_auiv2_android_library:true
08-31 21:44:15.365  1830  1907 I [OAR] Gatekeepers: Passing to SystemUX GK oculus_mobile_hand_tracking_ga:true
08-31 21:44:15.365  1830  1907 I [OAR] Gatekeepers: Not passing to SystemUX GK oculus_notifications_vr_feed_categories:false
08-31 21:44:15.365  1830  1907 I [OAR] Gatekeepers: Not passing to SystemUX GK oculus_video_use_exoplayer_fast_seek:true - Not registered
08-31 21:44:15.365  1830  1907 I [OAR] Gatekeepers: Not passing to SystemUX GK oculus_monterey_master_lkg_ota:false
08-31 21:44:15.365  1830  1907 I [OAR] Gatekeepers: Not passing to SystemUX GK oculus_quest_dogfooding_update:false
08-31 21:44:15.365  1830  1907 I [OAR] Gatekeepers: Passing to SystemUX GK oculus_vrshell_anytimeui_v2_show_pymks:true
08-31 21:44:15.365  1830  1907 I [OAR] Gatekeepers: Not passing to SystemUX GK oculus_vrshell_keyboard_remote_input:false
08-31 21:44:15.365  1830  1907 I [OAR] Gatekeepers: Not passing to SystemUX GK oculus_mobile_auiv2_store_op_group_3:false
08-31 21:44:15.365  1830  1907 I [OAR] Gatekeepers: Not passing to SystemUX GK oculus_vrshell_core_quest_retaildemo:false
08-31 21:44:15.365  1830  1907 I [OAR] Gatekeepers: Not passing to SystemUX GK oculus_vrshell_keyboard_typeahead_default_on:false
08-31 21:44:15.365  1830  1907 I [OAR] ShellApp: Skip notifying foreground panel changed
08-31 21:44:15.365  1830  1907 I [OAR] PanelAppHost: PanelAppHost( com.oculus.systemux/com.oculus.panelapp.anytimeui.AnytimeUIAndroidPanelService ) for PanelId 20
08-31 21:44:15.365  1830  1907 I [OAR] PanelAppHost: Panel app 20 (com.oculus.systemux/com.oculus.panelapp.anytimeui.AnytimeUIAndroidPanelService) changing state from startup to foreground
08-31 21:44:15.365  1830  1830 D MetricsService: Connected to metrics service: ComponentInfo{com.oculus.ovrmonitormetricsservice/com.oculus.ovrmonitormetricsservice.MetricsService}
08-31 21:44:15.367  2087  2355 I VrRuntimeService: RuntimeServiceSDKServer::CreateSurfaceSwapChain: 304329073
08-31 21:44:15.368  2087  2355 I VrRuntimeServer: CreateAndroidSurfaceSwapChain: result surface 0x7f74b74000
08-31 21:44:15.369  2087  2355 I VrRuntimeService: RuntimeServiceSDKServer::CreateSurfaceSwapChain: 304329073
08-31 21:44:15.370  2087  2355 I VrRuntimeServer: CreateAndroidSurfaceSwapChain: result surface 0x7f74fd8000
08-31 21:44:15.371  2087  2355 I VrRuntimeService: RuntimeServiceSDKServer::CreateSurfaceSwapChain: 304329073
08-31 21:44:15.371  2087  2355 I VrRuntimeServer: CreateAndroidSurfaceSwapChain: result surface 0x7f67230000
08-31 21:44:15.373  1830  1907 I [OAR] PanelAppHost: Passing env var _oc_device_type = 259
08-31 21:44:15.373  1830  1907 I [OAR] PanelAppHost: Passing env var _oc_analytics_session_id = 57fb55f0-13a0-4bce-aec6-843719c06559
08-31 21:44:15.373  1830  1907 I [OAR] PanelAppHost: Passing env var _oc_userid = 100778671252143
08-31 21:44:15.373  1830  1907 I [OAR] PanelAppHost: Passing env var _oc_enterprise_mode = false
08-31 21:44:15.373  1830  1907 I [OAR] PanelAppHost: Passing env var _oc_shell_version_name = 19.0.0.341.531
08-31 21:44:15.373  1830  1907 I [OAR] PanelAppHost: Passing env var _oc_shell_version_code = 231192412
08-31 21:44:15.373  1830  1907 I [OAR] PanelAppHost: Passing env var _oc_shell_permissions = permissionsGranted camera write_storage microphone
08-31 21:44:15.373  1830  1907 I [OAR] PanelAppHost: Passing env var _oc_shell_automation_enabled = false
08-31 21:44:15.373  1830  1907 I [OAR] PanelAppHost: Passing env var _oc_shell_view_id_debugging_enabled = false
08-31 21:44:15.373  1830  1907 I [OAR] PanelAppHost: Passing env var _oc_shell_pixel_density = 13
08-31 21:44:15.373  1830  1907 I [OAR] PanelAppHost: Passing env var _oc_shell_render_scale = 1.000000
08-31 21:44:15.373  1830  1907 I [OAR] PanelAppHost: Passing env var _oc_auiv2 = false
08-31 21:44:15.373  1830  1907 I [OAR] PanelAppHost: Passing env var _oc_shell_guardian_disabled = false
08-31 21:44:15.373  1830  1907 I [OAR] PanelAppHost: Passing env var _oc_shell_feature_sets = multi-layer-v1,mirror-avatar-v1,system-ux-routes-v1,deeplink-nav-v1,clock-levels-v1,layerTranslate-v1,layerScaleDensity-v1,layerScaleDensity-v2,multiapp-alpha-v1,multiapp-v1,multiapp-v2,recoverInstances-v1,webtasks-in-exclusive-mode
08-31 21:44:15.373  1830  1907 I [OAR] PanelAppHost: Passing env var _oc_launch_timestamp = 1833726
08-31 21:44:15.373  1830  1907 I [OAR] PanelAppHost: Passing env var _oc_gk:oculus_vrshell_core_tv_button = true
08-31 21:44:15.373  1830  1907 I [OAR] PanelAppHost: Passing env var _oc_gk:oc_social_h1_2020_mobile_sharing_updates = true
08-31 21:44:15.373  1830  1907 I [OAR] PanelAppHost: Passing env var _oc_gk:oculus_messenger_quick_chat_dialog = true
08-31 21:44:15.373  1830  1907 I [OAR] PanelAppHost: Passing env var _oc_gk:oculus_profile_biography = true
08-31 21:44:15.373  1830  1907 I [OAR] PanelAppHost: Passing env var _oc_gk:oculus_developer = true
08-31 21:44:15.373  1830  1907 I [OAR] PanelAppHost: Passing env var _oc_gk:oculus_vrshell_anytimeui_living_room_badge = true
08-31 21:44:15.373  1830  1907 I [OAR] PanelAppHost: Passing env var _oc_gk:oculus_mobile_pause_screenshot_enabled = true
08-31 21:44:15.373  1830  1907 I [OAR] PanelAppHost: Passing env var _oc_gk:oculus_vrshell_anytimeui_v2_social = true
08-31 21:44:15.373  1830  1907 I [OAR] PanelAppHost: Passing env var _oc_gk:oculus_party_joinable_toggle_aui = true
08-31 21:44:15.373  1830  1907 I [OAR] PanelAppHost: Passing env var _oc_gk:oculus_quest_profile_sharing = true
08-31 21:44:15.373  1830  1907 I [OAR] PanelAppHost: Passing env var _oc_gk:oculus_vrshell_anytimeui_v2_profile = true
08-31 21:44:15.373  1830  1907 I [OAR] PanelAppHost: Passing env var _oc_gk:oculus_party_block_members = true
08-31 21:44:15.373  1830  1907 I [OAR] PanelAppHost: Passing env var _oc_gk:oculus_social_party_fb_upsell = true
08-31 21:44:15.373  1830  1907 I [OAR] PanelAppHost: Passing env var _oc_gk:oculus_auiv2_default_tablet_hidden = true
08-31 21:44:15.373  1830  1907 I [OAR] PanelAppHost: Passing env var _oc_gk:oculus_parties_message_button = true
08-31 21:44:15.373  1830  1907 I [OAR] PanelAppHost: Passing env var _oc_gk:oculus_parties_join_button = true
08-31 21:44:15.373  1830  1907 I [OAR] PanelAppHost: Passing env var _oc_gk:oculus_mobile_pause_invite_enabled = true
08-31 21:44:15.373  1830  1907 I [OAR] PanelAppHost: Passing env var _oc_gk:oculus_mobile_settings_release_process = true
08-31 21:44:15.374  1830  1907 I [OAR] PanelAppHost: Passing env var _oc_gk:oculus_mobile_pause_videoshot_enabled = true
08-31 21:44:15.374  1830  1907 I [OAR] PanelAppHost: Passing env var _oc_gk:oculus_quest_passthrough_ondemand = true
08-31 21:44:15.374  1830  1907 I [OAR] PanelAppHost: Passing env var _oc_gk:oculus_mobile_auiv2_feature_enabled = true
08-31 21:44:15.374  1830  1907 I [OAR] PanelAppHost: Passing env var _oc_gk:oculus_party_joinable_calls = true
08-31 21:44:15.374  1830  1907 I [OAR] PanelAppHost: Passing env var _oc_gk:oculus_vrshell_anytimeui_chat_icon = true
08-31 21:44:15.374  1830  1907 I [OAR] PanelAppHost: Passing env var _oc_gk:oculus_mobile_auiv2_android_library = true
08-31 21:44:15.374  1830  1907 I [OAR] PanelAppHost: Passing env var _oc_gk:oculus_mobile_hand_tracking_ga = true
08-31 21:44:15.374  1830  1907 I [OAR] PanelAppHost: Passing env var _oc_gk:oculus_vrshell_anytimeui_v2_show_pymks = true
08-31 21:44:15.374  1830  1907 I [OAR] PanelAppHost: Passing env var _oc_gk:oculus_mobile_sysux_lightweight_releases = true
08-31 21:44:15.374  1830  1907 I [OAR] PanelAppHost: Passing env var _oc_gk:oculus_mobile_home_js_bundle = true
08-31 21:44:15.374  1830  1907 I [OAR] PanelAppHost: Passing env var _oc_ff:aui_v2 = false
08-31 21:44:15.374  1830  1907 I [OAR] PanelAppHost: Passing env var _oc_ff:aui_android_only_library = false
08-31 21:44:15.374  1830  1907 I [OAR] PanelAppHost: Passing env var _oc_ff:aui_react_only_library = false
08-31 21:44:15.374  1830  1907 I [OAR] PanelAppHost: Passing env var _oc_shell_host = vrshell
08-31 21:44:15.374  1830  1907 I [OAR] PanelAppHost: Passing env var _oc_shell_panel_id = 20
08-31 21:44:15.374  1830  1907 I [OAR] PanelAppHost: Calling sendPanelLaunchIntent for panel app com.oculus.systemux/com.oculus.panelapp.anytimeui.AnytimeUIAndroidPanelService
08-31 21:44:15.374  1830  1907 D [OAR] ShellApplication: sendApkPanelLaunchIntent: packageName=com.oculus.systemux, serviceClassName=com.oculus.panelapp.anytimeui.AnytimeUIAndroidPanelService
08-31 21:44:15.375  1830  1907 D [OAR] PanelServiceConnection: getSystemProcessUidForCurrentUser: 'android' systemUid = 1000
08-31 21:44:15.375  1830  1907 D [OAR] ShellApplication: bindService Intent { cmp=com.oculus.systemux/com.oculus.panelapp.anytimeui.AnytimeUIAndroidPanelService }
08-31 21:44:15.377  1830  1830 D [OAR] PanelServiceConnection: onSeviceConnected - component name (ComponentInfo{com.oculus.systemux/com.oculus.panelapp.anytimeui.AnytimeUIAndroidPanelService}), panel app id (20)
08-31 21:44:15.377  1830  1830 D [OAR] ShellApplication: notify OS to set com.oculus.systemux/com.oculus.panelapp.anytimeui.AnytimeUIAndroidPanelService to FOREGROUND
08-31 21:44:15.378  1830  1907 D [OAR] ShellApplication: notify OS to set com.oculus.systemux/com.oculus.panelapp.anytimeui.AnytimeUIAndroidPanelService to FOREGROUND
08-31 21:44:15.379  1830  1907 I [OAR] DialogController: SetPendingDialog old: 0 systemux://dialog/none   new: 12 systemux://dialog/exit com.YourCompany.HadoukenVR/com.epicgames.ue4.GameActivity
08-31 21:44:15.380  1830  1907 I [OAR] SystemUXController: No known System UX Route for Navigation Route: com.oculus.systemux/com.oculus.panelapp.anytimeui.AnytimeUIAndroidPanelService
08-31 21:44:15.380  1830  1907 I [OAR] PlatformManager: Checking livestreaming allowed for:  com.YourCompany.HadoukenVR
08-31 21:44:15.380  1830  1907 I [OAR] SystemTaskBarControllerBatteryLevels: Updating left controller battery level from 70 to 70.
08-31 21:44:15.380  1830  1907 I [OAR] SystemTaskBarControllerBatteryLevels: Updating right controller battery level from 70 to 70.
08-31 21:44:15.380  1830  1907 I [OAR] DialogController: Launching pending dialog: systemux://dialog/exit
08-31 21:44:15.381  1830  1907 I [OAR] DialogController: showDialog systemux://dialog/exit systemux://dialog/exit com.YourCompany.HadoukenVR
08-31 21:44:15.381  1830  1907 I [OAR] EnvironmentReconciler: Audio state is invalid, but headset is mounted. Marking all state as changed to trigger update
08-31 21:44:15.381  1830  1907 I [OAR] AudioMixer: PlayAmbisonicWavFile: 1335437 looping samples 4 channels at 1833.781217
08-31 21:44:15.381  1830  2405 I OVRPlatform: [CurlHttpClient] Executing HTTP request: https://graph.oculus.com//v1.20/me?fields=current_party{id,leader{id},join_policy,users{id,alias,can_viewer_message,display_name,profile_url,profile_url_small,presence,presence_status,presence_app{id,package_name},presence_deeplink_joinable,presence_deeplink_message,presence_destination_api_name,presence_scoped_user_id,avatar_v2{avatar_image{uri}}},invited_users{id,alias,can_viewer_message,display_name,profile_url,profile_url_small,presence,presence_status,presence_app{id,package_name},avatar_v2{avatar_image{uri}}}}&app_version=231192412
