09-03 21:50:03.803   722  8938 I [CT]    : VIPER: Removing actively tracked local map from Tracker. UUID: 508da697-bd93-42c9-b2d1-cc478b547601
09-03 21:50:03.803   722  8938 W [CT]    : VIPER: Calling Slam::deleteCurrentMap (UUID: 508da697-bd93-42c9-b2d1-cc478b547601).
09-03 21:50:03.803   722  8938 I [CT]    : VIPER:MAPPER: == Remove map: 508da697-bd93-42c9-b2d1-cc478b547601 @ Context 3 ==
09-03 21:50:03.815   722  8938 I [CT]    : VIPER: Calling Slam::enterState. Going from VALIDATE_MAP to TRACK_INITIAL_FEATURES
09-03 21:50:03.815   722  8938 W [CT]    : VIPER: Frame Tracking [0.06082208299994818s] exceeded camera sampling time [0.03333333333333333s].
09-03 21:50:03.819   722  8938 I [CT]    : VIPER:CALIBRATION_HM: Failed to initialize! Num failed: 0 of 20
09-03 21:50:03.822   722  8937 W [CT]    : VIPER: [Throttled count=12] StateBuffer: Could not get velocity from buffer. Not currently tracking in 6dof.
09-03 21:50:03.823   722  8938 I [CT]    : VIPER: AnchorManager switched maps.
09-03 21:50:03.823   722  8938 I [CT]    : VIPER:MAPPER: == Adding new map: db4e0221-c331-47f7-95b3-abe9ac25a7d5 @ Context 3 ==
09-03 21:50:03.823   722  8938 I [CT]    : VIPER: Constructing estimator: MPE
09-03 21:50:03.823   722  8938 I [CT]    : VIPER: Constructing TrackTracker: HEADSET1
09-03 21:50:03.824   722  8938 W [CT]    : VIPER:DF: Background job still running when calling reset() on the DepthFilterManager.
09-03 21:50:03.824   722  8938 W [CT]    : VIPER:DF: Background job still running when calling reset() on the DepthFilterManager.
09-03 21:50:03.824   722  8938 I [CT]    : DESCRIPTOR_MATCHING:INDEX_FACTORY: Creating Search Index of type Lsh
09-03 21:50:03.867   722  8938 I [CT]    : VIPER:LOCALIZER: Adding map db4e0221-c331-47f7-95b3-abe9ac25a7d5 with 11 points and 0 descriptors.
09-03 21:50:03.868   722  8938 I [CT]    : VIPER: Initial map with 11 points (UUID: db4e0221-c331-47f7-95b3-abe9ac25a7d5)
09-03 21:50:03.868   722  8938 I [CT]    : VIPER:CALIBRATION_HM: Initialization successful
09-03 21:50:03.868   722  8938 I [CT]    : VIPER: Calling Slam::enterState. Going from TRACK_INITIAL_FEATURES to VALIDATE_MAP
09-03 21:50:03.869   722  8938 I [CT]    : VIPER: AreaSearch 1 after new Submap. Matched 22. Stats: 17 0 0 0 0 0 1 3 0 0 0 0 0 0 1 0 0 0 ).
09-03 21:50:03.869   722  8938 I [CT]    : VIPER: Searched on 2771: 22 queries
09-03 21:50:03.869   722  8938 I [CT]    : VIPER: Searched on 2d-2d: 0 queries
09-03 21:50:03.869   722  8938 W [CT]    : VIPER:MultiPoseEstimator: No Imu preintegration data found for current frame.
09-03 21:50:03.870   722  8938 I [CT]    : VIPER:PERCEPTUAL_HEALTH: Bad tracking: prediction-to-fusion translation too high (0.0237 m > 0.012 m). State: hasTracking: true T_SmoothWorld_Map: r=[-2.5e-16 -2.2e-16 0] t=[3.5e-17 2.1e-17 -3.5e-18] vel: [-0.1 0.08 -0.6] accBias: [0 0 0] gyrBias: [0 0 0].
09-03 21:50:03.870   722  8938 W [CT]    : VIPER: Frame Tracking [0.049794427000051655s] exceeded camera sampling time [0.03333333333333333s].
09-03 21:50:03.875   722  8938 I [CT]    : VIPER:LOCALIZER_MANAGER: [Throttled count=11] Number of frames to try relocalization on 3 maps: 148
09-03 21:50:03.876   722  8938 I [CT]    : VIPER: AreaSearch 2 after new Submap. Matched 22. Stats: 17 0 0 0 2 0 1 1 0 0 0 0 0 0 1 0 0 0 ).
09-03 21:50:03.876   722  8938 I [CT]    : VIPER: Searched on 2771: 22 queries
09-03 21:50:03.876   722  8938 I [CT]    : VIPER: Searched on 2d-2d: 0 queries
09-03 21:50:03.878   722  8938 I [CT]    : VIPER:PERCEPTUAL_HEALTH: Bad tracking: num_inliers too low (15 < 16). State: hasTracking: true T_SmoothWorld_Map: r=[-2.8e-15 -5.6e-17 7e-15] t=[2.1e-17 0 -1.7e-18] vel: [-0.2 0.2 -0.3] accBias: [2e-17 5e-17 2e-16] gyrBias: [-0.002 0.0009 0.002].
09-03 21:50:03.894   722  8938 I [CT]    : VIPER: AreaSearch 3 after new Submap. Matched 19. Stats: 16 0 0 0 0 0 1 1 0 0 0 0 0 0 1 0 0 0 ).
09-03 21:50:03.894   722  8938 I [CT]    : VIPER: Searched on 2771: 19 queries
09-03 21:50:03.894   722  8938 I [CT]    : VIPER: Searched on 2d-2d: 0 queries
09-03 21:50:03.898   722  8938 I [CT]    : VIPER:PERCEPTUAL_HEALTH: Bad tracking: prediction-to-fusion translation too high (0.0122 m > 0.012 m). State: hasTracking: true T_SmoothWorld_Map: r=[0.00013 1.7e-08 -0.00026] t=[-1.4e-17 -6.9e-18 -3.5e-18] vel: [-0.09 0.2 -0.2] accBias: [-5e-06 4e-05 -6e-06] gyrBias: [-0.005 0.005 0.003].
09-03 21:50:03.936   722  8938 I [CT]    : VIPER:PERCEPTUAL_HEALTH: Bad tracking: num_inliers too low (14 < 16). State: hasTracking: true T_SmoothWorld_Map: r=[-0.00017 -4.7e-09 -5.6e-05] t=[2.8e-17 2.8e-17 -2.4e-17] vel: [-0.02 0.2 -0.1] accBias: [-6e-05 3e-05 1e-06] gyrBias: [-0.007 0.005 0.003].
09-03 21:50:03.977   722  8938 I [CT]    : VIPER:PERCEPTUAL_HEALTH: Bad tracking: num_inliers too low (15 < 16). State: hasTracking: true T_SmoothWorld_Map: r=[-0.00082 1.3e-06 0.0031] t=[-2.1e-17 -1.7e-17 -1.4e-17] vel: [-0.006 0.2 -0.08] accBias: [-0.0001 -0.0003 0.0002] gyrBias: [-0.009 0.004 0.002].
09-03 21:50:04.017   722  8938 I [CT]    : VIPER:PERCEPTUAL_HEALTH: Bad tracking: num_inliers too low (14 < 16). State: hasTracking: true T_SmoothWorld_Map: r=[0.00044 -2.7e-06 0.0084] t=[2.1e-17 1.4e-17 0] vel: [-0.005 0.2 0.01] accBias: [-0.0004 -0.0003 0.0008] gyrBias: [-0.004 0.01 0.002].
09-03 21:50:04.057   722  8938 I [CT]    : VIPER:PERCEPTUAL_HEALTH: Bad tracking: num_inliers too low (15 < 16). State: hasTracking: true T_SmoothWorld_Map: r=[0.0019 -9.2e-06 0.0094] t=[1.4e-17 5.2e-18 0] vel: [0.0009 0.1 0.1] accBias: [-0.0008 4e-06 0.001] gyrBias: [0.0006 0.01 0.004].
09-03 21:50:04.097   722  8938 I [CT]    : VIPER:PERCEPTUAL_HEALTH: Bad tracking: num_inliers too low (13 < 16). State: hasTracking: true T_SmoothWorld_Map: r=[0.001 -1.8e-06 0.012] t=[2.1e-17 2.1e-17 5.2e-18] vel: [0.02 0.09 0.1] accBias: [-0.001 -0.0001 0.001] gyrBias: [-0.004 0.01 0.002].
09-03 21:50:04.137   722  8938 I [CT]    : VIPER:PERCEPTUAL_HEALTH: Bad tracking: num_inliers too low (14 < 16). State: hasTracking: true T_SmoothWorld_Map: r=[0.00047 4.5e-06 0.016] t=[2.1e-17 6.9e-18 -1.4e-17] vel: [0.01 0.04 0.1] accBias: [-0.001 -0.0004 0.002] gyrBias: [-0.005 0.007 0.001].
09-03 21:50:04.169  1782  2118 W OVRLibrary: getAppById was called with a null id
09-03 21:50:04.177   722  8938 I [CT]    : VIPER:PERCEPTUAL_HEALTH: Bad tracking: num_inliers too low (14 < 16). State: hasTracking: true T_SmoothWorld_Map: r=[0.0024 -1.6e-05 0.017] t=[-6.9e-18 -5.2e-18 1.4e-17] vel: [0.004 0.02 0.2] accBias: [-0.001 -4e-05 0.002] gyrBias: [-0.004 0.008 0.002].
09-03 21:50:04.177   722  8679 I [CT]    : VIPER:MAPPER: == Switching to : db4e0221-c331-47f7-95b3-abe9ac25a7d5 @ Context 3 ==
09-03 21:50:04.178   722  8679 I [CT]    : VIPER: AnchorManager switched maps.
09-03 21:50:04.178   722  8679 E [CT]    : VIPER: The map contained an anchor not known by the anchor manager.
09-03 21:50:04.178   722  8679 I [CT]    : VIPER: AnchorManager switched maps.
09-03 21:50:04.178   722  8679 E [CT]    : VIPER: The map contained an anchor not known by the anchor manager.
09-03 21:50:04.224   722  8938 I [CT]    : VIPER:PERCEPTUAL_HEALTH: Bad tracking: num_inliers too low (15 < 16). State: hasTracking: true T_SmoothWorld_Map: r=[0.0042 0.0003 0.0087] t=[0 -5.2e-18 1.7e-18] vel: [0.04 0.02 0.2] accBias: [-0.003 0.002 0.002] gyrBias: [-0.004 0.009 0.002].
09-03 21:50:04.262   722  8938 I [CT]    : VIPER:PERCEPTUAL_HEALTH: Bad tracking: localization precision (mm) too high (50.5 > 40). State: hasTracking: true T_SmoothWorld_Map: r=[0.0039 0.00024 -0.0013] t=[6.9e-18 4.3e-18 -1.9e-17] vel: [0.08 0.03 0.2] accBias: [-0.004 0.004 0.002] gyrBias: [-0.004 0.01 0.002].
09-03 21:50:04.262   722  8937 I [CT]    : CONSTELLATION: No HMD tracking for Constellation
09-03 21:50:04.297   722  8938 I [CT]    : VIPER:PERCEPTUAL_HEALTH: Bad tracking: localization precision (mm) too high (47.5 > 40). State: hasTracking: true T_SmoothWorld_Map: r=[0.0028 0.00017 -0.0084] t=[3.5e-18 -4.3e-19 0] vel: [0.1 0.04 0.1] accBias: [-0.006 0.006 0.002] gyrBias: [-0.004 0.01 0.004].
09-03 21:50:04.337   722  8938 I [CT]    : VIPER:PERCEPTUAL_HEALTH: Bad tracking: prediction-to-fusion translation too high (0.014 m > 0.012 m). State: hasTracking: true T_SmoothWorld_Map: r=[0.0015 0.00012 -0.012] t=[6.9e-18 -2.6e-18 -3.5e-18] vel: [0.2 0.03 0.08] accBias: [-0.007 0.006 0.002] gyrBias: [-0.009 0.02 0.003].
09-03 21:50:04.342   722  8937 W [CT]    : VIPER: [Throttled count=12] StateBuffer: Could not get velocity from buffer. Not currently tracking in 6dof.
09-03 21:50:04.377   722  8938 I [CT]    : VIPER:PERCEPTUAL_HEALTH: Bad tracking: prediction-to-fusion translation too high (0.0125 m > 0.012 m). State: hasTracking: true T_SmoothWorld_Map: r=[0.0044 9.2e-05 -0.0098] t=[-6.9e-18 1.7e-18 0] vel: [0.2 0.02 0.04] accBias: [-0.004 0.004 0.001] gyrBias: [-0.01 0.02 0.004].
09-03 21:50:04.397  1909  1909 I AndroidPanelLayer: Hiding layer toast
09-03 21:50:04.397  1909  1909 I AndroidPanelApp: HideLayer(toast)
09-03 21:50:04.403  1834  9325 I VrApi   : FPS=72,Prd=0ms,Tear=0,Early=72,Stale=0,VSnc=1,Lat=1,Fov=0,CPU4/GPU=2/4,1651/670MHz,OC=FF,TA=0/E0/0,SP=N/F/N,Mem=1804MHz,Free=1619MB,PSM=0,PLS=0,Temp=29.0C/0.0C,TW=0.89ms,App=0.00ms,GD=0.00ms,CPU&GPU=0.31ms,LCnt=0,GPU%=0.07,CPU%=0.02(W0.05),DSF=1.00
09-03 21:50:04.412   722  8938 I [CT]    : VIPER:LOCALIZER_MANAGER: [Throttled count=13] Number of frames to try relocalization on 3 maps: 134
09-03 21:50:04.418   722  8938 I [CT]    : VIPER:PERCEPTUAL_HEALTH: Bad tracking: prediction-to-fusion translation too high (0.0171 m > 0.012 m). State: hasTracking: true T_SmoothWorld_Map: r=[0.0071 6e-05 -0.01] t=[-2.1e-17 -8.7e-18 2.1e-17] vel: [0.2 0.01 -0.02] accBias: [-0.002 0.003 0.0007] gyrBias: [-0.02 0.02 0.004].
09-03 21:50:04.459   722  8938 I [CT]    : VIPER:PERCEPTUAL_HEALTH: Bad tracking: prediction-to-fusion translation too high (0.0149 m > 0.012 m). State: hasTracking: true T_SmoothWorld_Map: r=[0.0037 0.0011 -0.017] t=[0 -3.5e-18 6.9e-18] vel: [0.2 -0.0004 -0.09] accBias: [4e-05 0.002 -0.001] gyrBias: [-0.02 0.02 0.004].
09-03 21:50:04.502   722  8938 I [CT]    : VIPER:PERCEPTUAL_HEALTH: Bad tracking: prediction-to-fusion translation too high (0.0176 m > 0.012 m). State: hasTracking: true T_SmoothWorld_Map: r=[-0.0019 0.001 -0.03] t=[1.4e-17 1.4e-17 -1.4e-17] vel: [0.2 0.005 -0.1] accBias: [0.004 -0.002 -0.004] gyrBias: [-0.02 0.03 0.006].
09-03 21:50:04.539   722  8938 I [CT]    : VIPER:PERCEPTUAL_HEALTH: Bad tracking: localization precision (mm) too high (46.3 > 40). State: hasTracking: true T_SmoothWorld_Map: r=[0.0027 0.0011 -0.033] t=[-1.4e-17 -6.9e-18 4.9e-17] vel: [0.2 -0.004 -0.2] accBias: [0.005 -0.001 -0.005] gyrBias: [-0.02 0.03 0.006].
09-03 21:50:04.578   722  8938 I [CT]    : VIPER:PERCEPTUAL_HEALTH: Bad tracking: localization precision (mm) too high (57.8 > 40). State: hasTracking: true T_SmoothWorld_Map: r=[0.0069 0.0011 -0.03] t=[2.8e-17 1.7e-17 0] vel: [0.2 -0.01 -0.2] accBias: [0.003 0.0006 -0.003] gyrBias: [-0.01 0.03 0.007].
09-03 21:50:04.620   722  8938 I [CT]    : VIPER:PERCEPTUAL_HEALTH: Bad tracking: prediction-to-fusion translation too high (0.0122 m > 0.012 m). State: hasTracking: true T_SmoothWorld_Map: r=[0.00094 0.001 -0.021] t=[-2.8e-17 3.5e-18 7.6e-17] vel: [0.1 -0.02 -0.2] accBias: [-0.005 0.006 0.0009] gyrBias: [-0.01 0.03 0.007].
09-03 21:50:04.658   722  8938 I [CT]    : VIPER:PERCEPTUAL_HEALTH: Bad tracking: localization precision (mm) too high (63 > 40). State: hasTracking: true T_SmoothWorld_Map: r=[-0.0023 0.00094 -0.016] t=[0 -6.9e-18 2.1e-17] vel: [0.03 -0.06 -0.3] accBias: [-0.004 0.005 0.002] gyrBias: [-0.01 0.03 0.007].
09-03 21:50:04.698   722  8938 I [CT]    : VIPER:PERCEPTUAL_HEALTH: Bad tracking: localization precision (mm) too high (119 > 40). State: hasTracking: true T_SmoothWorld_Map: r=[-0.0065 0.00074 -0.012] t=[-2.8e-17 -3.5e-18 6.9e-17] vel: [-0.07 -0.1 -0.3] accBias: [-8e-05 0.003 0.002] gyrBias: [-0.01 0.03 0.006].
09-03 21:50:04.740   722  8938 I [CT]    : VIPER:PERCEPTUAL_HEALTH: Bad tracking: num_inliers too low (15 < 16). State: hasTracking: true T_SmoothWorld_Map: r=[-0.011 0.00062 -0.0096] t=[-2.8e-17 3.5e-18 1.4e-17] vel: [-0.2 -0.2 -0.4] accBias: [0.002 0.002 0.003] gyrBias: [-0.01 0.03 0.006].
09-03 21:50:04.778   722  8938 I [CT]    : VIPER:TRACKER: Vision has been disabled because of motion blur. Angular velocity = 1.66 rad/s, exposure durations = (14.0ms)(14.0ms)(14.0ms)(14.0ms).
09-03 21:50:04.778   722  8938 I [CT]    : VIPER:PERCEPTUAL_HEALTH: Bad tracking: num_inliers too low (12 < 16). State: hasTracking: true T_SmoothWorld_Map: r=[-0.01 0.00049 -0.0062] t=[-1.4e-17 0 0] vel: [-0.3 -0.2 -0.5] accBias: [-0.002 0.005 0.005] gyrBias: [-0.01 0.03 0.006].
09-03 21:50:04.779   722  8679 W [CT]    : VIPER: Skip local bundle adjustment with less than 2 master keyframes.
09-03 21:50:04.782   722  8679 W [CT]    : VIPER: Skip local bundle adjustment with less than 2 master keyframes.
09-03 21:50:04.818   722  8938 I [CT]    : VIPER:TRACKER: Vision has been disabled because of motion blur. Angular velocity = 1.61 rad/s, exposure durations = (14.0ms)(14.0ms)(14.0ms)(14.0ms).
09-03 21:50:04.818   722  8938 I [CT]    : VIPER:PERCEPTUAL_HEALTH: Bad tracking: num_inliers too low (8 < 16). State: hasTracking: true T_SmoothWorld_Map: r=[-0.0077 0.00083 -0.0036] t=[0 -3.5e-17 0] vel: [-0.3 -0.3 -0.5] accBias: [-0.01 0.01 0.009] gyrBias: [-0.01 0.03 0.007].
09-03 21:50:04.858   722  8938 I [CT]    : VIPER:TRACKER_HM: NO TRACKING: too few inliers. num_inliers = 8 < 10. Other stats: numMeasurements=10, trackedAreaPx2=8783.671.
09-03 21:50:04.858   722  8938 I [CT]    : VIPER:INTERNAL_TRACKING_STATUS: Map validation failed. Switching internal status from Validating to NoTracking.
09-03 21:50:04.858   722  8938 W [CT]    : VIPER:TRACKER: MapTracking switched to NoTracking. (t_ImuPred_Odo = -0.0895033 -0.0444336  0.0103963, vel =  0.460545  0.464773 -0.265694)
09-03 21:50:04.858   722  8938 I [CT]    : VIPER:PERCEPTUAL_HEALTH: Bad tracking: num_inliers too low (8 < 16). State: hasTracking: false T_SmoothWorld_Map: r=[-0.011 0.00074 -0.0059] t=[0 2.1e-17 2.8e-17] vel: [-0.3 -0.2 -0.6] accBias: [-0.02 0.01 0.01] gyrBias: [-0.01 0.03 0.006].
09-03 21:50:04.858   722  8938 E [CT]    : VIPER: Map Validation: Rejecting map due to bad tracking (UUID: db4e0221-c331-47f7-95b3-abe9ac25a7d5).
09-03 21:50:04.858   722  8938 I [CT]    : VIPER: Removing actively tracked local map from Tracker. UUID: db4e0221-c331-47f7-95b3-abe9ac25a7d5
09-03 21:50:04.858   722  8938 W [CT]    : VIPER: Calling Slam::deleteCurrentMap (UUID: db4e0221-c331-47f7-95b3-abe9ac25a7d5).
09-03 21:50:04.858   722  8938 I [CT]    : VIPER:MAPPER: == Remove map: db4e0221-c331-47f7-95b3-abe9ac25a7d5 @ Context 3 ==
09-03 21:50:04.858   722  8938 I [CT]    : VIPER:MAPPER: == Switching to youngest index: aceb5d6d-8f43-48fc-831e-2fd0126f3634 @ Context 0 ==
09-03 21:50:04.858   722  8938 I [CT]    : VIPER: Calling Slam::enterState. Going from VALIDATE_MAP to TRACK_INITIAL_FEATURES
09-03 21:50:04.859   722  8687 I [CT]    : VIPER:LOCALIZER: Creating empty LSH index for map db4e0221-c331-47f7-95b3-abe9ac25a7d5
09-03 21:50:04.859   722  8687 I [CT]    : DESCRIPTOR_MATCHING:INDEX_FACTORY: Creating Search Index of type Lsh
09-03 21:50:04.862   722  8937 W [CT]    : VIPER: [Throttled count=12] StateBuffer: Could not get velocity from buffer. Not currently tracking in 6dof.
09-03 21:50:04.893   722  8938 I [CT]    : VIPER: AnchorManager switched maps.
09-03 21:50:04.894   722  8938 I [CT]    : VIPER:MAPPER: == Adding new map: d673f106-e97e-424e-9e64-f9dab1600a1b @ Context 3 ==
09-03 21:50:04.894   722  8938 I [CT]    : VIPER: Constructing estimator: MPE
09-03 21:50:04.894   722  8938 I [CT]    : VIPER: Constructing TrackTracker: HEADSET1
09-03 21:50:04.895   722  8938 W [CT]    : VIPER:DF: Background job still running when calling reset() on the DepthFilterManager.
09-03 21:50:04.895   722  8938 W [CT]    : VIPER:DF: Background job still running when calling reset() on the DepthFilterManager.
09-03 21:50:04.895   722  8938 I [CT]    : DESCRIPTOR_MATCHING:INDEX_FACTORY: Creating Search Index of type Lsh
09-03 21:50:04.923   722  8687 W [CT]    : PERCEPTION:LshDescriptorIndex: Called addToIndex without any data
09-03 21:50:04.941   722  8938 I [CT]    : VIPER:LOCALIZER: Adding map d673f106-e97e-424e-9e64-f9dab1600a1b with 12 points and 0 descriptors.
09-03 21:50:04.941   722  8938 I [CT]    : VIPER: Initial map with 12 points (UUID: d673f106-e97e-424e-9e64-f9dab1600a1b)
09-03 21:50:04.941   722  8938 I [CT]    : VIPER:CALIBRATION_HM: Initialization successful
09-03 21:50:04.941   722  8938 I [CT]    : VIPER: Calling Slam::enterState. Going from TRACK_INITIAL_FEATURES to VALIDATE_MAP
09-03 21:50:04.942   722  8938 I [CT]    : VIPER: AreaSearch 1 after new Submap. Matched 17. Stats: 5 0 0 0 0 0 9 2 1 0 0 0 0 0 0 0 0 0 ).
09-03 21:50:04.942   722  8938 I [CT]    : VIPER: Searched on 2772: 17 queries
09-03 21:50:04.942   722  8938 I [CT]    : VIPER: Searched on 2d-2d: 0 queries
09-03 21:50:04.942   722  8938 W [CT]    : VIPER:MultiPoseEstimator: No Imu preintegration data found for current frame.
09-03 21:50:04.943   722  8938 I [CT]    : VIPER:TRACKER_HM: NO TRACKING: too few inliers. num_inliers = 3 < 10. Other stats: numMeasurements=5, trackedAreaPx2=2144.239.
09-03 21:50:04.943   722  8938 I [CT]    : VIPER:INTERNAL_TRACKING_STATUS: Map validation failed. Switching internal status from Validating to NoTracking.
09-03 21:50:04.943   722  8938 W [CT]    : VIPER:TRACKER: MapTracking switched to NoTracking. (t_ImuPred_Odo = -0.0220514  0.0511885  0.0652719, vel =  0.409214  0.481417 -0.253604)
09-03 21:50:04.943   722  8938 I [CT]    : VIPER:PERCEPTUAL_HEALTH: Bad tracking: num_inliers too low (3 < 16). State: hasTracking: false T_SmoothWorld_Map: r=[-1.1e-16 -1.1e-16 -2.2e-16] t=[-6.9e-18 0 6.2e-17] vel: [-0.3 -0.1 -0.6] accBias: [0 0 0] gyrBias: [0 0 0].
09-03 21:50:04.943   722  8938 E [CT]    : VIPER: Map Validation: Rejecting map due to bad tracking (UUID: d673f106-e97e-424e-9e64-f9dab1600a1b).
09-03 21:50:04.944   722  8938 I [CT]    : VIPER: Removing actively tracked local map from Tracker. UUID: d673f106-e97e-424e-9e64-f9dab1600a1b
09-03 21:50:04.944   722  8938 W [CT]    : VIPER: Calling Slam::deleteCurrentMap (UUID: d673f106-e97e-424e-9e64-f9dab1600a1b).
09-03 21:50:04.944   722  8938 I [CT]    : VIPER:MAPPER: == Remove map: d673f106-e97e-424e-9e64-f9dab1600a1b @ Context 3 ==
09-03 21:50:04.955   722  8938 I [CT]    : VIPER: Calling Slam::enterState. Going from VALIDATE_MAP to TRACK_INITIAL_FEATURES
09-03 21:50:04.956   722  8938 W [CT]    : VIPER: Frame Tracking [0.06548708399986936s] exceeded camera sampling time [0.03333333333333333s].
09-03 21:50:04.960   722  8938 I [CT]    : VIPER:LOCALIZER_MANAGER: [Throttled count=12] Number of frames to try relocalization on 3 maps: 149
09-03 21:50:04.960   722  8938 W [CT]    : VIPER:INIT: Initialization produced a map with 3 point(s) and 4 keyframe(s). Delaying initialization until the map has enough points and keyframes.
09-03 21:50:04.960   722  8938 I [CT]    : VIPER:CALIBRATION_HM: Failed to initialize! Num failed: 0 of 20
09-03 21:50:04.972   722  8938 I [CT]    : VIPER:CALIBRATION_HM: Failed to initialize! Num failed: 1 of 20
09-03 21:50:05.012   722  8938 I [CT]    : VIPER:CALIBRATION_HM: Failed to initialize! Num failed: 2 of 20
09-03 21:50:05.053   722  8938 I [CT]    : VIPER:CALIBRATION_HM: Failed to initialize! Num failed: 3 of 20
09-03 21:50:05.092   722  8938 I [CT]    : VIPER:CALIBRATION_HM: Failed to initialize! Num failed: 4 of 20
09-03 21:50:05.132   722  8938 I [CT]    : VIPER:CALIBRATION_HM: Failed to initialize! Num failed: 5 of 20
09-03 21:50:05.172   722  8938 I [CT]    : VIPER:CALIBRATION_HM: Failed to initialize! Num failed: 6 of 20
09-03 21:50:05.213   722  8938 I [CT]    : VIPER:CALIBRATION_HM: Failed to initialize! Num failed: 7 of 20
09-03 21:50:05.252   722  8938 I [CT]    : VIPER:CALIBRATION_HM: Failed to initialize! Num failed: 8 of 20
09-03 21:50:05.292   722  8938 I [CT]    : VIPER:CALIBRATION_HM: Failed to initialize! Num failed: 9 of 20
09-03 21:50:05.333   722  8938 I [CT]    : VIPER:CALIBRATION_HM: Failed to initialize! Num failed: 10 of 20
09-03 21:50:05.373   722  8938 I [CT]    : VIPER:CALIBRATION_HM: Failed to initialize! Num failed: 11 of 20
09-03 21:50:05.382   722  8937 W [CT]    : VIPER: [Throttled count=12] StateBuffer: Could not get velocity from buffer. Not currently tracking in 6dof.
09-03 21:50:05.403  1834  9325 I VrApi   : FPS=72,Prd=0ms,Tear=0,Early=72,Stale=0,VSnc=1,Lat=1,Fov=0,CPU4/GPU=2/4,1651/670MHz,OC=FF,TA=0/E0/0,SP=N/F/N,Mem=1804MHz,Free=1574MB,PSM=0,PLS=0,Temp=29.0C/0.0C,TW=0.87ms,App=0.00ms,GD=0.00ms,CPU&GPU=0.32ms,LCnt=0,GPU%=0.07,CPU%=0.05(W0.05),DSF=1.00
09-03 21:50:05.404  1960  2529 I OVR     : OVRPlatform saving push token credentials for userid 100778671252143
09-03 21:50:05.413   722  8938 I [CT]    : VIPER:CALIBRATION_HM: Failed to initialize! Num failed: 12 of 20
09-03 21:50:05.453   722  8938 I [CT]    : VIPER:CALIBRATION_HM: Failed to initialize! Num failed: 13 of 20
09-03 21:50:05.493   722  8938 I [CT]    : VIPER:LOCALIZER_MANAGER: [Throttled count=13] Number of frames to try relocalization on 3 maps: 149
09-03 21:50:05.493   722  8938 I [CT]    : VIPER:CALIBRATION_HM: Failed to initialize! Num failed: 14 of 20
09-03 21:50:05.533   722  8938 I [CT]    : VIPER:CALIBRATION_HM: Failed to initialize! Num failed: 15 of 20
09-03 21:50:05.533   722  8938 W [CT]    : VIPER: Status=3DoF,INITIALIZING,KF=-1,Inl=-1,Pts=-1,Issues(Cam/min=0.0,IMU/min=0.0),Exp=(14.0ms,g=15.0,I=14)(14.0ms,g=15.0,I=19)(14.0ms,g=15.0,I=11)(14.0ms,g=15.0,I=15)
09-03 21:50:05.533   722  8938 W [CT]    : VIPER: Images too dark, 
09-03 21:50:05.573   722  8938 I [CT]    : VIPER:CALIBRATION_HM: Failed to initialize! Num failed: 16 of 20
09-03 21:50:05.586  1960  2529 I OVRPlatform: [FBNSHandler] Push token received
09-03 21:50:05.612   722  8938 I [CT]    : VIPER:CALIBRATION_HM: Failed to initialize! Num failed: 17 of 20
09-03 21:50:05.653   722  8938 I [CT]    : VIPER:CALIBRATION_HM: Failed to initialize! Num failed: 18 of 20
09-03 21:50:05.693   722  8938 I [CT]    : VIPER:CALIBRATION_HM: Failed to initialize! Num failed: 19 of 20
09-03 21:50:05.733   722  8938 I [CT]    : VIPER:CALIBRATION_HM: Failed to initialize! Num failed: 20 of 20
09-03 21:50:05.733   722  8938 W [CT]    : VIPER:CALIBRATION_HM: Flagging the current calibration as bad!
09-03 21:50:05.772   722  8938 I [CT]    : VIPER:CALIBRATION_HM: Failed to initialize! Num failed: 21 of 20
09-03 21:50:05.772   722  8938 W [CT]    : VIPER:CALIBRATION_HM: Flagging the current calibration as bad!
09-03 21:50:05.813   722  8938 I [CT]    : VIPER:CALIBRATION_HM: Failed to initialize! Num failed: 22 of 20
09-03 21:50:05.813   722  8938 W [CT]    : VIPER:CALIBRATION_HM: Flagging the current calibration as bad!
09-03 21:50:05.853   722  8938 I [CT]    : VIPER:CALIBRATION_HM: Failed to initialize! Num failed: 23 of 20
09-03 21:50:05.853   722  8938 W [CT]    : VIPER:CALIBRATION_HM: Flagging the current calibration as bad!
09-03 21:50:05.895   722  8938 I [CT]    : VIPER:CALIBRATION_HM: Failed to initialize! Num failed: 24 of 20
09-03 21:50:05.895   722  8938 W [CT]    : VIPER:CALIBRATION_HM: Flagging the current calibration as bad!
09-03 21:50:05.902   722  8937 W [CT]    : VIPER: [Throttled count=12] StateBuffer: Could not get velocity from buffer. Not currently tracking in 6dof.
09-03 21:50:05.932   722  8938 I [CT]    : VIPER:CALIBRATION_HM: Failed to initialize! Num failed: 25 of 20
09-03 21:50:05.932   722  8938 W [CT]    : VIPER:CALIBRATION_HM: Flagging the current calibration as bad!
09-03 21:50:05.973   722  8938 I [CT]    : VIPER:CALIBRATION_HM: Failed to initialize! Num failed: 26 of 20
09-03 21:50:05.973   722  8938 W [CT]    : VIPER:CALIBRATION_HM: Flagging the current calibration as bad!
09-03 21:50:06.013   722  8938 I [CT]    : VIPER:LOCALIZER_MANAGER: [Throttled count=12] Number of frames to try relocalization on 3 maps: 149
09-03 21:50:06.013   722  8938 I [CT]    : VIPER:CALIBRATION_HM: Failed to initialize! Num failed: 27 of 20
09-03 21:50:06.013   722  8938 W [CT]    : VIPER:CALIBRATION_HM: Flagging the current calibration as bad!
09-03 21:50:06.052   722  8938 I [CT]    : VIPER:CALIBRATION_HM: Failed to initialize! Num failed: 28 of 20
09-03 21:50:06.052   722  8938 W [CT]    : VIPER:CALIBRATION_HM: Flagging the current calibration as bad!
09-03 21:50:06.093   722  8938 I [CT]    : VIPER:CALIBRATION_HM: Failed to initialize! Num failed: 29 of 20
09-03 21:50:06.093   722  8938 W [CT]    : VIPER:CALIBRATION_HM: Flagging the current calibration as bad!
09-03 21:50:06.132   722  8938 I [CT]    : VIPER:CALIBRATION_HM: Failed to initialize! Num failed: 30 of 20
09-03 21:50:06.133   722  8938 W [CT]    : VIPER:CALIBRATION_HM: Flagging the current calibration as bad!
09-03 21:50:06.173   722  8938 I [CT]    : VIPER:CALIBRATION_HM: Failed to initialize! Num failed: 31 of 20
09-03 21:50:06.173   722  8938 W [CT]    : VIPER:CALIBRATION_HM: Flagging the current calibration as bad!
09-03 21:50:06.213   722  8938 I [CT]    : VIPER:CALIBRATION_HM: Failed to initialize! Num failed: 32 of 20
09-03 21:50:06.213   722  8938 W [CT]    : VIPER:CALIBRATION_HM: Flagging the current calibration as bad!
09-03 21:50:06.253   722  8938 I [CT]    : VIPER:CALIBRATION_HM: Failed to initialize! Num failed: 33 of 20
09-03 21:50:06.253   722  8938 W [CT]    : VIPER:CALIBRATION_HM: Flagging the current calibration as bad!
09-03 21:50:06.293   722  8938 I [CT]    : VIPER:CALIBRATION_HM: Failed to initialize! Num failed: 34 of 20
09-03 21:50:06.293   722  8938 W [CT]    : VIPER:CALIBRATION_HM: Flagging the current calibration as bad!
09-03 21:50:06.302   722  8937 I [CT]    : CONSTELLATION: No HMD tracking for Constellation
09-03 21:50:06.333   722  8938 I [CT]    : VIPER:CALIBRATION_HM: Failed to initialize! Num failed: 35 of 20
09-03 21:50:06.333   722  8938 W [CT]    : VIPER:CALIBRATION_HM: Flagging the current calibration as bad!
09-03 21:50:06.373   722  8938 I [CT]    : VIPER:CALIBRATION_HM: Failed to initialize! Num failed: 36 of 20
09-03 21:50:06.373   722  8938 W [CT]    : VIPER:CALIBRATION_HM: Flagging the current calibration as bad!
09-03 21:50:06.403  1834  9325 I VrApi   : FPS=72,Prd=0ms,Tear=0,Early=72,Stale=0,VSnc=1,Lat=1,Fov=0,CPU4/GPU=2/4,1651/670MHz,OC=FF,TA=0/E0/0,SP=N/F/N,Mem=1017MHz,Free=1600MB,PSM=0,PLS=0,Temp=29.0C/0.0C,TW=0.89ms,App=0.00ms,GD=0.00ms,CPU&GPU=0.33ms,LCnt=0,GPU%=0.07,CPU%=0.03(W0.05),DSF=1.00
09-03 21:50:06.413   722  8938 I [CT]    : VIPER:CALIBRATION_HM: Failed to initialize! Num failed: 37 of 20
09-03 21:50:06.413   722  8938 W [CT]    : VIPER:CALIBRATION_HM: Flagging the current calibration as bad!
09-03 21:50:06.422   722  8937 W [CT]    : VIPER: [Throttled count=12] StateBuffer: Could not get velocity from buffer. Not currently tracking in 6dof.
09-03 21:50:06.453   722  8938 I [CT]    : VIPER:CALIBRATION_HM: Failed to initialize! Num failed: 38 of 20
09-03 21:50:06.453   722  8938 W [CT]    : VIPER:CALIBRATION_HM: Flagging the current calibration as bad!
09-03 21:50:06.493   722  8938 I [CT]    : VIPER:CALIBRATION_HM: Failed to initialize! Num failed: 39 of 20
09-03 21:50:06.493   722  8938 W [CT]    : VIPER:CALIBRATION_HM: Flagging the current calibration as bad!
09-03 21:50:06.532   722  8938 I [CT]    : VIPER:LOCALIZER_MANAGER: [Throttled count=12] Number of frames to try relocalization on 3 maps: 149
09-03 21:50:06.532   722  8938 I [CT]    : VIPER:CALIBRATION_HM: Failed to initialize! Num failed: 40 of 20
09-03 21:50:06.532   722  8938 W [CT]    : VIPER:CALIBRATION_HM: Flagging the current calibration as bad!
09-03 21:50:06.573   722  8938 I [CT]    : VIPER:CALIBRATION_HM: Failed to initialize! Num failed: 41 of 20
09-03 21:50:06.573   722  8938 W [CT]    : VIPER:CALIBRATION_HM: Flagging the current calibration as bad!
09-03 21:50:06.613   722  8938 I [CT]    : VIPER:CALIBRATION_HM: Failed to initialize! Num failed: 42 of 20
09-03 21:50:06.613   722  8938 W [CT]    : VIPER:CALIBRATION_HM: Flagging the current calibration as bad!
09-03 21:50:06.653   722  8938 I [CT]    : VIPER:CALIBRATION_HM: Failed to initialize! Num failed: 43 of 20
09-03 21:50:06.653   722  8938 W [CT]    : VIPER:CALIBRATION_HM: Flagging the current calibration as bad!
09-03 21:50:06.692   722  8938 I [CT]    : VIPER:CALIBRATION_HM: Failed to initialize! Num failed: 44 of 20
09-03 21:50:06.693   722  8938 W [CT]    : VIPER:CALIBRATION_HM: Flagging the current calibration as bad!
09-03 21:50:06.733   722  8938 I [CT]    : VIPER:CALIBRATION_HM: Failed to initialize! Num failed: 45 of 20
09-03 21:50:06.733   722  8938 W [CT]    : VIPER:CALIBRATION_HM: Flagging the current calibration as bad!
09-03 21:50:06.772   722  8938 I [CT]    : VIPER:CALIBRATION_HM: Failed to initialize! Num failed: 46 of 20
09-03 21:50:06.773   722  8938 W [CT]    : VIPER:CALIBRATION_HM: Flagging the current calibration as bad!
09-03 21:50:06.813   722  8938 I [CT]    : VIPER:CALIBRATION_HM: Failed to initialize! Num failed: 47 of 20
09-03 21:50:06.813   722  8938 W [CT]    : VIPER:CALIBRATION_HM: Flagging the current calibration as bad!
09-03 21:50:06.853   722  8938 I [CT]    : VIPER:CALIBRATION_HM: Failed to initialize! Num failed: 48 of 20
09-03 21:50:06.853   722  8938 W [CT]    : VIPER:CALIBRATION_HM: Flagging the current calibration as bad!
09-03 21:50:06.893   722  8938 I [CT]    : VIPER:CALIBRATION_HM: Failed to initialize! Num failed: 49 of 20
09-03 21:50:06.893   722  8938 W [CT]    : VIPER:CALIBRATION_HM: Flagging the current calibration as bad!
09-03 21:50:06.933   722  8938 I [CT]    : VIPER:CALIBRATION_HM: Failed to initialize! Num failed: 50 of 20
09-03 21:50:06.933   722  8938 W [CT]    : VIPER:CALIBRATION_HM: Flagging the current calibration as bad!
09-03 21:50:06.942   722  8937 W [CT]    : VIPER: [Throttled count=12] StateBuffer: Could not get velocity from buffer. Not currently tracking in 6dof.
09-03 21:50:06.973   722  8938 W [CT]    : VIPER:INIT: Initialization produced a map with 9 point(s) and 4 keyframe(s). Delaying initialization until the map has enough points and keyframes.
09-03 21:50:06.973   722  8938 I [CT]    : VIPER:CALIBRATION_HM: Failed to initialize! Num failed: 51 of 20
09-03 21:50:06.973   722  8938 W [CT]    : VIPER:CALIBRATION_HM: Flagging the current calibration as bad!
09-03 21:50:07.013   722  8938 I [CT]    : VIPER:CALIBRATION_HM: Failed to initialize! Num failed: 52 of 20
09-03 21:50:07.013   722  8938 W [CT]    : VIPER:CALIBRATION_HM: Flagging the current calibration as bad!
09-03 21:50:07.053   722  8938 I [CT]    : VIPER:LOCALIZER_MANAGER: [Throttled count=12] Number of frames to try relocalization on 3 maps: 149
09-03 21:50:07.053   722  8938 I [CT]    : VIPER:CALIBRATION_HM: Failed to initialize! Num failed: 53 of 20
09-03 21:50:07.053   722  8938 W [CT]    : VIPER:CALIBRATION_HM: Flagging the current calibration as bad!
09-03 21:50:07.093   722  8938 I [CT]    : VIPER:CALIBRATION_HM: Failed to initialize! Num failed: 54 of 20
09-03 21:50:07.093   722  8938 W [CT]    : VIPER:CALIBRATION_HM: Flagging the current calibration as bad!
09-03 21:50:07.133   722  8938 I [CT]    : VIPER:CALIBRATION_HM: Failed to initialize! Num failed: 55 of 20
09-03 21:50:07.133   722  8938 W [CT]    : VIPER:CALIBRATION_HM: Flagging the current calibration as bad!
09-03 21:50:07.173   722  8938 I [CT]    : VIPER:CALIBRATION_HM: Failed to initialize! Num failed: 56 of 20
09-03 21:50:07.173   722  8938 W [CT]    : VIPER:CALIBRATION_HM: Flagging the current calibration as bad!
09-03 21:50:07.212   722  8938 I [CT]    : VIPER:CALIBRATION_HM: Failed to initialize! Num failed: 57 of 20
09-03 21:50:07.212   722  8938 W [CT]    : VIPER:CALIBRATION_HM: Flagging the current calibration as bad!
09-03 21:50:07.253   722  8938 I [CT]    : VIPER:CALIBRATION_HM: Failed to initialize! Num failed: 58 of 20
09-03 21:50:07.253   722  8938 W [CT]    : VIPER:CALIBRATION_HM: Flagging the current calibration as bad!
09-03 21:50:07.292   722  8938 I [CT]    : VIPER:CALIBRATION_HM: Failed to initialize! Num failed: 59 of 20
09-03 21:50:07.293   722  8938 W [CT]    : VIPER:CALIBRATION_HM: Flagging the current calibration as bad!
09-03 21:50:07.333   722  8938 I [CT]    : VIPER:CALIBRATION_HM: Failed to initialize! Num failed: 60 of 20
09-03 21:50:07.333   722  8938 W [CT]    : VIPER:CALIBRATION_HM: Flagging the current calibration as bad!
09-03 21:50:07.333   722  8938 W [CT]    : VIPER:MAP_MANAGER: [Throttled count=93] Skip heartbeat: SLAM state is not available yet. (no currently tracked map)
09-03 21:50:07.373   722  8938 I [CT]    : VIPER:CALIBRATION_HM: Failed to initialize! Num failed: 61 of 20
09-03 21:50:07.373   722  8938 W [CT]    : VIPER:CALIBRATION_HM: Flagging the current calibration as bad!
09-03 21:50:07.403  1834  9325 I VrApi   : FPS=72,Prd=0ms,Tear=0,Early=72,Stale=0,VSnc=1,Lat=1,Fov=0,CPU4/GPU=2/4,1651/670MHz,OC=FF,TA=0/E0/0,SP=N/F/N,Mem=1295MHz,Free=1600MB,PSM=0,PLS=0,Temp=29.0C/0.0C,TW=0.89ms,App=0.00ms,GD=0.00ms,CPU&GPU=0.34ms,LCnt=0,GPU%=0.07,CPU%=0.02(W0.05),DSF=1.00
09-03 21:50:07.413   722  8938 I [CT]    : VIPER:CALIBRATION_HM: Failed to initialize! Num failed: 62 of 20
09-03 21:50:07.413   722  8938 W [CT]    : VIPER:CALIBRATION_HM: Flagging the current calibration as bad!
09-03 21:50:07.453   722  8938 I [CT]    : VIPER:CALIBRATION_HM: Failed to initialize! Num failed: 63 of 20
09-03 21:50:07.453   722  8938 W [CT]    : VIPER:CALIBRATION_HM: Flagging the current calibration as bad!
09-03 21:50:07.463   722  8937 W [CT]    : VIPER: [Throttled count=12] StateBuffer: Could not get velocity from buffer. Not currently tracking in 6dof.
09-03 21:50:07.493   722  8938 I [CT]    : VIPER:CALIBRATION_HM: Failed to initialize! Num failed: 64 of 20
09-03 21:50:07.493   722  8938 W [CT]    : VIPER:CALIBRATION_HM: Flagging the current calibration as bad!
09-03 21:50:07.533   722  8938 I [CT]    : VIPER:CALIBRATION_HM: Failed to initialize! Num failed: 65 of 20
09-03 21:50:07.533   722  8938 W [CT]    : VIPER:CALIBRATION_HM: Flagging the current calibration as bad!
09-03 21:50:07.573   722  8938 I [CT]    : VIPER:LOCALIZER_MANAGER: [Throttled count=12] Number of frames to try relocalization on 3 maps: 149
09-03 21:50:07.573   722  8938 I [CT]    : VIPER:CALIBRATION_HM: Failed to initialize! Num failed: 66 of 20
09-03 21:50:07.573   722  8938 W [CT]    : VIPER:CALIBRATION_HM: Flagging the current calibration as bad!
09-03 21:50:07.613   722  8938 I [CT]    : VIPER:CALIBRATION_HM: Failed to initialize! Num failed: 67 of 20
09-03 21:50:07.613   722  8938 W [CT]    : VIPER:CALIBRATION_HM: Flagging the current calibration as bad!
09-03 21:50:07.653   722  8938 I [CT]    : VIPER:CALIBRATION_HM: Failed to initialize! Num failed: 68 of 20
09-03 21:50:07.653   722  8938 W [CT]    : VIPER:CALIBRATION_HM: Flagging the current calibration as bad!
09-03 21:50:07.693   722  8938 I [CT]    : VIPER:CALIBRATION_HM: Failed to initialize! Num failed: 69 of 20
09-03 21:50:07.693   722  8938 W [CT]    : VIPER:CALIBRATION_HM: Flagging the current calibration as bad!
09-03 21:50:07.733   722  8938 I [CT]    : VIPER:CALIBRATION_HM: Failed to initialize! Num failed: 70 of 20
09-03 21:50:07.733   722  8938 W [CT]    : VIPER:CALIBRATION_HM: Flagging the current calibration as bad!
09-03 21:50:07.773   722  8938 I [CT]    : VIPER:CALIBRATION_HM: Failed to initialize! Num failed: 71 of 20
09-03 21:50:07.773   722  8938 W [CT]    : VIPER:CALIBRATION_HM: Flagging the current calibration as bad!
09-03 21:50:07.813   722  8938 I [CT]    : VIPER:CALIBRATION_HM: Failed to initialize! Num failed: 72 of 20
09-03 21:50:07.813   722  8938 W [CT]    : VIPER:CALIBRATION_HM: Flagging the current calibration as bad!
09-03 21:50:07.853   722  8938 I [CT]    : VIPER:CALIBRATION_HM: Failed to initialize! Num failed: 73 of 20
09-03 21:50:07.853   722  8938 W [CT]    : VIPER:CALIBRATION_HM: Flagging the current calibration as bad!
09-03 21:50:07.893   722  8938 I [CT]    : VIPER:CALIBRATION_HM: Failed to initialize! Num failed: 74 of 20
09-03 21:50:07.893   722  8938 W [CT]    : VIPER:CALIBRATION_HM: Flagging the current calibration as bad!
09-03 21:50:07.933   722  8687 I [CT]    : VIPER:LOCALIZER: Validating using a pose that is 0.12000000099999397 seconds old.
09-03 21:50:07.933   722  8938 I [CT]    : VIPER:CALIBRATION_HM: Failed to initialize! Num failed: 75 of 20
09-03 21:50:07.933   722  8938 W [CT]    : VIPER:CALIBRATION_HM: Flagging the current calibration as bad!
09-03 21:50:07.935   722  8687 I [CT]    : VIPER: No validation due to too few inliers: num_inliers: 0 < 10
09-03 21:50:07.935   722  8687 I [CT]    : VIPER:LOCALIZER: Validation failed.
09-03 21:50:07.973   722  8938 I [CT]    : VIPER:CALIBRATION_HM: Failed to initialize! Num failed: 76 of 20
09-03 21:50:07.973   722  8938 W [CT]    : VIPER:CALIBRATION_HM: Flagging the current calibration as bad!
09-03 21:50:07.982   722  8937 W [CT]    : VIPER: [Throttled count=12] StateBuffer: Could not get velocity from buffer. Not currently tracking in 6dof.
09-03 21:50:08.013   722  8938 I [CT]    : VIPER:CALIBRATION_HM: Failed to initialize! Num failed: 77 of 20
09-03 21:50:08.013   722  8938 W [CT]    : VIPER:CALIBRATION_HM: Flagging the current calibration as bad!
09-03 21:50:08.053   722  8938 I [CT]    : VIPER:CALIBRATION_HM: Failed to initialize! Num failed: 78 of 20
09-03 21:50:08.053   722  8938 W [CT]    : VIPER:CALIBRATION_HM: Flagging the current calibration as bad!
09-03 21:50:08.093   722  8938 I [CT]    : VIPER:LOCALIZER_MANAGER: [Throttled count=12] Number of frames to try relocalization on 3 maps: 149
09-03 21:50:08.093   722  8938 I [CT]    : VIPER:CALIBRATION_HM: Failed to initialize! Num failed: 79 of 20
09-03 21:50:08.093   722  8938 W [CT]    : VIPER:CALIBRATION_HM: Flagging the current calibration as bad!
09-03 21:50:08.133   722  8938 I [CT]    : VIPER:CALIBRATION_HM: Failed to initialize! Num failed: 80 of 20
09-03 21:50:08.133   722  8938 W [CT]    : VIPER:CALIBRATION_HM: Flagging the current calibration as bad!
09-03 21:50:08.173   722  8938 I [CT]    : VIPER:CALIBRATION_HM: Failed to initialize! Num failed: 81 of 20
09-03 21:50:08.173   722  8938 W [CT]    : VIPER:CALIBRATION_HM: Flagging the current calibration as bad!
09-03 21:50:08.213   722  8938 I [CT]    : VIPER:CALIBRATION_HM: Failed to initialize! Num failed: 82 of 20
09-03 21:50:08.213   722  8938 W [CT]    : VIPER:CALIBRATION_HM: Flagging the current calibration as bad!
09-03 21:50:08.252   722  8687 I [CT]    : VIPER:LOCALIZER: Validating using a pose that is 0.12000000000000455 seconds old.
09-03 21:50:08.252   722  8938 I [CT]    : VIPER:CALIBRATION_HM: Failed to initialize! Num failed: 83 of 20
09-03 21:50:08.252   722  8938 W [CT]    : VIPER:CALIBRATION_HM: Flagging the current calibration as bad!
09-03 21:50:08.256   722  8687 I [CT]    : VIPER: No validation due to too few inliers: num_inliers: 0 < 10
09-03 21:50:08.256   722  8687 I [CT]    : VIPER:LOCALIZER: Validation failed.
09-03 21:50:08.293   722  8938 I [CT]    : VIPER:CALIBRATION_HM: Failed to initialize! Num failed: 84 of 20
09-03 21:50:08.293   722  8938 W [CT]    : VIPER:CALIBRATION_HM: Flagging the current calibration as bad!
09-03 21:50:08.333   722  8938 I [CT]    : VIPER:CALIBRATION_HM: Failed to initialize! Num failed: 85 of 20
09-03 21:50:08.333   722  8938 W [CT]    : VIPER:CALIBRATION_HM: Flagging the current calibration as bad!
09-03 21:50:08.342   722  8937 I [CT]    : CONSTELLATION: No HMD tracking for Constellation
09-03 21:50:08.373   722  8938 I [CT]    : VIPER:CALIBRATION_HM: Failed to initialize! Num failed: 86 of 20
09-03 21:50:08.373   722  8938 W [CT]    : VIPER:CALIBRATION_HM: Flagging the current calibration as bad!
09-03 21:50:08.404  1834  9325 I VrApi   : FPS=72,Prd=0ms,Tear=0,Early=72,Stale=0,VSnc=1,Lat=1,Fov=0,CPU4/GPU=2/4,1651/670MHz,OC=FF,TA=0/E0/0,SP=N/F/N,Mem=1554MHz,Free=1600MB,PSM=0,PLS=0,Temp=29.0C/0.0C,TW=0.88ms,App=0.00ms,GD=0.00ms,CPU&GPU=0.30ms,LCnt=0,GPU%=0.07,CPU%=0.03(W0.10),DSF=1.00
09-03 21:50:08.413   722  8687 I [CT]    : VIPER:LOCALIZER: Validating using a pose that is 0.1199999989999867 seconds old.
09-03 21:50:08.413   722  8938 I [CT]    : VIPER:CALIBRATION_HM: Failed to initialize! Num failed: 87 of 20
09-03 21:50:08.413   722  8938 W [CT]    : VIPER:CALIBRATION_HM: Flagging the current calibration as bad!
09-03 21:50:08.416   722  8687 I [CT]    : VIPER: No validation due to too few inliers: num_inliers: 0 < 10
09-03 21:50:08.417   722  8687 I [CT]    : VIPER:LOCALIZER: Validation failed.
09-03 21:50:08.453   722  8938 I [CT]    : VIPER:CALIBRATION_HM: Failed to initialize! Num failed: 88 of 20
09-03 21:50:08.453   722  8938 W [CT]    : VIPER:CALIBRATION_HM: Flagging the current calibration as bad!
09-03 21:50:08.492   722  8938 I [CT]    : VIPER:CALIBRATION_HM: Failed to initialize! Num failed: 89 of 20
09-03 21:50:08.492   722  8938 W [CT]    : VIPER:CALIBRATION_HM: Flagging the current calibration as bad!
09-03 21:50:08.502   722  8937 W [CT]    : VIPER: [Throttled count=12] StateBuffer: Could not get velocity from buffer. Not currently tracking in 6dof.
09-03 21:50:08.533   722  8938 I [CT]    : VIPER:CALIBRATION_HM: Failed to initialize! Num failed: 90 of 20
09-03 21:50:08.533   722  8938 W [CT]    : VIPER:CALIBRATION_HM: Flagging the current calibration as bad!
09-03 21:50:08.573   722  8938 I [CT]    : VIPER:CALIBRATION_HM: Failed to initialize! Num failed: 91 of 20
09-03 21:50:08.573   722  8938 W [CT]    : VIPER:CALIBRATION_HM: Flagging the current calibration as bad!
09-03 21:50:08.613   722  8938 I [CT]    : VIPER:LOCALIZER_MANAGER: [Throttled count=12] Number of frames to try relocalization on 3 maps: 149
09-03 21:50:08.613   722  8938 I [CT]    : VIPER:CALIBRATION_HM: Failed to initialize! Num failed: 92 of 20
09-03 21:50:08.613   722  8938 W [CT]    : VIPER:CALIBRATION_HM: Flagging the current calibration as bad!
09-03 21:50:08.653   722  8938 I [CT]    : VIPER:CALIBRATION_HM: Failed to initialize! Num failed: 93 of 20
09-03 21:50:08.653   722  8938 W [CT]    : VIPER:CALIBRATION_HM: Flagging the current calibration as bad!
09-03 21:50:08.653   722  8938 I [CT]    : HealthReport: Everything Passed =)
09-03 21:50:08.693   722  8938 I [CT]    : VIPER:CALIBRATION_HM: Failed to initialize! Num failed: 94 of 20
09-03 21:50:08.693   722  8938 W [CT]    : VIPER:CALIBRATION_HM: Flagging the current calibration as bad!
09-03 21:50:08.732   722  8938 I [CT]    : VIPER:CALIBRATION_HM: Failed to initialize! Num failed: 95 of 20
09-03 21:50:08.732   722  8938 W [CT]    : VIPER:CALIBRATION_HM: Flagging the current calibration as bad!
09-03 21:50:08.773   722  8938 I [CT]    : VIPER:CALIBRATION_HM: Failed to initialize! Num failed: 96 of 20
09-03 21:50:08.773   722  8938 W [CT]    : VIPER:CALIBRATION_HM: Flagging the current calibration as bad!
09-03 21:50:08.813   722  8938 I [CT]    : VIPER:CALIBRATION_HM: Failed to initialize! Num failed: 97 of 20
09-03 21:50:08.813   722  8938 W [CT]    : VIPER:CALIBRATION_HM: Flagging the current calibration as bad!
09-03 21:50:08.853   722  8938 I [CT]    : VIPER:CALIBRATION_HM: Failed to initialize! Num failed: 98 of 20
09-03 21:50:08.853   722  8938 W [CT]    : VIPER:CALIBRATION_HM: Flagging the current calibration as bad!
09-03 21:50:08.893   722  8938 I [CT]    : VIPER:CALIBRATION_HM: Failed to initialize! Num failed: 99 of 20
09-03 21:50:08.893   722  8938 W [CT]    : VIPER:CALIBRATION_HM: Flagging the current calibration as bad!
09-03 21:50:08.933   722  8938 I [CT]    : VIPER:CALIBRATION_HM: Failed to initialize! Num failed: 100 of 20
09-03 21:50:08.933   722  8938 W [CT]    : VIPER:CALIBRATION_HM: Flagging the current calibration as bad!
09-03 21:50:08.973   722  8938 I [CT]    : VIPER:CALIBRATION_HM: Failed to initialize! Num failed: 101 of 20
09-03 21:50:08.973   722  8938 W [CT]    : VIPER:CALIBRATION_HM: Flagging the current calibration as bad!
09-03 21:50:09.013   722  8938 W [CT]    : VIPER:INIT: Initialization produced a map with 0 point(s) and 4 keyframe(s). Delaying initialization until the map has enough points and keyframes.
09-03 21:50:09.013   722  8938 I [CT]    : VIPER:CALIBRATION_HM: Failed to initialize! Num failed: 102 of 20
09-03 21:50:09.013   722  8938 W [CT]    : VIPER:CALIBRATION_HM: Flagging the current calibration as bad!
09-03 21:50:09.022   722  8937 W [CT]    : VIPER: [Throttled count=12] StateBuffer: Could not get velocity from buffer. Not currently tracking in 6dof.
09-03 21:50:09.053   722  8938 I [CT]    : VIPER:CALIBRATION_HM: Failed to initialize! Num failed: 103 of 20
09-03 21:50:09.053   722  8938 W [CT]    : VIPER:CALIBRATION_HM: Flagging the current calibration as bad!
09-03 21:50:09.093   722  8938 I [CT]    : VIPER:CALIBRATION_HM: Failed to initialize! Num failed: 104 of 20
09-03 21:50:09.093   722  8938 W [CT]    : VIPER:CALIBRATION_HM: Flagging the current calibration as bad!
09-03 21:50:09.133   722  8938 I [CT]    : VIPER:LOCALIZER_MANAGER: [Throttled count=12] Number of frames to try relocalization on 3 maps: 149
09-03 21:50:09.133   722  8938 I [CT]    : VIPER:CALIBRATION_HM: Failed to initialize! Num failed: 105 of 20
09-03 21:50:09.133   722  8938 W [CT]    : VIPER:CALIBRATION_HM: Flagging the current calibration as bad!
09-03 21:50:09.134   722  8938 W [CT]    : VIPER: Status=3DoF,INITIALIZING,KF=-1,Inl=-1,Pts=-1,Issues(Cam/min=0.0,IMU/min=0.0),Exp=(14.0ms,g=15.0,I=6)(14.0ms,g=15.0,I=12)(14.0ms,g=15.0,I=7)(14.0ms,g=15.0,I=11)
09-03 21:50:09.134   722  8938 W [CT]    : VIPER: Images too dark, 
09-03 21:50:09.173   722  8938 I [CT]    : VIPER:CALIBRATION_HM: Failed to initialize! Num failed: 106 of 20
09-03 21:50:09.173   722  8938 W [CT]    : VIPER:CALIBRATION_HM: Flagging the current calibration as bad!
09-03 21:50:09.212   722  8938 I [CT]    : VIPER:CALIBRATION_HM: Failed to initialize! Num failed: 107 of 20
09-03 21:50:09.212   722  8938 W [CT]    : VIPER:CALIBRATION_HM: Flagging the current calibration as bad!
09-03 21:50:09.253   722  8938 I [CT]    : VIPER:CALIBRATION_HM: Failed to initialize! Num failed: 108 of 20
09-03 21:50:09.253   722  8938 W [CT]    : VIPER:CALIBRATION_HM: Flagging the current calibration as bad!
09-03 21:50:09.293   722  8938 I [CT]    : VIPER:CALIBRATION_HM: Failed to initialize! Num failed: 109 of 20
09-03 21:50:09.293   722  8938 W [CT]    : VIPER:CALIBRATION_HM: Flagging the current calibration as bad!
09-03 21:50:09.333   722  8938 I [CT]    : VIPER:CALIBRATION_HM: Failed to initialize! Num failed: 110 of 20
09-03 21:50:09.333   722  8938 W [CT]    : VIPER:CALIBRATION_HM: Flagging the current calibration as bad!
09-03 21:50:09.373   722  8938 I [CT]    : VIPER:CALIBRATION_HM: Failed to initialize! Num failed: 111 of 20
09-03 21:50:09.373   722  8938 W [CT]    : VIPER:CALIBRATION_HM: Flagging the current calibration as bad!
09-03 21:50:09.404  1834  9325 I VrApi   : FPS=72,Prd=0ms,Tear=0,Early=72,Stale=0,VSnc=1,Lat=1,Fov=0,CPU4/GPU=2/4,1651/670MHz,OC=FF,TA=0/E0/0,SP=N/F/N,Mem=1554MHz,Free=1600MB,PSM=0,PLS=0,Temp=29.0C/0.0C,TW=0.88ms,App=0.00ms,GD=0.00ms,CPU&GPU=0.30ms,LCnt=0,GPU%=0.07,CPU%=0.03(W0.10),DSF=1.00
09-03 21:50:09.413   722  8938 I [CT]    : VIPER:CALIBRATION_HM: Failed to initialize! Num failed: 112 of 20
09-03 21:50:09.413   722  8938 W [CT]    : VIPER:CALIBRATION_HM: Flagging the current calibration as bad!
09-03 21:50:09.453   722  8938 I [CT]    : VIPER:CALIBRATION_HM: Failed to initialize! Num failed: 113 of 20
09-03 21:50:09.453   722  8938 W [CT]    : VIPER:CALIBRATION_HM: Flagging the current calibration as bad!
09-03 21:50:09.493   722  8938 I [CT]    : VIPER:CALIBRATION_HM: Failed to initialize! Num failed: 114 of 20
09-03 21:50:09.493   722  8938 W [CT]    : VIPER:CALIBRATION_HM: Flagging the current calibration as bad!
09-03 21:50:09.533   722  8938 I [CT]    : VIPER:CALIBRATION_HM: Failed to initialize! Num failed: 115 of 20
09-03 21:50:09.533   722  8938 W [CT]    : VIPER:CALIBRATION_HM: Flagging the current calibration as bad!
09-03 21:50:09.542   722  8937 W [CT]    : VIPER: [Throttled count=12] StateBuffer: Could not get velocity from buffer. Not currently tracking in 6dof.
09-03 21:50:09.563  1782  2118 W OVRLibrary: getAppById was called with a null id
09-03 21:50:09.573   722  8938 I [CT]    : VIPER:CALIBRATION_HM: Failed to initialize! Num failed: 116 of 20
09-03 21:50:09.573   722  8938 W [CT]    : VIPER:CALIBRATION_HM: Flagging the current calibration as bad!
09-03 21:50:09.613   722  8938 I [CT]    : VIPER:CALIBRATION_HM: Failed to initialize! Num failed: 117 of 20
09-03 21:50:09.613   722  8938 W [CT]    : VIPER:CALIBRATION_HM: Flagging the current calibration as bad!
09-03 21:50:09.652   722  8938 I [CT]    : VIPER:LOCALIZER_MANAGER: [Throttled count=12] Number of frames to try relocalization on 3 maps: 149
09-03 21:50:09.653   722  8938 I [CT]    : VIPER:CALIBRATION_HM: Failed to initialize! Num failed: 118 of 20
09-03 21:50:09.653   722  8938 W [CT]    : VIPER:CALIBRATION_HM: Flagging the current calibration as bad!
09-03 21:50:09.693   722  8659 I [CT]    : boltlib: DSP utilization(%): 12
09-03 21:50:09.693   722  8938 I [CT]    : VIPER:CALIBRATION_HM: Failed to initialize! Num failed: 119 of 20
09-03 21:50:09.693   722  8938 W [CT]    : VIPER:CALIBRATION_HM: Flagging the current calibration as bad!
09-03 21:50:09.733   722  8938 I [CT]    : VIPER:CALIBRATION_HM: Failed to initialize! Num failed: 120 of 20
09-03 21:50:09.733   722  8938 W [CT]    : VIPER:CALIBRATION_HM: Flagging the current calibration as bad!
09-03 21:50:09.773   722  8938 I [CT]    : VIPER:CALIBRATION_HM: Failed to initialize! Num failed: 121 of 20
09-03 21:50:09.773   722  8938 W [CT]    : VIPER:CALIBRATION_HM: Flagging the current calibration as bad!
09-03 21:50:09.813   722  8938 I [CT]    : VIPER:CALIBRATION_HM: Failed to initialize! Num failed: 122 of 20
