--------- beginning of system
09-03 21:26:10.456  1056  1149 I ActivityManager: START u0 {flg=0x10000000 cmp=com.YourCompany.HadoukenVR/com.epicgames.ue4.GameActivity} from uid 2000 on display 0
09-03 21:26:10.475  1056  1149 I ActivityManager: Start proc 6154:com.YourCompany.HadoukenVR/u0a29 for activity com.YourCompany.HadoukenVR/com.epicgames.ue4.GameActivity
09-03 21:26:11.025  1056  1095 W ActivityManager: Activity pause timeout for ActivityRecord{f499320 u0 com.YourCompany.HadoukenVR/com.epicgames.ue4.GameActivity t1076}
09-03 21:26:13.983  1056  1273 E TaskPersister: File error accessing recents directory (directory doesn't exist?).
09-03 21:28:51.455  1497  6485 W ContextImpl: Calling a method in the system process without a qualified user: android.app.ContextImpl.sendBroadcast:877 android.content.ContextWrapper.sendBroadcast:421 com.facebook.analytics2.logger.UploadServiceBus.signalJobRan:60 com.facebook.analytics2.logger.UploadJobHandler.exitStateMachine:268 com.facebook.analytics2.logger.UploadJobHandler.handleMessage:98 
09-03 21:28:56.992  1056  1099 E BatteryStatsService: no controller energy info supplied
09-03 21:28:57.003  1056  1099 E BatteryStatsService: no controller energy info supplied
09-03 21:31:08.214  1056  1099 E BatteryStatsService: no controller energy info supplied
09-03 21:31:08.224  1056  1099 E BatteryStatsService: no controller energy info supplied
09-03 21:34:24.981  1056  1099 E BatteryStatsService: no controller energy info supplied
09-03 21:34:24.992  1056  1099 E BatteryStatsService: no controller energy info supplied
09-03 21:35:21.255  1497  7241 W ContextImpl: Calling a method in the system process without a qualified user: android.app.ContextImpl.sendBroadcast:877 android.content.ContextWrapper.sendBroadcast:421 com.facebook.analytics2.logger.UploadServiceBus.signalJobRan:60 com.facebook.analytics2.logger.UploadJobHandler.exitStateMachine:268 com.facebook.analytics2.logger.UploadJobHandler.handleMessage:98 
09-03 21:36:36.142  1056  1099 E BatteryStatsService: no controller energy info supplied
09-03 21:36:36.155  1056  1099 E BatteryStatsService: no controller energy info supplied
09-03 21:39:00.092  1056  1099 E BatteryStatsService: no controller energy info supplied
09-03 21:39:00.103  1056  1099 E BatteryStatsService: no controller energy info supplied
09-03 21:39:25.661  1056  1095 I ProcessStatsService: Prepared write state in 2ms
09-03 21:40:46.375  1056  1099 E BatteryStatsService: no controller energy info supplied
09-03 21:40:46.388  1056  1099 E BatteryStatsService: no controller energy info supplied
09-03 21:41:40.436  1497  7998 W ContextImpl: Calling a method in the system process without a qualified user: android.app.ContextImpl.sendBroadcast:877 android.content.ContextWrapper.sendBroadcast:421 com.facebook.analytics2.logger.UploadServiceBus.signalJobRan:60 com.facebook.analytics2.logger.UploadJobHandler.exitStateMachine:268 com.facebook.analytics2.logger.UploadJobHandler.handleMessage:98 
09-03 21:43:09.528  1056  1099 E BatteryStatsService: no controller energy info supplied
09-03 21:43:09.541  1056  1099 E BatteryStatsService: no controller energy info supplied
09-03 21:46:10.619  1056  1094 I UsageStatsService: User[0] Flushing usage stats to disk
09-03 21:46:26.189  1056  1099 E BatteryStatsService: no controller energy info supplied
09-03 21:46:26.201  1056  1099 E BatteryStatsService: no controller energy info supplied
09-03 21:47:21.414  1056  1547 I PowerManagerService: Waking up from sleep (uid 1000)...
09-03 21:47:21.415  1056  1121 I DisplayPowerController: Blocking screen on until initial contents have been drawn.
--------- beginning of tracking
09-03 21:47:21.418   722   823 D TrackingService: Cancelling delayed transition to SLEEP
09-03 21:47:21.418   722   823 D TrackingService: Received transition request to RUNNING current is SLEEP
09-03 21:47:21.418   722   823 D TrackingService: Executing transition from SLEEP to STANDBY
09-03 21:47:21.418   722   823 D TrackingService: Setting power state to STANDBY
09-03 21:47:21.421   722   823 D Tracker/CoreOS: MontereyGlue: Acquired MontereyGlue WakeLock, current refcount: 1
09-03 21:47:21.421   722   823 D TrackingService: Executing transition from STANDBY to RUNNING
09-03 21:47:21.421   722   823 D TrackingService: Setting power state to RUNNING
09-03 21:47:21.421   722   823 D Tracker/CoreOS: MontereyGlue: Acquired MontereyGlue WakeLock, current refcount: 2
09-03 21:47:21.421   722  1237 I Tracker/CoreOS: MontereyGlue Handle Power State. currentState: 0, newState: 1
09-03 21:47:21.421   722  1237 D Tracker/CoreOS: MontereyGlue: Transition start SLEEP->STANDBY
09-03 21:47:21.421   722  1237 I Tracker/CoreOS: AutomationTest: ResumeFromSuspendTimeTests: MontereyGlue resume
09-03 21:47:21.443  1056  1118 I DisplayManagerService: Display device changed state: "Built-in Screen", ON
09-03 21:47:21.480   722  1237 D Tracker/CoreOS: MontereyGlue: start vision took 54ms
09-03 21:47:21.480   722  1237 D Tracker/CoreOS: MontereyGlue: starting non-camera streams
09-03 21:47:21.493   722  1237 I SyncBossHAL: syncboss_telemetry.c(90): INFO: Successfully loaded telmetry library (v2.0)
09-03 21:47:21.500   722  1237 I SyncBossHAL: syncboss_hal_impl_common.c(188): INFO: Detected firmware version: v2.11.0. Chip: AAE1, Built Feb 28 2020 12:46:27 by twsvcscm@sandcastle928.a with cc 4.8.5. SHA 5a58dec8aa7b
09-03 21:47:21.500   722  1237 I SyncBossHAL: double_tap.cpp(42): INFO: DoubleTap: Initializing detection engine
09-03 21:47:21.500   722  1237 I SyncBossHAL: syncboss_hal_impl_iad.c(197): INFO: Initializing IAD
09-03 21:47:21.500   722  1237 I SyncBossHAL: syncboss_hal_impl_iad.c(204): INFO: Detected headset hardware revision: P3
09-03 21:47:21.511   722  8698 E SyncBossFW: ��lled. on: 44, off: 31, cancellation: 20
09-03 21:47:21.511   722  8698 I SyncBossFW: [info   ] {VCNL}: Setting prox config: on: 44, off: 31, canc: 20
09-03 21:47:21.511   722  8698 I SyncBossFW: [info   ] {APPI}: Enabling prox sensor
09-03 21:47:21.511   722  8698 I SyncBossFW: [info   ] {WAKE}: Enabling prox wakeup
09-03 21:47:21.511   722  8698 I SyncBossFW: [info   ] {VCNL}: Setting prox config: on: 44, off: 31, canc: 20
09-03 21:47:21.530   722  1237 D Tracker/CoreOS: MontereyGlue: starting non-camera streams took 49ms
09-03 21:47:21.530   722  1237 D Tracker/CoreOS: MontereyGlue: starting remote service
09-03 21:47:21.530   722  1237 D Tracker/CoreOS: Entering ControllerGlue::start()
09-03 21:47:21.530   722  1237 D Tracker/CoreOS: ControllerGlue: setting expected mode to ACTIVE
09-03 21:47:21.530   722  1237 D Tracker/CoreOS: ControllerGlue: Setting current mode to ACTIVE
09-03 21:47:21.532   722  1237 I SyncBossHAL: syncboss_hal_impl_input.c(252): INFO: No pulsar frequency blacklist set
09-03 21:47:21.532   722  1237 I SyncBossHAL: syncboss_hal_impl_input.c(273): INFO: No AFH behavior specified, enabled by default
09-03 21:47:21.532   722  1237 I SyncBossHAL: syncboss_hal_impl_input.c(306): INFO: Input device auto-whitelisting disabled
09-03 21:47:21.533   722  8698 I SyncBossFW: [info   ] {APPI}: Found 0 connected pulsar devices
09-03 21:47:21.533   722  8698 I SyncBossFW: [info   ] {APPI}: Enabling mag streaming.  Temperature comp enabled
09-03 21:47:21.533   722  8698 W SyncBossFW: [warning] {BMM1}: Sample DRDY bit not set
09-03 21:47:21.536   722  1237 D Tracker/CoreOS: MontereyGlue: starting remote service took 6ms
09-03 21:47:21.536   722  1237 D Tracker/CoreOS: MontereyGlue: Transition complete SLEEP->STANDBY
09-03 21:47:21.536   722  1237 D Tracker/CoreOS: MontereyGlue: Released MontereyGlue WakeLock, current refcount: 1
09-03 21:47:21.536   722  1237 I Tracker/CoreOS: MontereyGlue Handle Power State. currentState: 1, newState: 2
09-03 21:47:21.536   722  1237 D Tracker/CoreOS: MontereyGlue: Transition start STANDBY->RUNNING
09-03 21:47:21.536   722  1237 D Tracker/CoreOS: MontereyGlue: initializing cameras
09-03 21:47:21.543   722  8698 I SyncBossFW: [info   ] {WIHO}: Pulsar device auto-whitelisting disabled
09-03 21:47:21.594   722  8698 I SyncBossFW: [info   ] {APPI}: cams_found=0xf
09-03 21:47:21.615   722  1237 I SyncBossHAL: syncboss_hal_impl_camera.c(202): INFO: Changing camera frame period to 40000 (status=0)
09-03 21:47:21.616   722  8703 I SyncBossHAL: pulsar_manager.c(700): INFO: Setting controller LED config to period: 40000us, on-time: 19us
09-03 21:47:21.619   722  1237 D Tracker/CoreOS: MontereyGlue: initializing cameras took 82ms
09-03 21:47:21.619   722  1237 D Tracker/CoreOS: MontereyGlue: starting camera streams
09-03 21:47:21.633   722  1237 D Tracker/CoreOS: MontereyGlue: starting camera streams took 14ms
09-03 21:47:21.633   722  1237 D Tracker/CoreOS: MontereyGlue: Starting Vision capabilities.
09-03 21:47:21.639   722  1237 D Tracker/CoreOS: MontereyGlue: Acquiring handleHandTrackingSettingChange lock
09-03 21:47:21.639   722  1237 D Tracker/CoreOS: MontereyGlue: Handling hand tracking setting disabled
09-03 21:47:21.640   722  1237 D Tracker/CoreOS: MontereyGlue: Releasing handleHandTrackingSettingChange lock
09-03 21:47:21.640   722  1237 D Tracker/CoreOS: MontereyGlue: Transition complete STANDBY->RUNNING
09-03 21:47:21.640   722  1237 D Tracker/CoreOS: MontereyGlue: Done. Total resume time: 205ms
09-03 21:47:21.640   722  1237 I Tracker/CoreOS: Tracking starts in LibDevices stack!
09-03 21:47:21.640   722  1237 D Tracker/CoreOS: MontereyGlue: Released MontereyGlue WakeLock, current refcount: 0
09-03 21:47:21.698  1497  8712 W ContextImpl: Calling a method in the system process without a qualified user: android.app.ContextImpl.sendBroadcast:877 android.content.ContextWrapper.sendBroadcast:421 com.facebook.analytics2.logger.UploadServiceBus.signalJobRan:60 com.facebook.analytics2.logger.UploadJobHandler.exitStateMachine:268 com.facebook.analytics2.logger.UploadJobHandler.handleMessage:98 
09-03 21:47:21.757  1056  1121 I DisplayPowerController: Unblocked screen on after 342 ms
09-03 21:47:21.962   722  8698 I SyncBossFW: [info   ] {CMTH}: Good morning.  Prox is currently near
09-03 21:47:22.174  1497  8741 W ContextImpl: Calling a method in the system process without a qualified user: android.app.ContextImpl.sendBroadcast:877 android.content.ContextWrapper.sendBroadcast:421 com.facebook.analytics2.logger.UploadServiceBus.signalJobRan:60 com.facebook.analytics2.logger.UploadJobHandler.exitStateMachine:268 com.facebook.analytics2.logger.UploadJobHandler.handleMessage:98 
09-03 21:47:22.353  1056  1081 I DisplayManagerService: Display device added: DisplayDeviceInfo{"com.oculus.android_panel_app.AndroidPanelLayer-#main": uniqueId="virtual:com.oculus.systemux,10065,com.oculus.android_panel_app.AndroidPanelLayer-#main,0", 862 x 124, modeId 11, defaultModeId 11, supportedModes [{id=11, width=862, height=124, fps=60.0}], colorMode 0, supportedColorModes [0], HdrCapabilities null, density 160, 160.0 x 160.0 dpi, appVsyncOff 0, presDeadline 16666666, touch NONE, rotation 0, type VIRTUAL, state OFF, owner com.oculus.systemux (uid 10065), FLAG_PRIVATE, FLAG_NEVER_BLANK, FLAG_OWN_CONTENT_ONLY}
09-03 21:47:22.392  1056  1149 I DisplayManagerService: Display device added: DisplayDeviceInfo{"com.oculus.android_panel_app.AndroidPanelLayer-tablet": uniqueId="virtual:com.oculus.systemux,10065,com.oculus.android_panel_app.AndroidPanelLayer-tablet,0", 768 x 340, modeId 12, defaultModeId 12, supportedModes [{id=12, width=768, height=340, fps=60.0}], colorMode 0, supportedColorModes [0], HdrCapabilities null, density 160, 160.0 x 160.0 dpi, appVsyncOff 0, presDeadline 16666666, touch NONE, rotation 0, type VIRTUAL, state OFF, owner com.oculus.systemux (uid 10065), FLAG_PRIVATE, FLAG_NEVER_BLANK, FLAG_OWN_CONTENT_ONLY}
09-03 21:47:22.402  1056  1600 I DisplayManagerService: Display device added: DisplayDeviceInfo{"com.oculus.android_panel_app.AndroidPanelLayer-tabletNav": uniqueId="virtual:com.oculus.systemux,10065,com.oculus.android_panel_app.AndroidPanelLayer-tabletNav,0", 216 x 340, modeId 13, defaultModeId 13, supportedModes [{id=13, width=216, height=340, fps=60.0}], colorMode 0, supportedColorModes [0], HdrCapabilities null, density 160, 160.0 x 160.0 dpi, appVsyncOff 0, presDeadline 16666666, touch NONE, rotation 0, type VIRTUAL, state OFF, owner com.oculus.systemux (uid 10065), FLAG_PRIVATE, FLAG_NEVER_BLANK, FLAG_OWN_CONTENT_ONLY}
09-03 21:47:22.412  1056  1549 I DisplayManagerService: Display device added: DisplayDeviceInfo{"com.oculus.android_panel_app.AndroidPanelLayer-tabletContent": uniqueId="virtual:com.oculus.systemux,10065,com.oculus.android_panel_app.AndroidPanelLayer-tabletContent,0", 552 x 340, modeId 14, defaultModeId 14, supportedModes [{id=14, width=552, height=340, fps=60.0}], colorMode 0, supportedColorModes [0], HdrCapabilities null, density 160, 160.0 x 160.0 dpi, appVsyncOff 0, presDeadline 16666666, touch NONE, rotation 0, type VIRTUAL, state OFF, owner com.oculus.systemux (uid 10065), FLAG_PRIVATE, FLAG_NEVER_BLANK, FLAG_OWN_CONTENT_ONLY}
09-03 21:47:22.534  1056  1118 I DisplayManagerService: Display device changed state: "com.oculus.android_panel_app.AndroidPanelLayer-#main", ON
09-03 21:47:22.544  1056  1118 I DisplayManagerService: Display device changed state: "com.oculus.android_panel_app.AndroidPanelLayer-tablet", ON
09-03 21:47:22.558  1056  1118 I DisplayManagerService: Display device changed state: "com.oculus.android_panel_app.AndroidPanelLayer-tabletNav", ON
09-03 21:47:22.564  1056  1118 I DisplayManagerService: Display device changed state: "com.oculus.android_panel_app.AndroidPanelLayer-tabletContent", ON
09-03 21:47:24.945   722   722 I TrackingService: TrackingService::getSharedMemoryFileDescriptor
09-03 21:47:24.946   722   824 I TrackingService: TrackingService::registerClient
09-03 21:47:24.946   722   824 I TrackingService: Registering client with TrackingServiceHost
09-03 21:47:24.947   722   824 I TrackingService: TrackingServiceHost GetSharedMemoryFileDescriptor for client pid 6154
09-03 21:47:24.947   722   824 I TrackingService: TrackingServiceHost registered common client; there are 0 secure clients
09-03 21:47:26.102   722  8699 I SyncBossHAL: syncboss_hal_impl_input.c(694): INFO: Pulsar connected devices state change: 1
09-03 21:47:26.108   722  8698 I SyncBossFW: [info   ] {WIHO}: Pulsar device connected bff03cf4xxxxxxxx (type: 13001101, connection id: 0x1)
09-03 21:47:26.131   722  8699 I SyncBossHAL: syncboss_hal_impl_input.c(694): INFO: Pulsar connected devices state change: 2
09-03 21:47:26.138   722  8698 I SyncBossFW: [info   ] {WIHO}: Pulsar device connected 4a1afe45xxxxxxxx (type: 13011101, connection id: 0x2)
09-03 21:47:26.148   722  8703 I SyncBossHAL: pulsar_manager.c(413): INFO: bff03cf4xxxxxxxx: Configuring IR LED to ontime = 19, period = 40000
09-03 21:47:26.152   722  8703 I SyncBossHAL: pulsar_manager.c(296): INFO: Finished getting cache data for controller
09-03 21:47:26.152   722  8703 I SyncBossHAL:     id            : bff03cf4xxxxxxxx
09-03 21:47:26.152   722  8703 I SyncBossHAL:     pulsar_type   : 0x13001101
09-03 21:47:26.152   722  8703 I SyncBossHAL:     connection id : 0x1
09-03 21:47:26.152   722  8703 I SyncBossHAL:     fw ver        : 1.14.2
09-03 21:47:26.152   722  8703 I SyncBossHAL:     spl ver       : 1.13.0
09-03 21:47:26.152   722  8703 I SyncBossHAL:     serial        : 1PALCLC3109434
09-03 21:47:26.152   722  8703 I SyncBossHAL:     handedness    : left
09-03 21:47:26.152   722  8703 I SyncBossHAL:     battery state : 50%
09-03 21:47:26.155   722  8717 D TrackingCore: TrackingDataPostProcessor: Registered bff03cf417d44a2a
09-03 21:47:26.155   722  8717 I TrackingService: Registering primary controller bff03cf417d44a2a in slot 0
09-03 21:47:26.156   722  8717 I TrackingService: Notifying client pid 2162 of new primary remote bff03cf417d44a2a
09-03 21:47:26.157   722  8717 I TrackingService: Notifying client pid 6154 of new primary remote bff03cf417d44a2a
09-03 21:47:26.158   722  8698 I SyncBossFW: [info   ] {APPI}: Found 2 connected pulsar devices
09-03 21:47:26.203   722  8703 I SyncBossHAL: pulsar_manager.c(413): INFO: 4a1afe45xxxxxxxx: Configuring IR LED to ontime = 19, period = 40000
09-03 21:47:26.208   722  8703 I SyncBossHAL: pulsar_manager.c(296): INFO: Finished getting cache data for controller
09-03 21:47:26.208   722  8703 I SyncBossHAL:     id            : 4a1afe45xxxxxxxx
09-03 21:47:26.208   722  8703 I SyncBossHAL:     pulsar_type   : 0x13011101
09-03 21:47:26.208   722  8703 I SyncBossHAL:     connection id : 0x2
09-03 21:47:26.208   722  8703 I SyncBossHAL:     fw ver        : 1.14.2
09-03 21:47:26.208   722  8703 I SyncBossHAL:     spl ver       : 1.13.0
09-03 21:47:26.208   722  8703 I SyncBossHAL:     serial        : 1PALCRCQAR9435
09-03 21:47:26.208   722  8703 I SyncBossHAL:     handedness    : right
09-03 21:47:26.208   722  8703 I SyncBossHAL:     battery state : 60%
09-03 21:47:26.215   722  8715 D TrackingService: [HANDTRACKING] Controller bff03cf417d44a2a in hand: Y, valid: Y
09-03 21:47:26.215   722  8717 D TrackingCore: TrackingDataPostProcessor: Registered 4a1afe45dae264bb
09-03 21:47:26.215   722  8717 I TrackingService: Registering primary controller 4a1afe45dae264bb in slot 1
09-03 21:47:26.216   722  8717 I TrackingService: Notifying client pid 2162 of new primary remote 4a1afe45dae264bb
09-03 21:47:26.217   722  8717 I TrackingService: Notifying client pid 6154 of new primary remote 4a1afe45dae264bb
09-03 21:47:26.219   722  8706 I SyncBossInput: [lcon (left) bff03cf4xxxxxxxx]: 259736224 [info   ] {THDG}: active_connected -> active_seek
09-03 21:47:26.241   722  8715 D TrackingService: [HANDTRACKING] Controller 4a1afe45dae264bb in hand: Y, valid: Y
09-03 21:47:26.257   722  8706 I SyncBossInput: [lcon (right) 4a1afe45xxxxxxxx]: 259737507 [info   ] {THDG}: active_connected -> active_seek
09-03 21:47:26.264   722  8706 I SyncBossInput: [lcon (left) bff03cf4xxxxxxxx]: 259763075 [info   ] {THDG}: active_seek -> inactive_seek
09-03 21:47:26.302   722  8706 I SyncBossInput: [lcon (left) bff03cf4xxxxxxxx]: 261077430 [info   ] {APP }: Connected
09-03 21:47:26.302   722  8706 I SyncBossInput: [lcon (right) 4a1afe45xxxxxxxx]: 259764362 [info   ] {THDG}: active_seek -> inactive_seek
09-03 21:47:26.332   722  8706 I SyncBossInput: [lcon (right) 4a1afe45xxxxxxxx]: 261078727 [info   ] {APP }: Connected
09-03 21:47:26.348   722  8706 I SyncBossInput: [lcon (left) bff03cf4xxxxxxxx]: 261077454 [info   ] {THDG}: inactive_seek -> active_connected
09-03 21:47:26.379   722  8706 I SyncBossInput: [lcon (right) 4a1afe45xxxxxxxx]: 261078750 [info   ] {THDG}: inactive_seek -> active_connected
09-03 21:47:26.722   722  8706 I SyncBossHAL: syncboss_hal_input_controller.c(153): INFO: Controller bff03cf4xxxxxxxx battery level changed: 0% -> 50%
09-03 21:47:26.764   722  8706 I SyncBossHAL: syncboss_hal_input_controller.c(153): INFO: Controller 4a1afe45xxxxxxxx battery level changed: 0% -> 60%
09-03 21:47:30.350   722   722 D TrackingService: Received transition request to STANDBY current is RUNNING
09-03 21:47:30.350   722   722 D TrackingService: Executing transition from RUNNING to STANDBY
09-03 21:47:31.980   722  8715 D TrackingService: [HANDTRACKING] Controller bff03cf417d44a2a in hand: N, valid: Y
09-03 21:47:31.981   722  8715 D TrackingService: [HANDTRACKING] Controller 4a1afe45dae264bb in hand: N, valid: Y
09-03 21:47:35.517  1056  1099 E BatteryStatsService: no controller energy info supplied
09-03 21:47:35.521  1056  1116 I UsbPortManager: USB port changed: port=UsbPort{id=otg_default, supportedModes=dual}, status=UsbPortStatus{connected=false, currentMode=none, currentPowerRole=no-power, currentDataRole=no-data, supportedRoleCombinations=[no-power:no-data]}, canChangeMode=true, canChangePowerRole=false, canChangeDataRole=false
09-03 21:47:35.534  1056  1099 E BatteryStatsService: no controller energy info supplied
09-03 21:47:35.575  1056  1095 W ActivityManager: Slow operation: 57ms so far, now at startProcess: done updating battery stats
09-03 21:47:35.576  1056  1095 W ActivityManager: Slow operation: 58ms so far, now at startProcess: building log message
09-03 21:47:35.576  1056  1095 I ActivityManager: Start proc 8867:com.oculus.assistant:startup/u0a59 for broadcast com.oculus.assistant/.service.startup.DoubleTapSettingStartupReciever
09-03 21:47:35.576  1056  1095 W ActivityManager: Slow operation: 58ms so far, now at startProcess: starting to update pids map
09-03 21:47:35.576  1056  1095 W ActivityManager: Slow operation: 58ms so far, now at startProcess: done updating pids map
09-03 21:47:35.576  1056  1095 W ActivityManager: Slow operation: 58ms so far, now at startProcess: done starting proc!
09-03 21:47:35.773  1056  1568 I ActivityManager: START u0 {act=android.intent.action.MAIN cat=[android.intent.category.LAUNCHER] flg=0x10000000 pkg=com.oculus.vrshell cmp=com.oculus.vrshell/.MainActivity (has extras)} from uid 10068 on display 0
09-03 21:47:35.966   722   824 I TrackingService: TrackingService::getSharedMemoryFileDescriptor
09-03 21:47:35.971   722   823 I TrackingService: TrackingService::registerClient
09-03 21:47:35.971   722   823 I TrackingService: Registering client with TrackingServiceHost
09-03 21:47:35.972   722   823 I TrackingService: Notifying client pid 1834 of new remote 4a1afe45dae264bb
09-03 21:47:35.977   722   823 I TrackingService: Notifying client pid 1834 of new remote bff03cf417d44a2a
09-03 21:47:35.978   722   823 I TrackingService: TrackingServiceHost GetSharedMemoryFileDescriptor for client pid 1834
09-03 21:47:35.978   722   823 I TrackingService: TrackingServiceHost registered common client; there are 0 secure clients
09-03 21:47:36.128  1056  1081 I DisplayManagerService: Display device removed: DisplayDeviceInfo{"com.oculus.android_panel_app.AndroidPanelLayer-#main": uniqueId="virtual:com.oculus.systemux,10065,com.oculus.android_panel_app.AndroidPanelLayer-#main,0", 862 x 124, modeId 11, defaultModeId 11, supportedModes [{id=11, width=862, height=124, fps=60.0}], colorMode 0, supportedColorModes [0], HdrCapabilities null, density 160, 160.0 x 160.0 dpi, appVsyncOff 0, presDeadline 16666666, touch NONE, rotation 0, type VIRTUAL, state ON, owner com.oculus.systemux (uid 10065), FLAG_PRIVATE, FLAG_NEVER_BLANK, FLAG_OWN_CONTENT_ONLY}
09-03 21:47:36.146  1056  1435 I DisplayManagerService: Display device removed: DisplayDeviceInfo{"com.oculus.android_panel_app.AndroidPanelLayer-tabletNav": uniqueId="virtual:com.oculus.systemux,10065,com.oculus.android_panel_app.AndroidPanelLayer-tabletNav,0", 216 x 340, modeId 13, defaultModeId 13, supportedModes [{id=13, width=216, height=340, fps=60.0}], colorMode 0, supportedColorModes [0], HdrCapabilities null, density 160, 160.0 x 160.0 dpi, appVsyncOff 0, presDeadline 16666666, touch NONE, rotation 0, type VIRTUAL, state ON, owner com.oculus.systemux (uid 10065), FLAG_PRIVATE, FLAG_NEVER_BLANK, FLAG_OWN_CONTENT_ONLY}
09-03 21:47:36.162  1056  1149 I DisplayManagerService: Display device removed: DisplayDeviceInfo{"com.oculus.android_panel_app.AndroidPanelLayer-tabletContent": uniqueId="virtual:com.oculus.systemux,10065,com.oculus.android_panel_app.AndroidPanelLayer-tabletContent,0", 552 x 340, modeId 14, defaultModeId 14, supportedModes [{id=14, width=552, height=340, fps=60.0}], colorMode 0, supportedColorModes [0], HdrCapabilities null, density 160, 160.0 x 160.0 dpi, appVsyncOff 0, presDeadline 16666666, touch NONE, rotation 0, type VIRTUAL, state ON, owner com.oculus.systemux (uid 10065), FLAG_PRIVATE, FLAG_NEVER_BLANK, FLAG_OWN_CONTENT_ONLY}
09-03 21:47:36.175  1056  1416 I DisplayManagerService: Display device removed: DisplayDeviceInfo{"com.oculus.android_panel_app.AndroidPanelLayer-tablet": uniqueId="virtual:com.oculus.systemux,10065,com.oculus.android_panel_app.AndroidPanelLayer-tablet,0", 768 x 340, modeId 12, defaultModeId 12, supportedModes [{id=12, width=768, height=340, fps=60.0}], colorMode 0, supportedColorModes [0], HdrCapabilities null, density 160, 160.0 x 160.0 dpi, appVsyncOff 0, presDeadline 16666666, touch NONE, rotation 0, type VIRTUAL, state ON, owner com.oculus.systemux (uid 10065), FLAG_PRIVATE, FLAG_NEVER_BLANK, FLAG_OWN_CONTENT_ONLY}
09-03 21:47:36.463  1056  1549 I WindowManager: WIN DEATH: Window{dfb8ffb u0 com.oculus.xrstreamingclient/com.oculus.xrstreamingclient.MainActivity}
09-03 21:47:36.464  1056  1435 I ActivityManager: Process com.oculus.xrstreamingclient (pid 3178) has died
09-03 21:47:36.465  1056  1435 D ActivityManager: cleanUpApplicationRecord -- 3178
09-03 21:47:36.514  1056  1095 I ActivityManager: Start proc 8893:android.process.media/u0a7 for broadcast com.android.providers.media/.MtpReceiver
09-03 21:47:37.163  1056  1435 I ActivityManager: Killing 2251:com.android.calendar/u0a28 (adj 906): empty for 5889s
09-03 21:47:37.178  1056  1568 D ActivityManager: cleanUpApplicationRecord -- 2251
09-03 21:47:37.606   722  4793 I TrackingService: Unregistering client by ITrackingService.unregisterClient
09-03 21:47:37.606   722  4793 I TrackingService: TrackingServiceHost Unregistering client: pid 6154
09-03 21:47:40.762  1497  8910 W ContextImpl: Calling a method in the system process without a qualified user: android.app.ContextImpl.sendBroadcast:877 android.content.ContextWrapper.sendBroadcast:421 com.facebook.analytics2.logger.UploadServiceBus.signalJobRan:60 com.facebook.analytics2.logger.UploadJobHandler.exitStateMachine:268 com.facebook.analytics2.logger.UploadJobHandler.handleMessage:98 
09-03 21:47:45.359  1056  1149 I PowerManagerService: Going to sleep by application request (uid 1000)...
09-03 21:47:45.360  1056  1121 I PowerManagerService: Sleeping (uid 1000)...
09-03 21:47:45.421  1056  1118 I DisplayManagerService: Display device changed state: "Built-in Screen", OFF
09-03 21:47:45.422  1056  1056 I DeviceIdleController: Scheduling alarm, no motion sensor.
09-03 21:47:45.566   722   722 I TrackingService: Unregistering client by ITrackingService.unregisterClient
09-03 21:47:45.566   722   722 I TrackingService: TrackingServiceHost Unregistering client: pid 1834
09-03 21:47:45.681   722   823 D TrackingService: Received transition request to SLEEP current is STANDBY
09-03 21:47:45.681   722   823 D TrackingService: Executing transition from STANDBY to SLEEP
09-03 21:47:45.681   722   823 D TrackingService: Setting power state to STANDBY
09-03 21:47:45.683   722   823 D Tracker/CoreOS: MontereyGlue: Acquired MontereyGlue WakeLock, current refcount: 1
09-03 21:47:45.683   722   823 D TrackingService: Time since last wake is 24262ms, using short sleep delay
09-03 21:47:45.683   722   823 D TrackingService: Scheduling delayed transition to SLEEP in 60000ms
09-03 21:47:45.683   722  1237 I Tracker/CoreOS: MontereyGlue Handle Power State. currentState: 2, newState: 1
09-03 21:47:45.683   722  1237 D Tracker/CoreOS: MontereyGlue: Transition start RUNNING->STANDBY
09-03 21:47:45.841   722  1237 D Tracker/CoreOS: MontereyGlue: Transition complete RUNNING->STANDBY
09-03 21:47:45.842   722  1237 D Tracker/CoreOS: MontereyGlue: Released MontereyGlue WakeLock, current refcount: 0
09-03 21:47:45.858  1056  1568 I ActivityManager: Killing 1765:com.oculus.userserver2/u0a52 (adj 906): empty for 5896s
09-03 21:47:45.895  1056  1613 D ActivityManager: cleanUpApplicationRecord -- 1765
09-03 21:47:47.214  1056  1568 I PowerManagerService: Waking up from sleep (uid 1000)...
09-03 21:47:47.216   722   823 D TrackingService: Cancelling delayed transition to SLEEP
09-03 21:47:47.218   722   823 D TrackingService: Received transition request to RUNNING current is SLEEP
09-03 21:47:47.218   722   823 D TrackingService: Executing transition from SLEEP to STANDBY
09-03 21:47:47.218   722   823 D TrackingService: Executing transition from STANDBY to RUNNING
09-03 21:47:47.218   722   823 D TrackingService: Setting power state to RUNNING
09-03 21:47:47.236  1056  1121 I DisplayPowerController: Blocking screen on until initial contents have been drawn.
09-03 21:47:47.236   722   823 D Tracker/CoreOS: MontereyGlue: Acquired MontereyGlue WakeLock, current refcount: 1
09-03 21:47:47.236   722  1237 I Tracker/CoreOS: MontereyGlue Handle Power State. currentState: 1, newState: 2
09-03 21:47:47.236   722  1237 D Tracker/CoreOS: MontereyGlue: Transition start STANDBY->RUNNING
09-03 21:47:47.236   722  1237 D Tracker/CoreOS: MontereyGlue: initializing cameras
09-03 21:47:47.269  1056  1118 I DisplayManagerService: Display device changed state: "Built-in Screen", ON
09-03 21:47:47.309   722  8698 I SyncBossFW: [info   ] {APPI}: cams_found=0xf
09-03 21:47:47.339   722  1237 I SyncBossHAL: syncboss_hal_impl_camera.c(202): INFO: Changing camera frame period to 40000 (status=0)
09-03 21:47:47.340   722  8703 I SyncBossHAL: pulsar_manager.c(700): INFO: Setting controller LED config to period: 40000us, on-time: 19us
09-03 21:47:47.344   722  1237 D Tracker/CoreOS: MontereyGlue: initializing cameras took 107ms
09-03 21:47:47.344   722  1237 D Tracker/CoreOS: MontereyGlue: starting camera streams
09-03 21:47:47.362   722  1237 D Tracker/CoreOS: MontereyGlue: starting camera streams took 17ms
09-03 21:47:47.362   722  1237 D Tracker/CoreOS: MontereyGlue: Starting Vision capabilities.
09-03 21:47:47.370   722  1237 D Tracker/CoreOS: MontereyGlue: Acquiring handleHandTrackingSettingChange lock
09-03 21:47:47.372   722  1237 D Tracker/CoreOS: MontereyGlue: Handling hand tracking setting disabled
09-03 21:47:47.372   722  1237 D Tracker/CoreOS: MontereyGlue: Releasing handleHandTrackingSettingChange lock
09-03 21:47:47.372   722  1237 D Tracker/CoreOS: MontereyGlue: Transition complete STANDBY->RUNNING
09-03 21:47:47.372   722  1237 D Tracker/CoreOS: MontereyGlue: Done. Total resume time: 124ms
09-03 21:47:47.372   722  1237 I Tracker/CoreOS: Tracking starts in LibDevices stack!
09-03 21:47:47.373   722  1237 D Tracker/CoreOS: MontereyGlue: Released MontereyGlue WakeLock, current refcount: 0
09-03 21:47:47.587  1056  1121 I DisplayPowerController: Unblocked screen on after 351 ms
09-03 21:47:47.786   722  4793 I TrackingService: TrackingService::getSharedMemoryFileDescriptor
09-03 21:47:47.787   722   722 I TrackingService: TrackingService::registerClient
09-03 21:47:47.787   722   722 I TrackingService: Registering client with TrackingServiceHost
09-03 21:47:47.787   722   722 I TrackingService: Notifying client pid 1834 of new remote 4a1afe45dae264bb
09-03 21:47:47.788   722   722 I TrackingService: Notifying client pid 1834 of new remote bff03cf417d44a2a
09-03 21:47:47.788   722   722 I TrackingService: TrackingServiceHost GetSharedMemoryFileDescriptor for client pid 1834
09-03 21:47:47.788   722   722 I TrackingService: TrackingServiceHost registered common client; there are 0 secure clients
09-03 21:47:47.897  1056  1598 I DisplayManagerService: Display device added: DisplayDeviceInfo{"com.oculus.android_panel_app.AndroidPanelLayer-#main": uniqueId="virtual:com.oculus.systemux,10065,com.oculus.android_panel_app.AndroidPanelLayer-#main,0", 862 x 124, modeId 15, defaultModeId 15, supportedModes [{id=15, width=862, height=124, fps=60.0}], colorMode 0, supportedColorModes [0], HdrCapabilities null, density 160, 160.0 x 160.0 dpi, appVsyncOff 0, presDeadline 16666666, touch NONE, rotation 0, type VIRTUAL, state OFF, owner com.oculus.systemux (uid 10065), FLAG_PRIVATE, FLAG_NEVER_BLANK, FLAG_OWN_CONTENT_ONLY}
09-03 21:47:47.926  1056  1598 I DisplayManagerService: Display device added: DisplayDeviceInfo{"com.oculus.android_panel_app.AndroidPanelLayer-tablet": uniqueId="virtual:com.oculus.systemux,10065,com.oculus.android_panel_app.AndroidPanelLayer-tablet,0", 768 x 340, modeId 16, defaultModeId 16, supportedModes [{id=16, width=768, height=340, fps=60.0}], colorMode 0, supportedColorModes [0], HdrCapabilities null, density 160, 160.0 x 160.0 dpi, appVsyncOff 0, presDeadline 16666666, touch NONE, rotation 0, type VIRTUAL, state OFF, owner com.oculus.systemux (uid 10065), FLAG_PRIVATE, FLAG_NEVER_BLANK, FLAG_OWN_CONTENT_ONLY}
09-03 21:47:47.941  1056  1598 I DisplayManagerService: Display device added: DisplayDeviceInfo{"com.oculus.android_panel_app.AndroidPanelLayer-tabletNav": uniqueId="virtual:com.oculus.systemux,10065,com.oculus.android_panel_app.AndroidPanelLayer-tabletNav,0", 216 x 340, modeId 17, defaultModeId 17, supportedModes [{id=17, width=216, height=340, fps=60.0}], colorMode 0, supportedColorModes [0], HdrCapabilities null, density 160, 160.0 x 160.0 dpi, appVsyncOff 0, presDeadline 16666666, touch NONE, rotation 0, type VIRTUAL, state OFF, owner com.oculus.systemux (uid 10065), FLAG_PRIVATE, FLAG_NEVER_BLANK, FLAG_OWN_CONTENT_ONLY}
09-03 21:47:47.954  1056  1598 I DisplayManagerService: Display device added: DisplayDeviceInfo{"com.oculus.android_panel_app.AndroidPanelLayer-tabletContent": uniqueId="virtual:com.oculus.systemux,10065,com.oculus.android_panel_app.AndroidPanelLayer-tabletContent,0", 552 x 340, modeId 18, defaultModeId 18, supportedModes [{id=18, width=552, height=340, fps=60.0}], colorMode 0, supportedColorModes [0], HdrCapabilities null, density 160, 160.0 x 160.0 dpi, appVsyncOff 0, presDeadline 16666666, touch NONE, rotation 0, type VIRTUAL, state OFF, owner com.oculus.systemux (uid 10065), FLAG_PRIVATE, FLAG_NEVER_BLANK, FLAG_OWN_CONTENT_ONLY}
09-03 21:47:48.785   722  8715 D TrackingService: [HANDTRACKING] Controller 4a1afe45dae264bb in hand: Y, valid: Y
09-03 21:47:49.103   722  8715 D TrackingService: [HANDTRACKING] Controller bff03cf417d44a2a in hand: Y, valid: Y
09-03 21:47:49.989  1497  8993 W ContextImpl: Calling a method in the system process without a qualified user: android.app.ContextImpl.sendBroadcast:877 android.content.ContextWrapper.sendBroadcast:421 com.facebook.analytics2.logger.UploadServiceBus.signalJobRan:60 com.facebook.analytics2.logger.UploadJobHandler.exitStateMachine:268 com.facebook.analytics2.logger.UploadJobHandler.handleMessage:98 
09-03 21:47:54.895   722   722 I TrackingService: virtual android::binder::Status OVR::OS::Tracking::TrackingService::getTrackingSocketFileDescriptor(android::os::ParcelFileDescriptor *)
09-03 21:47:54.895   722   722 D TrackingService: haptic socket already exists
09-03 21:47:55.744  1056  1118 I DisplayManagerService: Display device changed state: "com.oculus.android_panel_app.AndroidPanelLayer-#main", ON
09-03 21:47:55.756  1056  1118 I DisplayManagerService: Display device changed state: "com.oculus.android_panel_app.AndroidPanelLayer-tablet", ON
09-03 21:47:55.770  1056  1118 I DisplayManagerService: Display device changed state: "com.oculus.android_panel_app.AndroidPanelLayer-tabletNav", ON
09-03 21:47:55.791  1056  1118 I DisplayManagerService: Display device changed state: "com.oculus.android_panel_app.AndroidPanelLayer-tabletContent", ON
09-03 21:48:01.697   722  8706 I SyncBossHAL: syncboss_hal_input_controller.c(153): INFO: Controller 4a1afe45xxxxxxxx battery level changed: 60% -> 50%
09-03 21:48:15.537   722   824 I TrackingService: TrackingService::getSharedMemoryFileDescriptor
09-03 21:48:15.539   722   823 I TrackingService: TrackingService::registerClient
09-03 21:48:15.539   722   823 I TrackingService: Registering client with TrackingServiceHost
09-03 21:48:15.540   722   823 I TrackingService: Notifying client pid 6154 of new remote 4a1afe45dae264bb
09-03 21:48:15.542   722   823 I TrackingService: Notifying client pid 6154 of new remote bff03cf417d44a2a
09-03 21:48:15.542   722   823 I TrackingService: TrackingServiceHost GetSharedMemoryFileDescriptor for client pid 6154
09-03 21:48:15.542   722   823 I TrackingService: TrackingServiceHost registered common client; there are 0 secure clients
09-03 21:48:15.727  1056  1149 I DisplayManagerService: Display device added: DisplayDeviceInfo{"com.oculus.android_panel_app.AndroidPanelLayer-#main": uniqueId="virtual:com.oculus.systemux,10065,com.oculus.android_panel_app.AndroidPanelLayer-#main,1", 862 x 124, modeId 19, defaultModeId 19, supportedModes [{id=19, width=862, height=124, fps=60.0}], colorMode 0, supportedColorModes [0], HdrCapabilities null, density 160, 160.0 x 160.0 dpi, appVsyncOff 0, presDeadline 16666666, touch NONE, rotation 0, type VIRTUAL, state OFF, owner com.oculus.systemux (uid 10065), FLAG_PRIVATE, FLAG_NEVER_BLANK, FLAG_OWN_CONTENT_ONLY}
09-03 21:48:15.790  1056  1549 I DisplayManagerService: Display device added: DisplayDeviceInfo{"com.oculus.android_panel_app.AndroidPanelLayer-tablet": uniqueId="virtual:com.oculus.systemux,10065,com.oculus.android_panel_app.AndroidPanelLayer-tablet,1", 768 x 340, modeId 20, defaultModeId 20, supportedModes [{id=20, width=768, height=340, fps=60.0}], colorMode 0, supportedColorModes [0], HdrCapabilities null, density 160, 160.0 x 160.0 dpi, appVsyncOff 0, presDeadline 16666666, touch NONE, rotation 0, type VIRTUAL, state OFF, owner com.oculus.systemux (uid 10065), FLAG_PRIVATE, FLAG_NEVER_BLANK, FLAG_OWN_CONTENT_ONLY}
09-03 21:48:15.803  1056  1547 I DisplayManagerService: Display device added: DisplayDeviceInfo{"com.oculus.android_panel_app.AndroidPanelLayer-tabletNav": uniqueId="virtual:com.oculus.systemux,10065,com.oculus.android_panel_app.AndroidPanelLayer-tabletNav,1", 216 x 340, modeId 21, defaultModeId 21, supportedModes [{id=21, width=216, height=340, fps=60.0}], colorMode 0, supportedColorModes [0], HdrCapabilities null, density 160, 160.0 x 160.0 dpi, appVsyncOff 0, presDeadline 16666666, touch NONE, rotation 0, type VIRTUAL, state OFF, owner com.oculus.systemux (uid 10065), FLAG_PRIVATE, FLAG_NEVER_BLANK, FLAG_OWN_CONTENT_ONLY}
09-03 21:48:15.815  1056  1517 I DisplayManagerService: Display device added: DisplayDeviceInfo{"com.oculus.android_panel_app.AndroidPanelLayer-tabletContent": uniqueId="virtual:com.oculus.systemux,10065,com.oculus.android_panel_app.AndroidPanelLayer-tabletContent,1", 552 x 340, modeId 22, defaultModeId 22, supportedModes [{id=22, width=552, height=340, fps=60.0}], colorMode 0, supportedColorModes [0], HdrCapabilities null, density 160, 160.0 x 160.0 dpi, appVsyncOff 0, presDeadline 16666666, touch NONE, rotation 0, type VIRTUAL, state OFF, owner com.oculus.systemux (uid 10065), FLAG_PRIVATE, FLAG_NEVER_BLANK, FLAG_OWN_CONTENT_ONLY}
09-03 21:48:15.953  1056  1118 I DisplayManagerService: Display device changed state: "com.oculus.android_panel_app.AndroidPanelLayer-#main", ON
09-03 21:48:15.981  1056  1118 I DisplayManagerService: Display device changed state: "com.oculus.android_panel_app.AndroidPanelLayer-tablet", ON
09-03 21:48:16.016  1056  1118 I DisplayManagerService: Display device changed state: "com.oculus.android_panel_app.AndroidPanelLayer-tabletNav", ON
09-03 21:48:16.051  1056  1118 I DisplayManagerService: Display device changed state: "com.oculus.android_panel_app.AndroidPanelLayer-tabletContent", ON
09-03 21:48:16.438   722  4793 I TrackingService: Unregistering client by ITrackingService.unregisterClient
09-03 21:48:16.438   722  4793 I TrackingService: TrackingServiceHost Unregistering client: pid 1834
09-03 21:48:16.498  1056  1625 I DisplayManagerService: Display device removed: DisplayDeviceInfo{"com.oculus.android_panel_app.AndroidPanelLayer-#main": uniqueId="virtual:com.oculus.systemux,10065,com.oculus.android_panel_app.AndroidPanelLayer-#main,0", 862 x 124, modeId 15, defaultModeId 15, supportedModes [{id=15, width=862, height=124, fps=60.0}], colorMode 0, supportedColorModes [0], HdrCapabilities null, density 160, 160.0 x 160.0 dpi, appVsyncOff 0, presDeadline 16666666, touch NONE, rotation 0, type VIRTUAL, state ON, owner com.oculus.systemux (uid 10065), FLAG_PRIVATE, FLAG_NEVER_BLANK, FLAG_OWN_CONTENT_ONLY}
09-03 21:48:16.571  1056  1416 I DisplayManagerService: Display device removed: DisplayDeviceInfo{"com.oculus.android_panel_app.AndroidPanelLayer-tabletNav": uniqueId="virtual:com.oculus.systemux,10065,com.oculus.android_panel_app.AndroidPanelLayer-tabletNav,0", 216 x 340, modeId 17, defaultModeId 17, supportedModes [{id=17, width=216, height=340, fps=60.0}], colorMode 0, supportedColorModes [0], HdrCapabilities null, density 160, 160.0 x 160.0 dpi, appVsyncOff 0, presDeadline 16666666, touch NONE, rotation 0, type VIRTUAL, state ON, owner com.oculus.systemux (uid 10065), FLAG_PRIVATE, FLAG_NEVER_BLANK, FLAG_OWN_CONTENT_ONLY}
09-03 21:48:16.607  1056  1080 I DisplayManagerService: Display device removed: DisplayDeviceInfo{"com.oculus.android_panel_app.AndroidPanelLayer-tabletContent": uniqueId="virtual:com.oculus.systemux,10065,com.oculus.android_panel_app.AndroidPanelLayer-tabletContent,0", 552 x 340, modeId 18, defaultModeId 18, supportedModes [{id=18, width=552, height=340, fps=60.0}], colorMode 0, supportedColorModes [0], HdrCapabilities null, density 160, 160.0 x 160.0 dpi, appVsyncOff 0, presDeadline 16666666, touch NONE, rotation 0, type VIRTUAL, state ON, owner com.oculus.systemux (uid 10065), FLAG_PRIVATE, FLAG_NEVER_BLANK, FLAG_OWN_CONTENT_ONLY}
09-03 21:48:16.648  1056  1081 I DisplayManagerService: Display device removed: DisplayDeviceInfo{"com.oculus.android_panel_app.AndroidPanelLayer-tablet": uniqueId="virtual:com.oculus.systemux,10065,com.oculus.android_panel_app.AndroidPanelLayer-tablet,0", 768 x 340, modeId 16, defaultModeId 16, supportedModes [{id=16, width=768, height=340, fps=60.0}], colorMode 0, supportedColorModes [0], HdrCapabilities null, density 160, 160.0 x 160.0 dpi, appVsyncOff 0, presDeadline 16666666, touch NONE, rotation 0, type VIRTUAL, state ON, owner com.oculus.systemux (uid 10065), FLAG_PRIVATE, FLAG_NEVER_BLANK, FLAG_OWN_CONTENT_ONLY}
09-03 21:48:18.313  1056  1273 E TaskPersister: File error accessing recents directory (directory doesn't exist?).
09-03 21:48:19.288   722  4793 I TrackingService: virtual android::binder::Status OVR::OS::Tracking::TrackingService::getTrackingSocketFileDescriptor(android::os::ParcelFileDescriptor *)
09-03 21:48:19.288   722  4793 D TrackingService: haptic socket already exists
09-03 21:48:20.562  1497  9050 W ContextImpl: Calling a method in the system process without a qualified user: android.app.ContextImpl.sendBroadcast:877 android.content.ContextWrapper.sendBroadcast:421 com.facebook.analytics2.logger.UploadServiceBus.signalJobRan:60 com.facebook.analytics2.logger.UploadJobHandler.exitStateMachine:268 com.facebook.analytics2.logger.UploadJobHandler.handleMessage:98 
09-03 21:48:33.438   722   823 I TrackingService: TrackingService::getSharedMemoryFileDescriptor
09-03 21:48:33.443   722  4793 I TrackingService: TrackingService::registerClient
09-03 21:48:33.443   722  4793 I TrackingService: Registering client with TrackingServiceHost
09-03 21:48:33.443   722  4793 I TrackingService: Notifying client pid 1960 of new remote 4a1afe45dae264bb
09-03 21:48:33.444   722  4793 I TrackingService: Notifying client pid 1960 of new remote bff03cf417d44a2a
09-03 21:48:33.444   722  4793 I TrackingService: TrackingServiceHost GetSharedMemoryFileDescriptor for client pid 1960
09-03 21:48:33.444   722  4793 I TrackingService: TrackingServiceHost registered common client; there are 0 secure clients
09-03 21:48:33.530  1056  1600 W InputMethodManagerService: Starting input on non-focused client com.android.internal.view.IInputMethodClient$Stub$Proxy@f9193ca (uid=10029 pid=6154)
09-03 21:48:37.042   722   823 I TrackingService: virtual android::binder::Status OVR::OS::Tracking::TrackingService::getTrackingSocketFileDescriptor(android::os::ParcelFileDescriptor *)
09-03 21:48:37.042   722   823 D TrackingService: haptic socket already exists
09-03 21:48:45.296  1056  1598 W AppOps  : Finishing op nesting under-run: uid 10024 pkg com.oculus.vrshell code 24 time=0 duration=0 nesting=0
09-03 21:48:45.513   722   823 I TrackingService: Unregistering client by ITrackingService.unregisterClient
09-03 21:48:45.513   722   823 I TrackingService: TrackingServiceHost Unregistering client: pid 1960
09-03 21:48:46.279   722   823 I TrackingService: TrackingService::getSharedMemoryFileDescriptor
09-03 21:48:46.299   722  4793 I TrackingService: TrackingService::registerClient
09-03 21:48:46.300   722  4793 I TrackingService: Registering client with TrackingServiceHost
09-03 21:48:46.302   722  4793 I TrackingService: Notifying client pid 1960 of new remote 4a1afe45dae264bb
09-03 21:48:46.302   722  4793 I TrackingService: Notifying client pid 1960 of new remote bff03cf417d44a2a
09-03 21:48:46.303   722  4793 I TrackingService: TrackingServiceHost GetSharedMemoryFileDescriptor for client pid 1960
09-03 21:48:46.303   722  4793 I TrackingService: TrackingServiceHost registered common client; there are 0 secure clients
09-03 21:48:46.317  1056  1081 W InputMethodManagerService: Starting input on non-focused client com.android.internal.view.IInputMethodClient$Stub$Proxy@f9193ca (uid=10029 pid=6154)
09-03 21:48:46.757  1056  1613 I DisplayManagerService: Display device added: DisplayDeviceInfo{"com.oculus.android_panel_app.AndroidPanelLayer-tooltip": uniqueId="virtual:com.oculus.systemux,10065,com.oculus.android_panel_app.AndroidPanelLayer-tooltip,0", 1000 x 1000, modeId 23, defaultModeId 23, supportedModes [{id=23, width=1000, height=1000, fps=60.0}], colorMode 0, supportedColorModes [0], HdrCapabilities null, density 160, 160.0 x 160.0 dpi, appVsyncOff 0, presDeadline 16666666, touch NONE, rotation 0, type VIRTUAL, state OFF, owner com.oculus.systemux (uid 10065), FLAG_PRIVATE, FLAG_NEVER_BLANK, FLAG_OWN_CONTENT_ONLY}
09-03 21:48:46.800  1056  1080 I DisplayManagerService: Display device removed: DisplayDeviceInfo{"com.oculus.android_panel_app.AndroidPanelLayer-tooltip": uniqueId="virtual:com.oculus.systemux,10065,com.oculus.android_panel_app.AndroidPanelLayer-tooltip,0", 1000 x 1000, modeId 23, defaultModeId 23, supportedModes [{id=23, width=1000, height=1000, fps=60.0}], colorMode 0, supportedColorModes [0], HdrCapabilities null, density 160, 160.0 x 160.0 dpi, appVsyncOff 0, presDeadline 16666666, touch NONE, rotation 0, type VIRTUAL, state OFF, owner com.oculus.systemux (uid 10065), FLAG_PRIVATE, FLAG_NEVER_BLANK, FLAG_OWN_CONTENT_ONLY}
09-03 21:48:46.816  1056  1520 I DisplayManagerService: Display device added: DisplayDeviceInfo{"com.oculus.android_panel_app.AndroidPanelLayer-tooltip": uniqueId="virtual:com.oculus.systemux,10065,com.oculus.android_panel_app.AndroidPanelLayer-tooltip,0", 335 x 50, modeId 24, defaultModeId 24, supportedModes [{id=24, width=335, height=50, fps=60.0}], colorMode 0, supportedColorModes [0], HdrCapabilities null, density 160, 160.0 x 160.0 dpi, appVsyncOff 0, presDeadline 16666666, touch NONE, rotation 0, type VIRTUAL, state OFF, owner com.oculus.systemux (uid 10065), FLAG_PRIVATE, FLAG_NEVER_BLANK, FLAG_OWN_CONTENT_ONLY}
09-03 21:48:46.876  1056  1118 I DisplayManagerService: Display device changed state: "com.oculus.android_panel_app.AndroidPanelLayer-tooltip", ON
09-03 21:48:47.118   722   824 I TrackingService: virtual android::binder::Status OVR::OS::Tracking::TrackingService::getTrackingSocketFileDescriptor(android::os::ParcelFileDescriptor *)
09-03 21:48:47.118   722   824 D TrackingService: haptic socket already exists
09-03 21:48:49.398  1056  1598 I ActivityManager: START u0 {act=android.intent.action.MAIN cat=[android.intent.category.LAUNCHER] flg=0x10010000 pkg=com.oculus.vrshell cmp=com.oculus.vrshell/.MainActivity (has extras)} from uid 10024 on display 0
09-03 21:48:49.520   722   823 I TrackingService: TrackingService::getSharedMemoryFileDescriptor
09-03 21:48:49.522   722   722 I TrackingService: TrackingService::registerClient
09-03 21:48:49.522   722   722 I TrackingService: Registering client with TrackingServiceHost
09-03 21:48:49.524   722   722 I TrackingService: Notifying client pid 1834 of new remote 4a1afe45dae264bb
09-03 21:48:49.524   722   722 I TrackingService: Notifying client pid 1834 of new remote bff03cf417d44a2a
09-03 21:48:49.530   722   722 I TrackingService: TrackingServiceHost GetSharedMemoryFileDescriptor for client pid 1834
09-03 21:48:49.530   722   722 I TrackingService: TrackingServiceHost registered common client; there are 0 secure clients
09-03 21:48:49.729  1056  1613 W AppOps  : Finishing op nesting under-run: uid 10024 pkg com.oculus.vrshell code 24 time=0 duration=0 nesting=0
09-03 21:48:49.775  1056  1080 I DisplayManagerService: Display device added: DisplayDeviceInfo{"com.oculus.android_panel_app.AndroidPanelLayer-#main": uniqueId="virtual:com.oculus.systemux,10065,com.oculus.android_panel_app.AndroidPanelLayer-#main,2", 862 x 124, modeId 25, defaultModeId 25, supportedModes [{id=25, width=862, height=124, fps=60.0}], colorMode 0, supportedColorModes [0], HdrCapabilities null, density 160, 160.0 x 160.0 dpi, appVsyncOff 0, presDeadline 16666666, touch NONE, rotation 0, type VIRTUAL, state OFF, owner com.oculus.systemux (uid 10065), FLAG_PRIVATE, FLAG_NEVER_BLANK, FLAG_OWN_CONTENT_ONLY}
09-03 21:48:49.963  1056  1149 I DisplayManagerService: Display device added: DisplayDeviceInfo{"com.oculus.android_panel_app.AndroidPanelLayer-tablet": uniqueId="virtual:com.oculus.systemux,10065,com.oculus.android_panel_app.AndroidPanelLayer-tablet,2", 768 x 340, modeId 26, defaultModeId 26, supportedModes [{id=26, width=768, height=340, fps=60.0}], colorMode 0, supportedColorModes [0], HdrCapabilities null, density 160, 160.0 x 160.0 dpi, appVsyncOff 0, presDeadline 16666666, touch NONE, rotation 0, type VIRTUAL, state OFF, owner com.oculus.systemux (uid 10065), FLAG_PRIVATE, FLAG_NEVER_BLANK, FLAG_OWN_CONTENT_ONLY}
09-03 21:48:49.974   722   823 I TrackingService: Unregistering client by ITrackingService.unregisterClient
09-03 21:48:49.974   722   823 I TrackingService: TrackingServiceHost Unregistering client: pid 1960
