08-31 21:44:15.381  1830  1830 I [OAR] PanelServiceConnection: verifyFirstPartyUID(Debug Signatures=false, uid=10065) => apkSignatureResult=SigCertInfo(isTrusted=true, packageNames=[com.oculus.systemux], signature=308205cf308203b7a0030201020204097e91c1300d06092a864886f70d01010b0500308197310b3009060355040613025553311330110603550408130a43616c69666f726e6961311330110603550407130a4d656e6c6f205061726b31233021060355040a131a46616365626f6f6b20546563686e6f6c6f676965732c204c4c4331233021060355040b131a46616365626f6f6b20546563686e6f6c6f676965732c204c4c43311430120603550403130b4f63756c75732041707073301e170d3139303730343131333935315a170d3436313131393131333935315a308197310b3009060355040613025553311330110603550408130a43616c69666f726e6961311330110603550407130a4d656e6c6f205061726b31233021060355040a131a46616365626f6f6b20546563686e6f6c6f676965732c204c4c4331233021060355040b131a46616365626f6f6b20546563686e6f6c6f676965732c204c4c43311430120603550403130b4f63756c7573204170707330820222300d06092a864886f70d01010105000382020f003082020a0282020100b815642a5c201c8da044905dafbb06c05fddb75449cc75a716a0434da0493a52a4d60643532c237e76cb41d2c32a5e4474f12b37f632a809b5a5ceb8c6289ecf828e736b4ec452b1c2757bd0b5ed13eff5a7a47ab2ef6cdf60a8d749e9e8603f30d12b5db8f734c57578a2a4ce5ff5737c1f02c629d2dcb4f82726674663a699de94463ff370fa9eb48158831bf0b68bd6ec84293182d52e860bdd81bb9ce9cdd6a77fea0df25004da34d3cce7a31069646aa4628fba9ccb0952163793be9a4edf49a53f83179c2f44d8c87d6c129e8d590af0f3fced26201ee43b31fccd93b497cd198c5cd1f98d64c4f7ad79ca47278c02652d5dc072a99807e22f473f7bae4da2bafcae48cd49ad55a764b8d39f329f6175eac9074307deff48b1c4a6e19b748766617768c31a17feae8478eb7f9ebfb61af2b9f5a692b636342d7ebc53d7146626b51801b5a0a102e281475decdefb8683d0ca2843dc7aaeb6759bcab0dcba38db44f5d7f797a1c9c02dd159c0e3c72b14dc882d31c24ad8abee4ce0f7f0205e05efef551e2551a61e96636ed5dfd7435d3d24f5a130a12f10452cc954aa770d5d95e3e0cb9d7b05c5506a7947f8ff3437b3d82274fdaa156d85bfb7fbcb4fa5557080fedab86520b71d3d533e7bb3e7e3ebe9712b68e755d700b0afbf7595ffa80a6b3d90bfe599769138ee6515df415e32c0abed2b8e4aea1f47351f490203010001a321301f301d0603551d0e04160414a3c939e6b71c43bc9193f773c0351be1aff311f9300d06092a864886f70d01010b050003820201004e4c865231f2a3583c6af9488ecf9aa96b1ee84e2d7bfad00581537dc70c54ecfcf360e563d018efa4cdd77bf6fc4c9f1a20ebd4215cf1538686d4089bdcc8adb6ae4497ead14b0c18efd52ce93357019973e94e16b3326c60885b1bdc5f9cad1098f16732935876d8d19bda3ceeaaa69a83c4e2231710c6735f88abdfffe3dfa2be3f18f894923441b4e4a9c9664ed6294c16d7c073547063bfdbbefad184a001f1dce2feffdc96d10eb16a3bfbcd382cd297ca3b4edb7ebacd1a9931a1368a5157ceaebbca5b39bd5db5461a340db8ec076d38a94bcdd042bfb51388158ba97a49b631c1762fa746c7bb36eaf15cae23fa993cfb052e824f2ae173ea27b50a6cca91eb955f4faf131514757e5a3ecae9df6d23771279b7742f28fb9ce394eb9e03926f550716f1312355a5efdc479d8347b516cff55cb14307c81280142cacf2fd6562a2baacbfc97869272b1c51abf79121de8bab227e001313d4115eb9b33a332ebb34e290f14b5352ef1038f7a5f3740c9d1136b3526de4331deb4fa529c36a17c04c3e64d4f6ebda73d6e6e18281e3948fd11e685eab6611be1bc62839bce5962715e7f6537e6c083bcd3538d17407b26c850cd6b3f5e2149fdef027a6cfb7ed0f93c928aca14927b10c6a3f104ba1b10413af8b1868b84a004e5ddd065fff26a7bb3c818bb5a2d69aedf9441ef9033efae3ef52282a96f66d4b4ff3f2), time=1 ms
08-31 21:44:15.382  1830  1907 I [OAR] PlatformManager: Request BundleConfiguration
08-31 21:44:15.383  1830  1907 I [OAR] TelemetryProvider: aui_reorient system 1 0 0 com.YourCompany.HadoukenVR
08-31 21:44:15.384  1910  3124 I CppPanelService: verifyVrShellUID(Debug Signatures=false, uid=10024) => apkSignatureResult=SigCertInfo(isTrusted=true, packageNames=[com.oculus.vrshell], signature=3082038d30820275a00302010202041303858a300d06092a864886f70d01010b05003077310b3009060355040613025553310b3009060355040813024341311330110603550407130a4d656e6c6f205061726b31173015060355040a130e4f63756c75732056522c204c4c4331173015060355040b130e4f63756c75732056522c204c4c43311430120603550403130b4f63756c75732041707073301e170d3134313033303231343032315a170d3432303331373231343032315a3077310b3009060355040613025553310b3009060355040813024341311330110603550407130a4d656e6c6f205061726b31173015060355040a130e4f63756c75732056522c204c4c4331173015060355040b130e4f63756c75732056522c204c4c43311430120603550403130b4f63756c7573204170707330820122300d06092a864886f70d01010105000382010f003082010a0282010100a34c7fbd96dea95d811f21a0d760cabca85f2df5dbe19b62aca7a3e3e0b6e48f7e173345f2753c458d639cc2e222eeee4cfb5e89ac1c5060044414056709a43a7f1a6f1e4f2c3d708c48912634be08ad6da1fff92d9c0d4b85e4bc8a8b1c27de84c04eb1e6577c10693500af46beaf7bd2ce72a06a46f4e565859f242cecbef1a431ae8096db712cebe73840bacc64de6b99077ba1ca8c20e5d0b4870bd161f087abbf568dfef58e604068ca6f7cdea183c8681c306bc30cb223e7c5ce3a2fcf00d13e158475b3700ef62dcca46c57baecca4d91052e20b861a1a085d5fc8e99aed8c4a9cfd550d01e54ef5062133befcf7f9ea6a5a1d1575a72cd82279f34030203010001a321301f301d0603551d0e04160414ec7ccdaf8ccdc6dd1b87d4b561582ad8ec397b80300d06092a864886f70d01010b0500038201010014c557ecddc17ba8b979618036e7093b8e7307f624644532c31239f4dc83fd9424267ca7670fa9f78689cbc5bfd8a6312fdc214bd159d614a8753ceec0f2b2d9166217895b13c992e1d10ca625a3153dacfa51dbdb7fde139bd59510f5add29f88be3826b445ce7386dcf06577be72fbdf118fa81179091fad275981409e02d40422d8e86df5827a2c496a4b905b4825c3f1ba0af4cf509bf9b0d4d608cf0b4320ac60d1a8cbcc384de24f11a4c93c0fc5b887cbd6855871af1b1ef729c51a8a123efc6a627b6494e81a264587443b9156ad17772863c2f9685fae9c72a552b333f8ef2822bce5d4d178e45b3a8dd4e321924f6a5ba43f732971a9e74cbf0433), time=0 ms
08-31 21:44:15.384  1910  1910 D CppPanelService: BEGIN: Initializing panel application via MSG_CREATE_PANEL_APP.
08-31 21:44:15.384  1830  6218 I VrRuntimeClient: FenceChecker::MainLoop - started
08-31 21:44:15.385  1910  1910 D CppPanelService: Falling back to last known good shell api level for 19.0.0.341.531
08-31 21:44:15.385  1910  1910 D CppPanelService: Configuring service for Shell with versionName 19.0.0.341.531 and versionCode 231192412 selected API Level 2
08-31 21:44:15.385  1910  1910 I AndroidPanelApp: Creating AndroidPanelApp
08-31 21:44:15.385  1910  1910 I AndroidPanelApp: _oc_gk:oculus_vrshell_anytimeui_v2_social = true
08-31 21:44:15.385  1910  1910 I AndroidPanelApp: _oc_userid = 100778671252143
08-31 21:44:15.385  1910  1910 I AndroidPanelApp: _oc_gk:oculus_vrshell_anytimeui_v2_show_pymks = true
08-31 21:44:15.385  1910  1910 I AndroidPanelApp: _oc_gk:oculus_auiv2_default_tablet_hidden = true
08-31 21:44:15.385  1910  1910 I AndroidPanelApp: _oc_gk:oculus_messenger_quick_chat_dialog = true
08-31 21:44:15.385  1910  1910 I AndroidPanelApp: _oc_gk:oculus_quest_profile_sharing = true
08-31 21:44:15.385  1910  1910 I AndroidPanelApp: _oc_gk:oculus_quest_passthrough_ondemand = true
08-31 21:44:15.385  1910  1910 I AndroidPanelApp: _oc_gk:oculus_parties_join_button = true
08-31 21:44:15.385  1910  1910 I AndroidPanelApp: _oc_shell_pixel_density = 13
08-31 21:44:15.385  1910  1910 I AndroidPanelApp: _oc_gk:oculus_vrshell_anytimeui_chat_icon = true
08-31 21:44:15.385  1910  1910 I AndroidPanelApp: _oc_gk:oculus_mobile_pause_videoshot_enabled = true
08-31 21:44:15.385  1910  1910 I AndroidPanelApp: _oc_gk:oculus_social_party_fb_upsell = true
08-31 21:44:15.385  1910  1910 I AndroidPanelApp: _oc_gk:oculus_mobile_hand_tracking_ga = true
08-31 21:44:15.385  1910  1910 I AndroidPanelApp: _oc_gk:oculus_mobile_auiv2_android_library = true
08-31 21:44:15.385  1910  1910 I AndroidPanelApp: _oc_shell_permissions = permissionsGranted camera write_storage microphone
08-31 21:44:15.385  1910  1910 I AndroidPanelApp: _oc_gk:oc_social_h1_2020_mobile_sharing_updates = true
08-31 21:44:15.385  1910  1910 I AndroidPanelApp: _oc_gk:oculus_vrshell_anytimeui_living_room_badge = true
08-31 21:44:15.385  1910  1910 I AndroidPanelApp: _oc_device_type = 259
08-31 21:44:15.385  1910  1910 I AndroidPanelApp: _oc_ff:aui_react_only_library = false
08-31 21:44:15.385  1910  1910 I AndroidPanelApp: _oc_shell_version_code = 231192412
08-31 21:44:15.385  1910  1910 I AndroidPanelApp: _oc_shell_version_name = 19.0.0.341.531
08-31 21:44:15.385  1910  1910 I AndroidPanelApp: _oc_shell_panel_id = 20
08-31 21:44:15.385  1910  1910 I AndroidPanelApp: _oc_gk:oculus_party_block_members = true
08-31 21:44:15.385  1910  1910 I AndroidPanelApp: _oc_shell_guardian_disabled = false
08-31 21:44:15.385  1910  1910 I AndroidPanelApp: _oc_gk:oculus_mobile_pause_invite_enabled = true
08-31 21:44:15.385  1910  1910 I AndroidPanelApp: _oc_launch_timestamp = 1833726
08-31 21:44:15.385  1910  1910 I AndroidPanelApp: _oc_gk:oculus_parties_message_button = true
08-31 21:44:15.385  1910  1910 I AndroidPanelApp: _oc_gk:oculus_party_joinable_calls = true
08-31 21:44:15.385  1910  1910 I AndroidPanelApp: _oc_auiv2 = false
08-31 21:44:15.385  1910  1910 I AndroidPanelApp: _oc_gk:oculus_party_joinable_toggle_aui = true
08-31 21:44:15.385  1910  1910 I AndroidPanelApp: _oc_shell_automation_enabled = false
08-31 21:44:15.385  1910  1910 I AndroidPanelApp: _oc_gk:oculus_vrshell_core_tv_button = true
08-31 21:44:15.385  1910  1910 I AndroidPanelApp: _oc_ff:aui_v2 = false
08-31 21:44:15.385  1910  1910 I AndroidPanelApp: _oc_gk:oculus_vrshell_anytimeui_v2_profile = true
08-31 21:44:15.385  1910  1910 I AndroidPanelApp: _oc_gk:oculus_mobile_auiv2_feature_enabled = true
08-31 21:44:15.385  1910  1910 I AndroidPanelApp: _oc_gk:oculus_mobile_home_js_bundle = true
08-31 21:44:15.385  1910  1910 I AndroidPanelApp: _oc_shell_render_scale = 1.000000
08-31 21:44:15.385  1910  1910 I AndroidPanelApp: _oc_gk:oculus_profile_biography = true
08-31 21:44:15.385  1910  1910 I AndroidPanelApp: _oc_gk:oculus_developer = true
08-31 21:44:15.385  1910  1910 I AndroidPanelApp: _oc_gk:oculus_mobile_pause_screenshot_enabled = true
08-31 21:44:15.385  1910  1910 I AndroidPanelApp: _oc_shell_feature_sets = multi-layer-v1,mirror-avatar-v1,system-ux-routes-v1,deeplink-nav-v1,clock-levels-v1,layerTranslate-v1,layerScaleDensity-v1,layerScaleDensity-v2,multiapp-alpha-v1,multiapp-v1,multiapp-v2,recoverInstances-v1,webtasks-in-exclusive-mode
08-31 21:44:15.385  1910  1910 I AndroidPanelApp: _oc_enterprise_mode = false
08-31 21:44:15.385  1910  1910 I AndroidPanelApp: _oc_analytics_session_id = 57fb55f0-13a0-4bce-aec6-843719c06559
08-31 21:44:15.385  1910  1910 I AndroidPanelApp: _oc_gk:oculus_mobile_settings_release_process = true
08-31 21:44:15.385  1910  1910 I AndroidPanelApp: _oc_shell_view_id_debugging_enabled = false
08-31 21:44:15.385  1910  1910 I AndroidPanelApp: _oc_gk:oculus_mobile_sysux_lightweight_releases = true
08-31 21:44:15.385  1910  1910 I AndroidPanelApp: _oc_ff:aui_android_only_library = false
08-31 21:44:15.385  1910  1910 I AndroidPanelApp: _oc_shell_host = vrshell
08-31 21:44:15.385  1910  1910 I AndroidPanelApp: Created
08-31 21:44:15.388  1830  1907 I [OAR] GuardianController: renderMode != desiredRenderMode: (3, 3, 2, 0), (3, 1, 2, 0)
08-31 21:44:15.389  2149  2256 I VrGuardianService: GuardianSDKServer::SetGuardianRenderMode
08-31 21:44:15.399  2087  4802 D Appshot : broadcastImageToShell intent_pkg: com.YourCompany.HadoukenVR jpg_size: 25025
08-31 21:44:15.399  2087  2294 I VrRuntimeServer: RemoveCompositorClient: 2
08-31 21:44:15.399  2149  2213 I GuardianSystem: rsapi_PollEvent: rsEventForceShowGuardian. ForceIndefinitely: 0, ForceTimeInSeconds: 0.00, ForceCamera: 0
08-31 21:44:15.399  2149  2213 I GuardianSystem: ForceShowGuardian: false, 0.00
08-31 21:44:15.399  2149  2213 I GuardianSystem: rsapi_PollEvent: rsEventPackageNameChange: com.oculus.vrshell
08-31 21:44:15.399  2149  2213 I GuardianSystem: SetCurrentPackageName: com.oculus.vrshell, previous PackageName: com.YourCompany.HadoukenVR
08-31 21:44:15.403  1910  1910 V [SUI] AnytimeUIAndroidPanelAppBase: Wifi is connected
08-31 21:44:15.404  1910  1910 I [SUI] AnytimeUIAndroidPanelAppBase: Routing to horizon content provider
08-31 21:44:15.406  1910  1910 V [SUI] AnytimeUIAndroidPanelAppBase: Running full notifications initialize
08-31 21:44:15.406  1910  1910 D [SUI] StoreOptionalityExperiment: No DeviceConfig or Gatekeeper Setup enabled
08-31 21:44:15.407  1910  1910 D [SUI] StoreOptionalityExperiment: Gatekeeper group: -1. Not part of the experiment, no exposure is logged
08-31 21:44:15.407  1910  1910 D [SUI] StoreOptionalityExperiment: mAuiV2Enabled: false
08-31 21:44:15.407  1910  1910 D [SUI] StoreOptionalityExperiment: mGetMoreAppsButtonEnabled: false
08-31 21:44:15.407  1910  1910 D [SUI] StoreOptionalityExperiment: mSystemAppsAsTilesEnabled: false
08-31 21:44:15.407  1910  1910 D [SUI] StoreOptionalityExperiment: mStoreAlwaysFirstAppTileEnabled: false
08-31 21:44:15.407  1910  1910 D [SUI] StoreOptionalityExperiment: mStorePinnedInAuiV2Bar: false
08-31 21:44:15.407  1910  1910 I AndroidPanelApp: Calling ensurePanelLayer on layer "#main" with view ID -1
08-31 21:44:15.407  1910  1910 I AndroidPanelLayer: Setting spec for layer "#main"
08-31 21:44:15.407  1910  1910 I AndroidPanelLayer: Setting size of layer "#main" to have width 770 and height 241
08-31 21:44:15.407  1910  1910 I AndroidPanelLayer: Destroying presentation for layer "#main".
08-31 21:44:15.407  1910  1910 I AndroidPanelLayer: Creating presentation for layer "#main" with width 770 and height 241
08-31 21:44:15.408  1062  1132 I DisplayManagerService: Display device added: DisplayDeviceInfo{"com.oculus.android_panel_app.AndroidPanelLayer-#main": uniqueId="virtual:com.oculus.systemux,10065,com.oculus.android_panel_app.AndroidPanelLayer-#main,1", 770 x 241, modeId 106, defaultModeId 106, supportedModes [{id=106, width=770, height=241, fps=60.0}], colorMode 0, supportedColorModes [0], HdrCapabilities null, density 160, 160.0 x 160.0 dpi, appVsyncOff 0, presDeadline 16666666, touch NONE, rotation 0, type VIRTUAL, state OFF, owner com.oculus.systemux (uid 10065), FLAG_PRIVATE, FLAG_NEVER_BLANK, FLAG_OWN_CONTENT_ONLY}
08-31 21:44:15.410  2087  4797 I Clocks  : SetSchedFifo( tid=6218, pri=1 ) succeeded
08-31 21:44:15.410  2087  4797 I TimeWarp: UpdateClockLevels: Apply pending clock request change: 2,3 -> 4,4
08-31 21:44:15.410  2087  4797 I TimeWarp: Will tear: 0.009403
08-31 21:44:15.410  2087  4796 I Clocks  : ReleaseClocks - start
08-31 21:44:15.411   721  1217 D         : CPU_CLUSTER_0: No client requests exists, release clocks
08-31 21:44:15.411   721  1217 D         : CPU_CLUSTER_1: No client requests exists, release clocks
08-31 21:44:15.412   721  1217 D         : GPU: No client requests exists, release clocks
08-31 21:44:15.412   721  1217 D         : CPUBW: No client requests exists, release clocks
08-31 21:44:15.414  2087  4796 I Clocks  : ReleaseClocks - end (3.1 ms)
08-31 21:44:15.414  2087  4796 I Clocks  : LockClocks( cpu=4, gpu=4 ) - start
08-31 21:44:15.414  1910  1910 D [SUI] AnytimeUIAndroidPanelApp: Inflating view for layer: #main, viewIdentifier = -1
08-31 21:44:15.419  2087  4796 I Clocks  : CPU levels [0, 4]
08-31 21:44:15.419  2087  4796 I Clocks  : GPU levels [0, 5]
08-31 21:44:15.419   721  1217 D         : CPU_CLUSTER_0: Client 2087 sends freq request [21, 21]
08-31 21:44:15.419   721  1217 D         : CPU_CLUSTER_0: Next Perf Level = (21, 21)
08-31 21:44:15.419   721  1217 D         : CPU_CLUSTER_1: Client 2087 sends freq request [26, 26]
08-31 21:44:15.419   721  1217 D         : CPU_CLUSTER_1: Next Perf Level = (26, 26)
08-31 21:44:15.419   721  1217 D         : CPUBW: Client 2087 sends freq request [8, 11]
08-31 21:44:15.420   721  1217 D         : CPUBW: Next Perf Level = (8, 11)
08-31 21:44:15.422   721  1217 D         : GPU: Client 2087 sends freq request [6, 6]
08-31 21:44:15.422   721  1217 D         : GPU: Next Perf Level = (6, 6)
08-31 21:44:15.426  2087  4796 I Clocks  : LockClocks( cpu=4, gpu=4 ) - end (11.9 ms)
08-31 21:44:15.429  1830  2409 I OVRPlatform: [HttpRequest] Request `me?fields=current_party{id,leader{id},join_policy,users{id,alias,can_viewer_message,display_name,profile_url,profile_url_small,presence,presence_status,presence_app{id,package_name},presence_deeplink_joinable,presence_deeplink_message,presence_destination_api_name,presence_scoped_user_id,avatar_v2{avatar_image{uri}}},invited_users{id,alias,can_viewer_message,display_name,profile_url,profile_url_small,presence,presence_status,presence_app{id,package_name},avatar_v2{avatar_image{uri}}}}' (id: 1974) succeeded: {"id":"100778671252143"}
08-31 21:44:15.429  1830  2409 I OVRPlatform: [RequestStopwatch] HttpRequestAsync (me?fields=current_party{id,leader{id},join_policy,users{id,alias,can_viewer_message,display_name,profile_url,profile_url_small,presence,presence_status,presence_app{id,package_name},presence_deeplink_joinable,presence_deeplink_message,presence_destination_api_name,presence_scoped_user_id,avatar_v2{avatar_image{uri}}},invited_users{id,alias,can_viewer_message,display_name,profile_url,profile_url_small,presence,presence_status,presence_app{id,package_name},avatar_v2{avatar_image{uri}}}}) took 48.3410 milliseconds
08-31 21:44:15.430  1830  1907 I [OAR] PartyManager: Party Response Parse Time: 0.058073ms
08-31 21:44:15.438  2068  2084 E Security-LocalReporter: UID '10041' is shared by multiple packages: [com.oculus.horizon, com.oculus.home]
08-31 21:44:15.472  2068  2156 E Security-LocalReporter: UID '10041' is shared by multiple packages: [com.oculus.horizon, com.oculus.home]
08-31 21:44:15.510  6108  6195 D UE4     : *** JavaEnvDestructor: 6195
08-31 21:44:15.511  6108  6196 D UE4     : *** JavaEnvDestructor: 6196
08-31 21:44:15.512  6108  6194 D UE4     : *** JavaEnvDestructor: 6194
08-31 21:44:15.544   692  3050 D GatekeeperNativeService: Using value 0 for gk oculus_mobile_multi_user_enabled, user=0
08-31 21:44:15.544  1910  1910 I [SUI] AnytimeUINavigationButtonBarView: Gallery Button disabled by GK or TV button presence
08-31 21:44:15.545  2068  2084 I LibraryProvider: running queryApp(com.YourCompany.HadoukenVR) for com.oculus.uid:10041
08-31 21:44:15.545  1830  1907 D [OAR] Transfer: new readResult, last buffer size 0, last bytes read 0, total bytes read 0
08-31 21:44:15.553  2068  2084 W LibraryProvider: Cannot find entitlement for com.YourCompany.HadoukenVR
08-31 21:44:15.554  1779  5513 W OVRLibrary: null cursor received for query content://com.oculus.ocms.library/apps/com.YourCompany.HadoukenVR
08-31 21:44:15.557  1830  2447 I OVRPlatform: [QueueAsyncResponseHandler] success: {"streaming_enabled":false}
08-31 21:44:15.557  1830  1907 D [OAR] Transfer: new readResult, last buffer size 574, last bytes read 574, total bytes read 574
08-31 21:44:15.561  2068  2156 I LibraryProvider: running queryApp(com.oculus.vrshell) for com.oculus.uid:10041
08-31 21:44:15.561  2068  2156 W LibraryProvider: Cannot find entitlement for com.oculus.vrshell
08-31 21:44:15.562  1779  1779 W OVRLibrary: null cursor received for query content://com.oculus.ocms.library/apps/com.oculus.vrshell
08-31 21:44:15.562  1779  1779 I PlatformPluginManager: onAppStart com.oculus.vrshell false
08-31 21:44:15.563  1779  1779 I OVRPlatform: [PartiesAPI] ovr_Party_PluginGetSharedMemHandle: This function is deprecated, do not use
08-31 21:44:15.566  1910  1910 D [SUI] TelemetryManager: logEvent(oculus_hmd_notification_feed_item_impression) extras{"android.title":"Video saved","oculus_notification_fbid":"","oculus_notification_type":"cameraroll","android.subText":null,"action_on_click":true,"android.template":"android.app.Notification$BigTextStyle","vrshell_aui_persist":true,"large_image_type":"detail","android.showChronometer":false,"android.icon":2131230878,"android.text":"You can view and share your video now.","android.progress":0,"android.progressMax":0,"android.showWhen":true,"android.bigText":"You can view and share your video now.","android.infoText":null,"android.originatingUserId":0,"android.progressIndeterminate":false,"android.remoteInputHistory":null,"oculus_category":"social","action_uri":"systemux:\/\/media_preview\/??source=aui_notification_max_view&filepath=\/storage\/emulated\/0\/Oculus\/VideoShots\/com.oculus.vrshell-20200831-214218.mp4"}
08-31 21:44:15.566  1910  1910 D [SUI] TelemetryManager: logEvent(section_exit) extras[section_name, AnytimeUINotifsBarView, sub_section_name, AnytimeUI Notifs Bar View, active_duration_ms, 0]
08-31 21:44:15.569  1830  1907 I [OAR] PlatformManager: isLiveStreamingAllowed response:  0
08-31 21:44:15.572  1830  1907 D [OAR] Transfer: new readResult, last buffer size 0, last bytes read -1, total bytes read 573
08-31 21:44:15.572  1830  1907 I [OAR] PlatformManager: BundleConfiguration fetch response: {"bundle_configuration_v2":"{\"EXPLORE\":{\"18.1.0.0.0\":{\"source\":\"url\",\"filename\":\"reactnative.EXPLORE_V18_1_0_0_0.zip\",\"url\":\"https:\\\/\\\/scontent.oculuscdn.com\\\/v\\\/t64.5771-25\\\/39035440_2650751215162637_295776824236846157_n.zip?_nc_cat=100&_nc_sid=6c741c&_nc_ohc=rFsW6RIkr0QAX-kthAg&_nc_ht=scontent.oculuscdn.com&oh=4ac32ae567ee4f100f7a32dcdb91185f&oe=5F74811B\",\"checksum\":\"fb0a3aa85d8559922244d0f690ca9864\",\"rollout\":0,\"rollout_base\":0,\"minimum_supported_version\":\"18.0.0.0.0\",\"enabled\":false,\"qa_only\":false,\"beta_only\":false}}}"}
08-31 21:44:15.572  1830  1907 I [OAR] PlatformManager: BundleConfiguration is updated.
08-31 21:44:15.572  1830  1907 I [OAR] PlatformManager: Writing bundle configuration to file.
08-31 21:44:15.600  1910  1910 E [SUI] AnytimeUINotifsBarView: Unexpected badge route, ignoring: systemux://notifications
08-31 21:44:15.601  1910  1910 I AndroidPanelApp: measureLayerView with initial width 770, initial height 241, resize behavior NONE.
08-31 21:44:15.601  1910  1910 I AndroidPanelApp: Measured width 770 and height 241.
08-31 21:44:15.601  1910  1910 I AndroidPanelLayer: Setting size of layer "#main" to have width 770 and height 241
08-31 21:44:15.602  1910  1910 I AndroidPanelApp: layerTransform: Showing panel layer "#main" in VrShell with width 770, height 241, position( 0.000000 , 0.000000 ), rotation (0.000000 , 0.000000 , 0.000000 )  hit-testable true, shape 1, and system-positioned true. Density: 4680.000000. Supersampled: false 
08-31 21:44:15.603  1910  1910 I CppPanelService: BEGIN: nativeInitializePanelInstance - Configure and set up thread polling.
08-31 21:44:15.603  1910  1910 I CppPanelService: BEGIN: Call hosted app's Configure method.
08-31 21:44:15.603  1910  1910 I CppPanelService: END: Call hosted app's Configure method.
08-31 21:44:15.603  1910  1910 I CppPanelService: END: nativeInitializePanelInstance - Add fd 76 to looper with error code 1
08-31 21:44:15.603  1910  1910 D CppPanelService: END: Initializing panel application via MSG_CREATE_PANEL_APP.
08-31 21:44:15.603  1910  1910 D [SUI] AnytimeUIBroadcastReceiver: action: com.oculus.vrshell.intent.action.UPDATE_APP_SCREENSHOT
08-31 21:44:15.603  1910  1910 D [SUI] HomeDialog: screenshot update package: com.YourCompany.HadoukenVR size: 25025
08-31 21:44:15.611  1830  1907 I [OAR] PanelRenderLayer: ResetSurface 0 x 0 - shape:1 stereo:0
08-31 21:44:15.613  1910  1910 D [SUI] AnytimeUIAndroidPanelAppBase: UAT updateUserInfo
08-31 21:44:15.613  1910  1910 E [SUI] AnytimeUISocialIconsBarView: Failed to retrieve user param from route: null
08-31 21:44:15.614  1910  1910 D [SUI] DiskCache: Read cached file from cache at /data/user/0/com.oculus.systemux/cache/image_cache/-1789513040
08-31 21:44:15.615  1062  1542 E ActivityManager: Sending non-protected broadcast com.oculus.systemactivities.BEGIN_VIDEO_CAPTURE_WITH_SURFACE from system 1500:com.oculus.companion.server/1000 pkg com.oculus.companion.server
08-31 21:44:15.615  1062  1542 E ActivityManager: java.lang.Throwable
08-31 21:44:15.615  1062  1542 E ActivityManager: 	at com.android.server.am.ActivityManagerService.checkBroadcastFromSystem(ActivityManagerService.java:18346)
08-31 21:44:15.615  1062  1542 E ActivityManager: 	at com.android.server.am.ActivityManagerService.broadcastIntentLocked(ActivityManagerService.java:18832)
08-31 21:44:15.615  1062  1542 E ActivityManager: 	at com.android.server.am.ActivityManagerService.broadcastIntent(ActivityManagerService.java:19014)
08-31 21:44:15.615  1062  1542 E ActivityManager: 	at android.app.ActivityManagerNative.onTransact(ActivityManagerNative.java:500)
08-31 21:44:15.615  1062  1542 E ActivityManager: 	at com.android.server.am.ActivityManagerService.onTransact(ActivityManagerService.java:2845)
08-31 21:44:15.615  1062  1542 E ActivityManager: 	at android.os.Binder.execTransact(Binder.java:606)
08-31 21:44:15.618  1910  1910 D [SUI] UiThreadExecutor: Executing sync: com.oculus.panelapp.anytimeui.utils.-$$Lambda$ImageLoader$ydItDFYkuwEvnnZsGfoYjwQcW-M@c088661
08-31 21:44:15.622  1910  1910 I [SUI] AnytimeUIAndroidPanelApp: updateActiveComponent - com.oculus.systemux/com.oculus.panelapp.anytimeui.AnytimeUIAndroidPanelService, returnComponent = com.YourCompany.HadoukenVR
08-31 21:44:15.622  1910  1910 I [SUI] AnytimeUIAndroidPanelAppBase: updateControllerBattery - left, 70 percent
08-31 21:44:15.623  1910  1910 I [SUI] AnytimeUIAndroidPanelAppBase: updateControllerBattery - right, 70 percent
08-31 21:44:15.623  1910  1910 I [SUI] AnytimeUIAndroidPanelAppBase: updateLiveStreamStatus - isLiveStreaming=false, allowed=false
08-31 21:44:15.623  1910  1910 I [SUI] AnytimeUIAndroidPanelAppBase: updateCaptureAllowed - true capturing - true
08-31 21:44:15.623  1910  1910 I [SUI] AnytimeUIAndroidPanelAppBase: updateLocalStreamState - false
08-31 21:44:15.623  1910  1910 I [SUI] AnytimeUIAndroidPanelAppBase: updateVideoCaptureState - true
08-31 21:44:15.623  1910  1910 I [SUI] AnytimeUIAndroidPanelAppBase: updateGuardianStatus - false - 2 - false
08-31 21:44:15.623  1910  1910 I [SUI] AnytimeUIAndroidPanelAppBase: configureDialog:  systemux://dialog/exit [systemux://dialog/exit] (com.YourCompany.HadoukenVR)
08-31 21:44:15.624  1910  1910 I [SUI] AnytimeUIAndroidPanelAppBase: actionSetRoute - Route:  EXIT_TO_HOME(systemux://dialog/exit)
08-31 21:44:15.624  1910  1910 I AndroidPanelApp: Calling ensurePanelLayer on layer "dialog" with view ID 2131296341
08-31 21:44:15.624  1910  1910 I AndroidPanelLayer: Setting spec for layer "dialog"
08-31 21:44:15.624  1910  1910 I AndroidPanelLayer: Setting size of layer "dialog" to have width 540 and height 300
08-31 21:44:15.624  1910  1910 I AndroidPanelLayer: Destroying presentation for layer "dialog".
08-31 21:44:15.624  1910  1910 I AndroidPanelLayer: Creating presentation for layer "dialog" with width 540 and height 300
08-31 21:44:15.627  1062  1508 I DisplayManagerService: Display device added: DisplayDeviceInfo{"com.oculus.android_panel_app.AndroidPanelLayer-dialog": uniqueId="virtual:com.oculus.systemux,10065,com.oculus.android_panel_app.AndroidPanelLayer-dialog,0", 540 x 300, modeId 107, defaultModeId 107, supportedModes [{id=107, width=540, height=300, fps=60.0}], colorMode 0, supportedColorModes [0], HdrCapabilities null, density 160, 160.0 x 160.0 dpi, appVsyncOff 0, presDeadline 16666666, touch NONE, rotation 0, type VIRTUAL, state OFF, owner com.oculus.systemux (uid 10065), FLAG_PRIVATE, FLAG_NEVER_BLANK, FLAG_OWN_CONTENT_ONLY}
08-31 21:44:15.638  1910  1910 D [SUI] AnytimeUIAndroidPanelApp: Inflating view for layer: dialog, viewIdentifier = 2131296341
08-31 21:44:15.638  1062  1542 E ActivityManager: Sending non-protected broadcast com.oculus.systemactivities.BEGIN_VIDEO_CAPTURE_WITH_SURFACE from system 1500:com.oculus.companion.server/1000 pkg com.oculus.companion.server
08-31 21:44:15.638  1062  1542 E ActivityManager: java.lang.Throwable
08-31 21:44:15.638  1062  1542 E ActivityManager: 	at com.android.server.am.ActivityManagerService.checkBroadcastFromSystem(ActivityManagerService.java:18346)
08-31 21:44:15.638  1062  1542 E ActivityManager: 	at com.android.server.am.ActivityManagerService.broadcastIntentLocked(ActivityManagerService.java:18923)
08-31 21:44:15.638  1062  1542 E ActivityManager: 	at com.android.server.am.ActivityManagerService.broadcastIntent(ActivityManagerService.java:19014)
08-31 21:44:15.638  1062  1542 E ActivityManager: 	at android.app.ActivityManagerNative.onTransact(ActivityManagerNative.java:500)
08-31 21:44:15.638  1062  1542 E ActivityManager: 	at com.android.server.am.ActivityManagerService.onTransact(ActivityManagerService.java:2845)
08-31 21:44:15.638  1062  1542 E ActivityManager: 	at android.os.Binder.execTransact(Binder.java:606)
08-31 21:44:15.639  1910  1910 D [SUI] HomeDialog: Home Dialog constructed
08-31 21:44:15.645  1910  1910 I [SUI] BugReporterUtils: Setting up bug reporter on button; using None
08-31 21:44:15.645  1910  1910 I [SUI] HomeDialog: Setting target package to com.YourCompany.HadoukenVR
08-31 21:44:15.654  2087  2087 D ScreenCaptureReceiver: onReceive com.oculus.systemactivities.BEGIN_VIDEO_CAPTURE_WITH_SURFACE package=com.oculus.systemdriver
08-31 21:44:15.660  2087  2087 D TrustedSignatureVerifier: Checking app signature for com.oculus.horizon
08-31 21:44:15.660  2087  2087 D ScreenCaptureReceiver: App is trusted
08-31 21:44:15.660  2087  2087 D ScreenCaptureReceiver: Valid surface. Starting streaming
08-31 21:44:15.660  2087  2087 I ScreenCaptureBase: Screen Capture Command:1
08-31 21:44:15.665  1779  1779 E OVRMediaServiceManager: LivestreamingManager Not initialized
08-31 21:44:15.666  1779  1779 I OVRMediaServiceManager: Sending onAppStart (com.oculus.vrshell) to PlatformPluginManager
08-31 21:44:15.673  2087  4797 I ScreenCaptureVideo: Start Video Capture
08-31 21:44:15.684  2087  4797 I CaptureSurfaceManager: Capture NativeWindow: 1024 x 1024 fmt 1
08-31 21:44:15.688  2087  4797 I CaptureSurfaceManager: Surface Size 1024x1024
08-31 21:44:15.688  2087  4797 I Distortion: SetLensPositions - iad=0.063, left offset=0.000250001,0, right offset=-0.000250001,0
08-31 21:44:15.689  2087  4797 I DistortionMesh: LoadDistortionMeshFromMemory
08-31 21:44:15.701  2087  4797 I Vsync   : Vsync 17576:  3 x 13.92 ms (71.82 Hz, at 1834.064)
08-31 21:44:15.701  2087  4797 I TimeWarp: Adjusting 17576.09 > 17574 to 17576
08-31 21:44:15.701  2087  4797 I TimeWarp: UpdateClockLevels: Apply pending clock request change: 4,4 -> 4,5
08-31 21:44:15.701  2087  4796 I Clocks  : ReleaseClocks - start
08-31 21:44:15.702   721   795 D         : CPU_CLUSTER_0: No client requests exists, release clocks
08-31 21:44:15.704   721   795 D         : CPU_CLUSTER_1: No client requests exists, release clocks
08-31 21:44:15.705   721   795 D         : GPU: No client requests exists, release clocks
08-31 21:44:15.709   721   795 D         : CPUBW: No client requests exists, release clocks
08-31 21:44:15.716  2087  4796 I Clocks  : ReleaseClocks - end (14.0 ms)
08-31 21:44:15.716  2087  4796 I Clocks  : LockClocks( cpu=4, gpu=5 ) - start
08-31 21:44:15.719  2087  4796 I Clocks  : CPU levels [0, 4]
08-31 21:44:15.719  2087  4796 I Clocks  : GPU levels [0, 5]
08-31 21:44:15.724   721   721 D         : CPU_CLUSTER_0: Client 2087 sends freq request [21, 21]
08-31 21:44:15.724   721   721 D         : CPU_CLUSTER_0: Next Perf Level = (21, 21)
08-31 21:44:15.724   721   721 D         : CPU_CLUSTER_1: Client 2087 sends freq request [26, 26]
08-31 21:44:15.724   721   721 D         : CPU_CLUSTER_1: Next Perf Level = (26, 26)
08-31 21:44:15.724   721   721 D         : CPUBW: Client 2087 sends freq request [8, 11]
08-31 21:44:15.724   721   721 D         : CPUBW: Next Perf Level = (8, 11)
08-31 21:44:15.725   721   721 D         : GPU: Client 2087 sends freq request [7, 7]
08-31 21:44:15.725   721   721 D         : GPU: Next Perf Level = (7, 7)
08-31 21:44:15.729  2068  2208 I LibraryProvider: running queryApp(com.YourCompany.HadoukenVR) for com.oculus.systemux
08-31 21:44:15.730  2068  2208 W LibraryProvider: Cannot find entitlement for com.YourCompany.HadoukenVR
08-31 21:44:15.731  1910  1910 W OVRLibrary: null cursor received for query content://com.oculus.ocms.library/apps/com.YourCompany.HadoukenVR
08-31 21:44:15.731  2087  4796 I Clocks  : LockClocks( cpu=4, gpu=5 ) - end (15.2 ms)
08-31 21:44:15.748  1910  1910 I AndroidPanelApp: measureLayerView with initial width 540, initial height 300, resize behavior NONE.
08-31 21:44:15.748  1910  1910 I AndroidPanelApp: Measured width 540 and height 300.
08-31 21:44:15.748  1910  1910 I AndroidPanelLayer: Setting size of layer "dialog" to have width 540 and height 300
08-31 21:44:15.749  1910  1910 I AndroidPanelApp: layerTransform: Showing panel layer "dialog" in VrShell with width 540, height 300, position( 0.000000 , 0.000000 ), rotation (0.000000 , 0.000000 , 0.000000 )  hit-testable true, shape 2, and system-positioned true. Density: 4680.000000. Supersampled: false 
08-31 21:44:15.755  1062  1072 I art     : Background partial concurrent mark sweep GC freed 50879(3MB) AllocSpace objects, 5(100KB) LOS objects, 33% free, 8MB/12MB, paused 2.392ms total 138.560ms
08-31 21:44:15.767  2068  2085 E Security-LocalReporter: UID '10041' is shared by multiple packages: [com.oculus.horizon, com.oculus.home]
08-31 21:44:15.771  1910  1910 I AndroidPanelApp: Processing pending show layer info for layer #main with width 770 and height 241.
08-31 21:44:15.771  1910  1910 I AndroidPanelApp: layerSupersample no changes
08-31 21:44:15.771  1910  1910 I AndroidPanelApp: Processing pending show layer info for layer dialog with width 540 and height 300.
08-31 21:44:15.771  1910  1910 I AndroidPanelApp: layerSupersample no changes
08-31 21:44:15.809  1830  1907 I [OAR] PanelAppHost: Resize layer #main to size 770 x 241 shape:1 stereo:0
08-31 21:44:15.809  1830  1907 I [OAR] PanelRenderLayer: ResetSurface 770 x 241 - shape:1 stereo:0
08-31 21:44:15.809  1830  1907 I [OAR] PanelAppHost: Resize layer dialog to size 540 x 300 shape:2 stereo:0
08-31 21:44:15.809  1830  1907 I [OAR] PanelRenderLayer: ResetSurface 540 x 300 - shape:2 stereo:0
08-31 21:44:15.816  2068  2085 I LibraryProvider: running queryApp(com.oculus.vrshell) for com.oculus.uid:10041
08-31 21:44:15.816  2068  2085 W LibraryProvider: Cannot find entitlement for com.oculus.vrshell
08-31 21:44:15.817  1779  1779 W OVRLibrary: null cursor received for query content://com.oculus.ocms.library/apps/com.oculus.vrshell
08-31 21:44:15.818  1779  1779 I PlatformPluginManager: onAppStart com.oculus.vrshell false
08-31 21:44:15.818  1910  1910 I AndroidPanelApp: Processing next frame action "layerShow" for layer "#main"
08-31 21:44:15.818  1910  1910 I AndroidPanelApp: nextFrameAction(layerShow, #main)
08-31 21:44:15.818  1910  1910 I AndroidPanelApp: layerShow acknowledged for #main
08-31 21:44:15.818  1910  1910 I AndroidPanelApp: tryShowLayer(#main)
08-31 21:44:15.818  1910  1910 I AndroidPanelLayer: Showing layer #main
08-31 21:44:15.820  1062  1119 I DisplayManagerService: Display device changed state: "com.oculus.android_panel_app.AndroidPanelLayer-#main", ON
08-31 21:44:15.821  1910  1910 I AndroidPanelLayer: Unhiding layer #main
08-31 21:44:15.827  1779  1779 I OVRPlatform: [PartiesAPI] ovr_Party_PluginGetSharedMemHandle: This function is deprecated, do not use
08-31 21:44:15.840  1910  1910 I AndroidPanelApp: Processing next frame action "layerShow" for layer "dialog"
08-31 21:44:15.840  1910  1910 I AndroidPanelApp: nextFrameAction(layerShow, dialog)
08-31 21:44:15.840  1910  1910 I AndroidPanelApp: layerShow acknowledged for dialog
08-31 21:44:15.840  1910  1910 I AndroidPanelApp: tryShowLayer(dialog)
08-31 21:44:15.840  1910  1910 I AndroidPanelLayer: Showing layer dialog
08-31 21:44:15.844  1910  1910 I AndroidPanelLayer: Unhiding layer dialog
08-31 21:44:15.846  1062  1119 I DisplayManagerService: Display device changed state: "com.oculus.android_panel_app.AndroidPanelLayer-dialog", ON
08-31 21:44:15.871  1830  1907 I [OAR] PanelAppAnalytics: First frame latency: 0.506 for id 20 com.oculus.systemux/com.oculus.panelapp.anytimeui.AnytimeUIAndroidPanelService
08-31 21:44:15.872  1830  1907 I [OAR] PanelRenderLayer: New SurfaceLayer 770 x 241 (shape: 1)
08-31 21:44:15.872  2087  2355 I VrRuntimeService: RuntimeServiceSDKServer::CreateSwapChain: 304329073
08-31 21:44:15.879  1910  1910 I [SUI] AnytimeUIAndroidPanelAppBase: updateBrightness - 255
08-31 21:44:15.884  2087  2355 I VrRuntimeServer: CreateTextureSwapChain: result importswapchaingles 1
08-31 21:44:15.886  1062  1456 E ActivityManager: Sending non-protected broadcast com.oculus.systemactivities.BEGIN_VIDEO_CAPTURE_WITH_SURFACE from system 1500:com.oculus.companion.server/1000 pkg com.oculus.companion.server
08-31 21:44:15.886  1062  1456 E ActivityManager: java.lang.Throwable
08-31 21:44:15.886  1062  1456 E ActivityManager: 	at com.android.server.am.ActivityManagerService.checkBroadcastFromSystem(ActivityManagerService.java:18346)
08-31 21:44:15.886  1062  1456 E ActivityManager: 	at com.android.server.am.ActivityManagerService.broadcastIntentLocked(ActivityManagerService.java:18832)
08-31 21:44:15.886  1062  1456 E ActivityManager: 	at com.android.server.am.ActivityManagerService.broadcastIntent(ActivityManagerService.java:19014)
08-31 21:44:15.886  1062  1456 E ActivityManager: 	at android.app.ActivityManagerNative.onTransact(ActivityManagerNative.java:500)
08-31 21:44:15.886  1062  1456 E ActivityManager: 	at com.android.server.am.ActivityManagerService.onTransact(ActivityManagerService.java:2845)
08-31 21:44:15.886  1062  1456 E ActivityManager: 	at android.os.Binder.execTransact(Binder.java:606)
08-31 21:44:15.887  1910  1910 I [SUI] AnytimeUIAndroidPanelAppBase: updateDoNotDisturbMode - false
08-31 21:44:15.887  1910  1910 I [SUI] AnytimeUIAndroidPanelAppBase: updateDoNotDisturbMode - false
08-31 21:44:15.905  1830  1907 I [OAR] PanelRenderLayer: New SurfaceLayer 540 x 300 (shape: 2)
08-31 21:44:15.905  2087  2355 I VrRuntimeService: RuntimeServiceSDKServer::CreateSwapChain: 304329073
08-31 21:44:15.906  1062  1456 E ActivityManager: Sending non-protected broadcast com.oculus.systemactivities.BEGIN_VIDEO_CAPTURE_WITH_SURFACE from system 1500:com.oculus.companion.server/1000 pkg com.oculus.companion.server
08-31 21:44:15.906  1062  1456 E ActivityManager: java.lang.Throwable
08-31 21:44:15.906  1062  1456 E ActivityManager: 	at com.android.server.am.ActivityManagerService.checkBroadcastFromSystem(ActivityManagerService.java:18346)
08-31 21:44:15.906  1062  1456 E ActivityManager: 	at com.android.server.am.ActivityManagerService.broadcastIntentLocked(ActivityManagerService.java:18923)
08-31 21:44:15.906  1062  1456 E ActivityManager: 	at com.android.server.am.ActivityManagerService.broadcastIntent(ActivityManagerService.java:19014)
08-31 21:44:15.906  1062  1456 E ActivityManager: 	at android.app.ActivityManagerNative.onTransact(ActivityManagerNative.java:500)
08-31 21:44:15.906  1062  1456 E ActivityManager: 	at com.android.server.am.ActivityManagerService.onTransact(ActivityManagerService.java:2845)
08-31 21:44:15.906  1062  1456 E ActivityManager: 	at android.os.Binder.execTransact(Binder.java:606)
08-31 21:44:15.912   717  4785 I [CT]    : VIPER: Status=6DoF,TRACKING,KF=48,Inl=327,Pts=162,Jit=0.3mm,Issues(Cam/min=0.0,IMU/min=0.0),Exp=(14.0ms,g=15.0,I=32)(14.0ms,g=15.0,I=33)(14.0ms,g=15.0,I=39)(14.0ms,g=15.0,I=55)
08-31 21:44:15.913   717  4785 W [CT]    : VIPER: Images too dark, 
08-31 21:44:15.920  2087  2087 D ScreenCaptureReceiver: onReceive com.oculus.systemactivities.BEGIN_VIDEO_CAPTURE_WITH_SURFACE package=com.oculus.systemdriver
08-31 21:44:15.923  2087  2087 D TrustedSignatureVerifier: Checking app signature for com.oculus.horizon
08-31 21:44:15.923  2087  2087 D ScreenCaptureReceiver: App is trusted
08-31 21:44:15.924  2087  2087 D ScreenCaptureReceiver: Valid surface. Starting streaming
08-31 21:44:15.924  2087  2087 I ScreenCaptureBase: Screen Capture Command:1
08-31 21:44:15.925  2087  2355 I VrRuntimeServer: CreateTextureSwapChain: result importswapchaingles 1
08-31 21:44:15.931  1779  1779 E OVRMediaServiceManager: LivestreamingManager Not initialized
08-31 21:44:15.931  1779  1779 I PartyStateManager: enforcePartyChatStateConsistency - got current party response: Party is null
08-31 21:44:15.931  1779  1779 I PartyStateManager: enforcePartyChatStateConsistency - User not in a party.
08-31 21:44:15.931  1779  1779 I PlatformPlugin: [PlatformPluginManager] Stopping party chat
08-31 21:44:15.931  1779  1779 I OVRPlatform: [PartyChatInterchangeable] Stop PartyChat.
08-31 21:44:15.939  1779  1779 I PartyStateManager: enforcePartyChatStateConsistency - got current party response: Party is null
08-31 21:44:15.939  1779  1779 I PartyStateManager: enforcePartyChatStateConsistency - User not in a party.
08-31 21:44:15.939  1779  1779 I PlatformPlugin: [PlatformPluginManager] Stopping party chat
08-31 21:44:15.939  1779  1779 I OVRPlatform: [PartyChatInterchangeable] Stop PartyChat.
08-31 21:44:15.956  1910  1910 I AndroidPanelApp: measureLayerView with initial width 540, initial height 300, resize behavior NONE.
08-31 21:44:15.956  1910  1910 I AndroidPanelApp: Measured width 540 and height 300.
08-31 21:44:15.958  1910  1910 I AndroidPanelApp: Turning on layer visibility for layer #main.
08-31 21:44:15.962  1910  1910 I AndroidPanelApp: Turning on layer visibility for layer dialog.
08-31 21:44:15.962  1910  2851 D [SUI] ThreadExecutor: Executing com.oculus.panelapp.anytimeui.-$$Lambda$AnytimeUIAndroidPanelAppBase$zJsBYZQ1YWHLGWqLN2732mt3Ldo@485f504
08-31 21:44:15.987  1830  1907 I [OAR] PanelAppHost: Setting panel layer visibility of layer "#main" to visible
08-31 21:44:15.987  1830  1907 I [OAR] PanelAppHost: Setting panel layer visibility of layer "dialog" to visible
08-31 21:44:16.139  6108  6189 I VrApi   : FPS=72,Prd=57ms,Tear=0,Early=72,Stale=0,VSnc=1,Lat=1,Fov=0,CPU4/GPU=2/4,2304/710MHz,OC=FF,TA=0/3/3,SP=N/N/N,Mem=1804MHz,Free=1303MB,PSM=0,PLS=0,Temp=29.0C/0.0C,TW=1.48ms,App=7.25ms,GD=0.00ms,CPU&GPU=10.38ms,LCnt=1,GPU%=0.58,CPU%=0.33(W0.41),DSF=1.00
08-31 21:44:16.204   542   587 I AudioFlinger: BUFFER TIMEOUT: remove(4097) from active list on thread 0xe8303640
08-31 21:44:16.225   542   582 D msm8974_platform: platform_split_snd_device: snd_device(2) new_snd_devices (speaker)
08-31 21:44:16.225   542   582 D ACDB-LOADER: ACDB -> send_audvoltable
08-31 21:44:16.225   542   582 D ACDB-LOADER: ACDB -> ACDB_CMD_GET_AUDPROC_GAIN_DEP_STEP_TABLE, vol index 5
08-31 21:44:16.225   542   582 D         : Failed to fetch the lookup information of the device 0000000F 
08-31 21:44:16.225   542   582 E ACDB-LOADER: Error: ACDB AudProc vol returned = -19
08-31 21:44:16.225   542   582 D ACDB-LOADER: ACDB -> AUDIO_SET_VOL_CAL cal type = 40
08-31 21:44:16.323  2149  2256 I VrGuardianService: GuardianSDKServer::SetGuardianCanPaint
08-31 21:44:16.409  1830  1907 I TrackingServiceClient: setting complex haptics, but not yet connected to socket, open connection...
08-31 21:44:16.409   717   830 I TrackingService: virtual android::binder::Status OVR::OS::Tracking::TrackingService::getTrackingSocketFileDescriptor(android::os::ParcelFileDescriptor *)
08-31 21:44:16.409   717   830 D TrackingService: haptic socket already exists
08-31 21:44:16.475  6108  6198 D UE4     : *** JavaEnvDestructor: 6198
08-31 21:44:16.497  6108  6199 D UE4     : *** JavaEnvDestructor: 6199
08-31 21:44:16.526  1830  6215 I Telemetry: App memory usage: PSS=251MB DalvikPSS=1 MB
08-31 21:44:16.533  1830  6215 I VrApi   : FPS=2,Prd=0ms,Tear=0,Early=72,Stale=0,VSnc=1,Lat=1,Fov=0,CPU4/GPU=2/4,2304/710MHz,OC=FF,TA=0/0/0,SP=N/N/N,Mem=1804MHz,Free=1299MB,PSM=0,PLS=0,Temp=29.0C/0.0C,TW=0.96ms,App=4.70ms,GD=0.00ms,CPU&GPU=39.22ms,LCnt=1,GPU%=0.30,CPU%=0.32(W0.36),DSF=1.00
08-31 21:44:16.534  2382  2382 D onUnbind: Unbound
08-31 21:44:16.620  6108  6127 D UE4     : [2020.08.31-19.44.16:620][980]LogCore: Display: AppLifetime: Application will deactivate
08-31 21:44:16.622  6108  6163 D OVRPlugin: Leaving VR mode.
08-31 21:44:16.622  6108  6163 I GoCompatibility: GoCompatibility: vrapi_LeaveVrMode_Hooked()
08-31 21:44:16.622  6108  6163 I VrApi   : ---------- vrapi_LeaveVrMode [start] ----------
08-31 21:44:16.629  6108  6163 D VrApi   : targetSDKVersion 25
08-31 21:44:16.640  6108  6163 I VrRuntimeClient: DEVICE MODEL NUMBER = Quest
08-31 21:44:16.640  6108  6163 I VrRuntimeClient: DEVICE HARDWARE = monterey
08-31 21:44:16.640  6108  6163 I VrRuntimeClient: DEVICE BUILD NAME = user-821490.13210.0
08-31 21:44:16.640  6108  6163 I VrRuntimeClient: DEVICE BUILD TYPE = user
08-31 21:44:16.640  6108  6163 I VrRuntimeClient: DEVICE OS VERSION = 7.1.1
08-31 21:44:16.640  6108  6163 I VrRuntimeClient: VRRUNTIME VERSION = VRAPI_VERSION_BEGIN { 1.1.36.0-231192296-231192296 Jul 14 2020 04:12:51 Development } RELEASE
08-31 21:44:16.640  6108  6163 I VrRuntimeClient: API LOADER VERSION = 1.1.29.0
08-31 21:44:16.640  6108  6163 I VrRuntimeClient: VRDRIVER VERSION = 19.0.0.341.531
08-31 21:44:16.640  6108  6163 I VrRuntimeClient: APP NAME = HadoukenVR
08-31 21:44:16.640  6108  6163 I VrRuntimeClient: APP VERSION = 1.0 versionCode 1 internalVersionName <none>
08-31 21:44:16.640  6108  6163 I VrRuntimeClient: APP VR TYPE = vr_only
08-31 21:44:16.640  6108  6163 I VrRuntimeClient: APP MODE TYPE = <none>
08-31 21:44:16.640  6108  6163 I VrRuntimeClient: APP PACKAGE NAME = com.YourCompany.HadoukenVR
08-31 21:44:16.640  6108  6163 I VrRuntimeClient: APP ACTIVITY CLASS = com.epicgames.ue4.GameActivity
08-31 21:44:16.641  6108  6163 D BatteryReceiver: Unregistering battery receiver
08-31 21:44:16.655  6108  6189 D VrApi   : targetSDKVersion 25
08-31 21:44:16.657  6108  6189 I VrApi   : FPS=72,Prd=57ms,Tear=0,Early=72,Stale=0,VSnc=1,Lat=1,Fov=0,CPU4/GPU=2/4,2304/710MHz,OC=FF,TA=0/3/3,SP=N/N/N,Mem=1804MHz,Free=1302MB,PSM=0,PLS=0,Temp=29.0C/0.0C,TW=1.48ms,App=7.25ms,GD=0.00ms,CPU&GPU=10.38ms,LCnt=1,GPU%=0.58,CPU%=0.33(W0.41),DSF=1.00
08-31 21:44:16.728  1469  2018 I UploadManager: Scheduling jobbId 2131165248 within interval (0, 1800000)
08-31 21:44:16.734  6108  6163 I VrApi   : OVR::Stats thread stopped
08-31 21:44:16.734  6108  6163 I InputDeviceManager: ovrInputDeviceManager::Shutdown
08-31 21:44:16.753  6108  6188 I InputHooks_Internal: InputHooksThreadRun ShutdownRequest received
08-31 21:44:16.756  6108  6163 I InputHooks_Internal: Disabling Native Input Hooks
08-31 21:44:16.793  6108  6213 I OVR_InputDevices: Error getting remote state for hardware id 5339859884179612859
08-31 21:44:16.807  2087  5168 D VrRuntimeService: this client: 6108:com.YourCompany.HadoukenVR
08-31 21:44:16.808  2087  5168 D VrRuntimeService: enableRendering: clientWindow: null enable: false
08-31 21:44:16.808  2087  5168 I ClientMgr: ClientMgr::EnableRendering 6108:com.YourCompany.HadoukenVR : type 0 : disable
08-31 21:44:16.808  6108  6191 I VrRuntimeClient: FenceChecker::MainLoop - ended
08-31 21:44:16.808  6108  6163 I BufferObject: ovrBufferObjectFactory::Unimport deleting GL buffer=80
08-31 21:44:16.809  6108  6163 I BufferObject: ovrBufferObjectFactory::Unimport deleting GL memory object=1
08-31 21:44:16.809  6108  6163 I TrackingServiceClient: OVR::TrackingService::ClientSetInterface
08-31 21:44:16.809  6108  6163 D TrackingServiceConnectionNative: onClientDisconnect
08-31 21:44:16.810   717  3294 I TrackingService: Unregistering client by ITrackingService.unregisterClient
08-31 21:44:16.810   717  3294 I TrackingService: TrackingServiceHost Unregistering client: pid 6108
08-31 21:44:16.810  6108  6163 D BinderConnection: Disconnecting from TrackingService service
08-31 21:44:16.810  6108  6163 D TrackingServiceConnectionNative: onDisconnected
08-31 21:44:16.811  6108  6163 I TrackingServiceClient: OVR::TrackingService::ClientSetInterface
08-31 21:44:16.811  6108  6163 I VrApi   : ---------- vrapi_LeaveVrMode [end] ----------
08-31 21:44:16.814  6108  6127 D UE4     : [GameActivity] Unregistering volume receiver
08-31 21:44:16.816  6108  6127 D UE4     : [GameActivity] Unregistering battery receiver
08-31 21:44:16.817  2087  4797 I Vsync   : Vsync 17656:  2 x 13.93 ms (71.82 Hz, at 1835.180)
08-31 21:44:16.817  2087  4797 I TimeWarp: Adjusting 17656.20 > 17655 to 17656
08-31 21:44:16.818  6108  6127 D UE4     : [GameActivity] Unregistering headset receiver
08-31 21:44:16.819  2087  2294 I ClientMgr: Non-overlay clients rendering status has changed: prev=62, curr=63, enabled=1
08-31 21:44:16.820  6108  6127 D UE4     : [2020.08.31-19.44.16:820][980]LogCore: Display: AppLifetime: Application will enter background
08-31 21:44:16.820  6108  6127 D UE4     : [2020.08.31-19.44.16:820][980]LogTemp: Android pause audio
08-31 21:44:16.821  6108  6127 D UE4     : [2020.08.31-19.44.16:821][980]LogAudioMixerAndroid: Display: Suspending android audio renderer
08-31 21:44:16.822  6108  6127 D UE4     : [2020.08.31-19.44.16:822][980]LogTemp: Android release microphone
08-31 21:44:16.826  1910  1910 D [SUI] HomeDialog: Quit Pressed
08-31 21:44:16.826  1910  1910 I [SUI] AnytimeUIAndroidPanelAppBase: actionHideDialog - quit
08-31 21:44:16.826  1910  1910 D [SUI] HomeDialog: Releasing old screenshot, jpg_size: 25025
08-31 21:44:16.826  6108  6127 D UE4     : [2020.08.31-19.44.16:826][980]LogHMD: Error: FOculusHMDModule::GetPluginWrapper().WaitToBeginFrame 980 failed (-1003)
08-31 21:44:16.826  6108  6127 W VrApi   : vrapi_WaitFrame: ovr->Destroyed
08-31 21:44:16.827  6108  6127 W VrApi   : vrapi_GetPredictedDisplayTime: ovr->Destroyed
08-31 21:44:16.827  6108  6127 W VrApi   : vrapi_GetPredictedTracking2: ovr->Destroyed
08-31 21:44:16.827  6108  6127 I OVRPlugin: HandleVrapiEvents: Unknown Event.
08-31 21:44:16.829  6108  6127 W VrApi   : vrapi_GetPredictedTracking2: ovr->Destroyed
08-31 21:44:16.832  6108  6128 D UE4     : [2020.08.31-19.44.16:831][980]LogAndroid: Blocking renderer on invalid window.
08-31 21:44:16.832  6108  6128 D UE4     : [2020.08.31-19.44.16:832][980]LogAndroid: Waiting for renderer to encounter blocking command.
08-31 21:44:16.840  6108  6204 D UE4     : [2020.08.31-19.44.16:840][980]LogAndroid: Blocking renderer
08-31 21:44:16.840  6108  6128 D UE4     : LogAndroidEvents::EnqueueAppEvent : 13, [width=-1, height=-1], tid = 6128, APP_EVENT_STATE_APP_SUSPENDED
08-31 21:44:16.841  6108  6128 D UE4     : Case APP_CMD_TERM_WINDOW, tid = 6128
