09-03 21:48:50.026  1056  1435 I DisplayManagerService: Display device added: DisplayDeviceInfo{"com.oculus.android_panel_app.AndroidPanelLayer-tabletNav": uniqueId="virtual:com.oculus.systemux,10065,com.oculus.android_panel_app.AndroidPanelLayer-tabletNav,2", 216 x 340, modeId 27, defaultModeId 27, supportedModes [{id=27, width=216, height=340, fps=60.0}], colorMode 0, supportedColorModes [0], HdrCapabilities null, density 160, 160.0 x 160.0 dpi, appVsyncOff 0, presDeadline 16666666, touch NONE, rotation 0, type VIRTUAL, state OFF, owner com.oculus.systemux (uid 10065), FLAG_PRIVATE, FLAG_NEVER_BLANK, FLAG_OWN_CONTENT_ONLY}
09-03 21:48:50.080  1056  1416 I DisplayManagerService: Display device added: DisplayDeviceInfo{"com.oculus.android_panel_app.AndroidPanelLayer-tabletContent": uniqueId="virtual:com.oculus.systemux,10065,com.oculus.android_panel_app.AndroidPanelLayer-tabletContent,2", 552 x 340, modeId 28, defaultModeId 28, supportedModes [{id=28, width=552, height=340, fps=60.0}], colorMode 0, supportedColorModes [0], HdrCapabilities null, density 160, 160.0 x 160.0 dpi, appVsyncOff 0, presDeadline 16666666, touch NONE, rotation 0, type VIRTUAL, state OFF, owner com.oculus.systemux (uid 10065), FLAG_PRIVATE, FLAG_NEVER_BLANK, FLAG_OWN_CONTENT_ONLY}
09-03 21:48:50.179  1056  1435 I DisplayManagerService: Display device removed: DisplayDeviceInfo{"com.oculus.android_panel_app.AndroidPanelLayer-#main": uniqueId="virtual:com.oculus.systemux,10065,com.oculus.android_panel_app.AndroidPanelLayer-#main,1", 862 x 124, modeId 19, defaultModeId 19, supportedModes [{id=19, width=862, height=124, fps=60.0}], colorMode 0, supportedColorModes [0], HdrCapabilities null, density 160, 160.0 x 160.0 dpi, appVsyncOff 0, presDeadline 16666666, touch NONE, rotation 0, type VIRTUAL, state ON, owner com.oculus.systemux (uid 10065), FLAG_PRIVATE, FLAG_NEVER_BLANK, FLAG_OWN_CONTENT_ONLY}
09-03 21:48:50.234  1056  1080 I DisplayManagerService: Display device removed: DisplayDeviceInfo{"com.oculus.android_panel_app.AndroidPanelLayer-tabletNav": uniqueId="virtual:com.oculus.systemux,10065,com.oculus.android_panel_app.AndroidPanelLayer-tabletNav,1", 216 x 340, modeId 21, defaultModeId 21, supportedModes [{id=21, width=216, height=340, fps=60.0}], colorMode 0, supportedColorModes [0], HdrCapabilities null, density 160, 160.0 x 160.0 dpi, appVsyncOff 0, presDeadline 16666666, touch NONE, rotation 0, type VIRTUAL, state ON, owner com.oculus.systemux (uid 10065), FLAG_PRIVATE, FLAG_NEVER_BLANK, FLAG_OWN_CONTENT_ONLY}
09-03 21:48:50.269  1056  1598 I DisplayManagerService: Display device removed: DisplayDeviceInfo{"com.oculus.android_panel_app.AndroidPanelLayer-tooltip": uniqueId="virtual:com.oculus.systemux,10065,com.oculus.android_panel_app.AndroidPanelLayer-tooltip,0", 335 x 50, modeId 24, defaultModeId 24, supportedModes [{id=24, width=335, height=50, fps=60.0}], colorMode 0, supportedColorModes [0], HdrCapabilities null, density 160, 160.0 x 160.0 dpi, appVsyncOff 0, presDeadline 16666666, touch NONE, rotation 0, type VIRTUAL, state ON, owner com.oculus.systemux (uid 10065), FLAG_PRIVATE, FLAG_NEVER_BLANK, FLAG_OWN_CONTENT_ONLY}
09-03 21:48:50.293  1056  1149 I DisplayManagerService: Display device removed: DisplayDeviceInfo{"com.oculus.android_panel_app.AndroidPanelLayer-tabletContent": uniqueId="virtual:com.oculus.systemux,10065,com.oculus.android_panel_app.AndroidPanelLayer-tabletContent,1", 552 x 340, modeId 22, defaultModeId 22, supportedModes [{id=22, width=552, height=340, fps=60.0}], colorMode 0, supportedColorModes [0], HdrCapabilities null, density 160, 160.0 x 160.0 dpi, appVsyncOff 0, presDeadline 16666666, touch NONE, rotation 0, type VIRTUAL, state ON, owner com.oculus.systemux (uid 10065), FLAG_PRIVATE, FLAG_NEVER_BLANK, FLAG_OWN_CONTENT_ONLY}
09-03 21:48:50.345  1056  1149 I DisplayManagerService: Display device removed: DisplayDeviceInfo{"com.oculus.android_panel_app.AndroidPanelLayer-tablet": uniqueId="virtual:com.oculus.systemux,10065,com.oculus.android_panel_app.AndroidPanelLayer-tablet,1", 768 x 340, modeId 20, defaultModeId 20, supportedModes [{id=20, width=768, height=340, fps=60.0}], colorMode 0, supportedColorModes [0], HdrCapabilities null, density 160, 160.0 x 160.0 dpi, appVsyncOff 0, presDeadline 16666666, touch NONE, rotation 0, type VIRTUAL, state ON, owner com.oculus.systemux (uid 10065), FLAG_PRIVATE, FLAG_NEVER_BLANK, FLAG_OWN_CONTENT_ONLY}
09-03 21:48:50.805  1056  1118 I DisplayManagerService: Display device changed state: "com.oculus.android_panel_app.AndroidPanelLayer-#main", ON
09-03 21:48:50.851  1056  1118 I DisplayManagerService: Display device changed state: "com.oculus.android_panel_app.AndroidPanelLayer-tablet", ON
09-03 21:48:50.874  1056  1118 I DisplayManagerService: Display device changed state: "com.oculus.android_panel_app.AndroidPanelLayer-tabletNav", ON
09-03 21:48:50.909  1056  1118 I DisplayManagerService: Display device changed state: "com.oculus.android_panel_app.AndroidPanelLayer-tabletContent", ON
09-03 21:48:51.066  1497  9083 W ContextImpl: Calling a method in the system process without a qualified user: android.app.ContextImpl.sendBroadcast:877 android.content.ContextWrapper.sendBroadcast:421 com.facebook.analytics2.logger.UploadServiceBus.signalJobRan:60 com.facebook.analytics2.logger.UploadJobHandler.exitStateMachine:268 com.facebook.analytics2.logger.UploadJobHandler.handleMessage:98 
09-03 21:48:51.072   722  4793 I TrackingService: Unregistering client by ITrackingService.unregisterClient
09-03 21:48:51.072   722  4793 I TrackingService: TrackingServiceHost Unregistering client: pid 6154
09-03 21:48:51.316  1056  1568 I WindowManager: WIN DEATH: Window{32ccd77 u0 com.YourCompany.HadoukenVR/com.epicgames.ue4.GameActivity}
09-03 21:48:51.316  1056  1149 D ConnectivityService: ConnectivityService NetworkRequestInfo binderDied(NetworkRequest [ LISTEN id=8, [ Capabilities: INTERNET&NOT_RESTRICTED&TRUSTED&NOT_VPN&VALIDATED&FOREGROUND] ], android.os.BinderProxy@7db8f3e)
09-03 21:48:51.317  1056  1416 I ActivityManager: Process com.YourCompany.HadoukenVR (pid 6154) has died
09-03 21:48:51.317  1056  1416 D ActivityManager: cleanUpApplicationRecord -- 6154
09-03 21:48:51.317  1056  1568 W WindowManager: Force-removing child win Window{615119f u0 SurfaceView - com.YourCompany.HadoukenVR/com.epicgames.ue4.GameActivity} from container Window{32ccd77 u0 com.YourCompany.HadoukenVR/com.epicgames.ue4.GameActivity}
09-03 21:48:51.336  1056  1227 E ConnectivityService: RemoteException caught trying to send a callback msg for NetworkRequest [ LISTEN id=8, [ Capabilities: INTERNET&NOT_RESTRICTED&TRUSTED&NOT_VPN&VALIDATED&FOREGROUND] ]
09-03 21:48:51.365  1056  1598 W WindowManager: Failed looking up window callers=com.android.server.wm.WindowManagerService.windowForClientLocked:9484 com.android.server.wm.WindowState$DeathRecipient.binderDied:1808 android.os.BinderProxy.sendDeathNotice:744 
09-03 21:48:51.365  1056  1598 I WindowManager: WIN DEATH: null
09-03 21:48:51.606   722  4793 I TrackingService: virtual android::binder::Status OVR::OS::Tracking::TrackingService::getTrackingSocketFileDescriptor(android::os::ParcelFileDescriptor *)
09-03 21:48:51.607   722  4793 D TrackingService: haptic socket already exists
09-03 21:48:53.414  1056  1625 I ActivityManager: START u0 {act=android.intent.action.MAIN cat=[android.intent.category.LAUNCHER] flg=0x10010000 pkg=com.YourCompany.HadoukenVR cmp=com.YourCompany.HadoukenVR/com.epicgames.ue4.GameActivity (has extras)} from uid 10024 on display 0
09-03 21:48:53.471  1056  1549 I ActivityManager: Start proc 9087:com.YourCompany.HadoukenVR/u0a29 for activity com.YourCompany.HadoukenVR/com.epicgames.ue4.GameActivity
09-03 21:48:54.407   722   722 I TrackingService: Unregistering client by ITrackingService.unregisterClient
09-03 21:48:54.407   722   722 I TrackingService: TrackingServiceHost Unregistering client: pid 1834
09-03 21:48:54.472  1056  1435 I DisplayManagerService: Display device removed: DisplayDeviceInfo{"com.oculus.android_panel_app.AndroidPanelLayer-#main": uniqueId="virtual:com.oculus.systemux,10065,com.oculus.android_panel_app.AndroidPanelLayer-#main,2", 862 x 124, modeId 25, defaultModeId 25, supportedModes [{id=25, width=862, height=124, fps=60.0}], colorMode 0, supportedColorModes [0], HdrCapabilities null, density 160, 160.0 x 160.0 dpi, appVsyncOff 0, presDeadline 16666666, touch NONE, rotation 0, type VIRTUAL, state ON, owner com.oculus.systemux (uid 10065), FLAG_PRIVATE, FLAG_NEVER_BLANK, FLAG_OWN_CONTENT_ONLY}
09-03 21:48:54.487  1056  1613 I DisplayManagerService: Display device removed: DisplayDeviceInfo{"com.oculus.android_panel_app.AndroidPanelLayer-tabletNav": uniqueId="virtual:com.oculus.systemux,10065,com.oculus.android_panel_app.AndroidPanelLayer-tabletNav,2", 216 x 340, modeId 27, defaultModeId 27, supportedModes [{id=27, width=216, height=340, fps=60.0}], colorMode 0, supportedColorModes [0], HdrCapabilities null, density 160, 160.0 x 160.0 dpi, appVsyncOff 0, presDeadline 16666666, touch NONE, rotation 0, type VIRTUAL, state ON, owner com.oculus.systemux (uid 10065), FLAG_PRIVATE, FLAG_NEVER_BLANK, FLAG_OWN_CONTENT_ONLY}
09-03 21:48:54.512  1056  1517 I DisplayManagerService: Display device removed: DisplayDeviceInfo{"com.oculus.android_panel_app.AndroidPanelLayer-tabletContent": uniqueId="virtual:com.oculus.systemux,10065,com.oculus.android_panel_app.AndroidPanelLayer-tabletContent,2", 552 x 340, modeId 28, defaultModeId 28, supportedModes [{id=28, width=552, height=340, fps=60.0}], colorMode 0, supportedColorModes [0], HdrCapabilities null, density 160, 160.0 x 160.0 dpi, appVsyncOff 0, presDeadline 16666666, touch NONE, rotation 0, type VIRTUAL, state ON, owner com.oculus.systemux (uid 10065), FLAG_PRIVATE, FLAG_NEVER_BLANK, FLAG_OWN_CONTENT_ONLY}
09-03 21:48:54.525  1056  1549 I DisplayManagerService: Display device removed: DisplayDeviceInfo{"com.oculus.android_panel_app.AndroidPanelLayer-tablet": uniqueId="virtual:com.oculus.systemux,10065,com.oculus.android_panel_app.AndroidPanelLayer-tablet,2", 768 x 340, modeId 26, defaultModeId 26, supportedModes [{id=26, width=768, height=340, fps=60.0}], colorMode 0, supportedColorModes [0], HdrCapabilities null, density 160, 160.0 x 160.0 dpi, appVsyncOff 0, presDeadline 16666666, touch NONE, rotation 0, type VIRTUAL, state ON, owner com.oculus.systemux (uid 10065), FLAG_PRIVATE, FLAG_NEVER_BLANK, FLAG_OWN_CONTENT_ONLY}
09-03 21:48:54.872  1056  1517 I DisplayManagerService: Display device added: DisplayDeviceInfo{"com.oculus.android_panel_app.AndroidPanelLayer-#main": uniqueId="virtual:com.oculus.systemux,10065,com.oculus.android_panel_app.AndroidPanelLayer-#main,0", 862 x 124, modeId 29, defaultModeId 29, supportedModes [{id=29, width=862, height=124, fps=60.0}], colorMode 0, supportedColorModes [0], HdrCapabilities null, density 160, 160.0 x 160.0 dpi, appVsyncOff 0, presDeadline 16666666, touch NONE, rotation 0, type VIRTUAL, state OFF, owner com.oculus.systemux (uid 10065), FLAG_PRIVATE, FLAG_NEVER_BLANK, FLAG_OWN_CONTENT_ONLY}
09-03 21:48:54.895  1056  1435 I DisplayManagerService: Display device added: DisplayDeviceInfo{"com.oculus.android_panel_app.AndroidPanelLayer-tablet": uniqueId="virtual:com.oculus.systemux,10065,com.oculus.android_panel_app.AndroidPanelLayer-tablet,0", 768 x 340, modeId 30, defaultModeId 30, supportedModes [{id=30, width=768, height=340, fps=60.0}], colorMode 0, supportedColorModes [0], HdrCapabilities null, density 160, 160.0 x 160.0 dpi, appVsyncOff 0, presDeadline 16666666, touch NONE, rotation 0, type VIRTUAL, state OFF, owner com.oculus.systemux (uid 10065), FLAG_PRIVATE, FLAG_NEVER_BLANK, FLAG_OWN_CONTENT_ONLY}
09-03 21:48:54.910  1056  1598 I DisplayManagerService: Display device added: DisplayDeviceInfo{"com.oculus.android_panel_app.AndroidPanelLayer-tabletNav": uniqueId="virtual:com.oculus.systemux,10065,com.oculus.android_panel_app.AndroidPanelLayer-tabletNav,0", 216 x 340, modeId 31, defaultModeId 31, supportedModes [{id=31, width=216, height=340, fps=60.0}], colorMode 0, supportedColorModes [0], HdrCapabilities null, density 160, 160.0 x 160.0 dpi, appVsyncOff 0, presDeadline 16666666, touch NONE, rotation 0, type VIRTUAL, state OFF, owner com.oculus.systemux (uid 10065), FLAG_PRIVATE, FLAG_NEVER_BLANK, FLAG_OWN_CONTENT_ONLY}
09-03 21:48:54.917  1056  1549 I DisplayManagerService: Display device added: DisplayDeviceInfo{"com.oculus.android_panel_app.AndroidPanelLayer-tabletContent": uniqueId="virtual:com.oculus.systemux,10065,com.oculus.android_panel_app.AndroidPanelLayer-tabletContent,0", 552 x 340, modeId 32, defaultModeId 32, supportedModes [{id=32, width=552, height=340, fps=60.0}], colorMode 0, supportedColorModes [0], HdrCapabilities null, density 160, 160.0 x 160.0 dpi, appVsyncOff 0, presDeadline 16666666, touch NONE, rotation 0, type VIRTUAL, state OFF, owner com.oculus.systemux (uid 10065), FLAG_PRIVATE, FLAG_NEVER_BLANK, FLAG_OWN_CONTENT_ONLY}
09-03 21:48:55.019  1056  1118 I DisplayManagerService: Display device changed state: "com.oculus.android_panel_app.AndroidPanelLayer-#main", ON
09-03 21:48:55.034  1056  1118 I DisplayManagerService: Display device changed state: "com.oculus.android_panel_app.AndroidPanelLayer-tablet", ON
09-03 21:48:55.069  1056  1118 I DisplayManagerService: Display device changed state: "com.oculus.android_panel_app.AndroidPanelLayer-tabletNav", ON
09-03 21:48:55.085  1056  1118 I DisplayManagerService: Display device changed state: "com.oculus.android_panel_app.AndroidPanelLayer-tabletContent", ON
09-03 21:48:55.465  1056  1273 E TaskPersister: File error accessing recents directory (directory doesn't exist?).
09-03 21:48:56.616   722   722 I TrackingService: TrackingService::getSharedMemoryFileDescriptor
09-03 21:48:56.621   722  4793 I TrackingService: TrackingService::registerClient
09-03 21:48:56.621   722  4793 I TrackingService: Registering client with TrackingServiceHost
09-03 21:48:56.621   722  4793 I TrackingService: Notifying client pid 9087 of new remote 4a1afe45dae264bb
09-03 21:48:56.622   722  4793 I TrackingService: Notifying client pid 9087 of new remote bff03cf417d44a2a
09-03 21:48:56.622   722  4793 I TrackingService: TrackingServiceHost GetSharedMemoryFileDescriptor for client pid 9087
09-03 21:48:56.622   722  4793 I TrackingService: TrackingServiceHost registered common client; there are 0 secure clients
09-03 21:48:58.149   722   824 I TrackingService: virtual android::binder::Status OVR::OS::Tracking::TrackingService::getTrackingSocketFileDescriptor(android::os::ParcelFileDescriptor *)
09-03 21:48:58.149   722   824 D TrackingService: haptic socket already exists
09-03 21:48:58.904  1056  1099 E BatteryStatsService: no controller energy info supplied
09-03 21:48:58.917  1056  1099 E BatteryStatsService: no controller energy info supplied
09-03 21:49:02.879  1497  9191 W ContextImpl: Calling a method in the system process without a qualified user: android.app.ContextImpl.sendBroadcast:877 android.content.ContextWrapper.sendBroadcast:421 com.facebook.analytics2.logger.UploadServiceBus.signalJobRan:60 com.facebook.analytics2.logger.UploadJobHandler.exitStateMachine:268 com.facebook.analytics2.logger.UploadJobHandler.handleMessage:98 
09-03 21:49:20.372   722   823 I TrackingService: TrackingService::getSharedMemoryFileDescriptor
09-03 21:49:20.373   722   722 I TrackingService: TrackingService::registerClient
09-03 21:49:20.373   722   722 I TrackingService: Registering client with TrackingServiceHost
09-03 21:49:20.374   722   722 I TrackingService: Notifying client pid 1960 of new remote 4a1afe45dae264bb
09-03 21:49:20.374   722   722 I TrackingService: Notifying client pid 1960 of new remote bff03cf417d44a2a
09-03 21:49:20.374   722   722 I TrackingService: TrackingServiceHost GetSharedMemoryFileDescriptor for client pid 1960
09-03 21:49:20.375   722   722 I TrackingService: TrackingServiceHost registered common client; there are 0 secure clients
09-03 21:49:20.443  1056  1080 W InputMethodManagerService: Starting input on non-focused client com.android.internal.view.IInputMethodClient$Stub$Proxy@94a4a4 (uid=10029 pid=9087)
09-03 21:49:21.349   722   824 I TrackingService: virtual android::binder::Status OVR::OS::Tracking::TrackingService::getTrackingSocketFileDescriptor(android::os::ParcelFileDescriptor *)
09-03 21:49:21.349   722   824 D TrackingService: haptic socket already exists
09-03 21:49:21.597  1056  1598 I ActivityManager: START u0 {act=android.intent.action.MAIN cat=[android.intent.category.LAUNCHER] flg=0x10010000 pkg=com.oculus.vrshell cmp=com.oculus.vrshell/.MainActivity (has extras)} from uid 10024 on display 0
09-03 21:49:21.717   722   722 I TrackingService: TrackingService::getSharedMemoryFileDescriptor
09-03 21:49:21.720   722  4793 I TrackingService: TrackingService::registerClient
09-03 21:49:21.720   722  4793 I TrackingService: Registering client with TrackingServiceHost
09-03 21:49:21.727   722  4793 I TrackingService: Notifying client pid 1834 of new remote 4a1afe45dae264bb
09-03 21:49:21.730   722  4793 I TrackingService: Notifying client pid 1834 of new remote bff03cf417d44a2a
09-03 21:49:21.731   722  4793 I TrackingService: TrackingServiceHost GetSharedMemoryFileDescriptor for client pid 1834
09-03 21:49:21.731   722  4793 I TrackingService: TrackingServiceHost registered common client; there are 0 secure clients
09-03 21:49:21.934  1056  1416 W AppOps  : Finishing op nesting under-run: uid 10024 pkg com.oculus.vrshell code 24 time=0 duration=0 nesting=0
09-03 21:49:21.991   722   722 I TrackingService: Unregistering client by ITrackingService.unregisterClient
09-03 21:49:21.991   722   722 I TrackingService: TrackingServiceHost Unregistering client: pid 1960
09-03 21:49:22.355  1056  1625 I DisplayManagerService: Display device removed: DisplayDeviceInfo{"com.oculus.android_panel_app.AndroidPanelLayer-#main": uniqueId="virtual:com.oculus.systemux,10065,com.oculus.android_panel_app.AndroidPanelLayer-#main,0", 862 x 124, modeId 29, defaultModeId 29, supportedModes [{id=29, width=862, height=124, fps=60.0}], colorMode 0, supportedColorModes [0], HdrCapabilities null, density 160, 160.0 x 160.0 dpi, appVsyncOff 0, presDeadline 16666666, touch NONE, rotation 0, type VIRTUAL, state ON, owner com.oculus.systemux (uid 10065), FLAG_PRIVATE, FLAG_NEVER_BLANK, FLAG_OWN_CONTENT_ONLY}
09-03 21:49:22.398  1056  1613 I DisplayManagerService: Display device removed: DisplayDeviceInfo{"com.oculus.android_panel_app.AndroidPanelLayer-tabletNav": uniqueId="virtual:com.oculus.systemux,10065,com.oculus.android_panel_app.AndroidPanelLayer-tabletNav,0", 216 x 340, modeId 31, defaultModeId 31, supportedModes [{id=31, width=216, height=340, fps=60.0}], colorMode 0, supportedColorModes [0], HdrCapabilities null, density 160, 160.0 x 160.0 dpi, appVsyncOff 0, presDeadline 16666666, touch NONE, rotation 0, type VIRTUAL, state ON, owner com.oculus.systemux (uid 10065), FLAG_PRIVATE, FLAG_NEVER_BLANK, FLAG_OWN_CONTENT_ONLY}
09-03 21:49:22.443  1056  1547 I DisplayManagerService: Display device removed: DisplayDeviceInfo{"com.oculus.android_panel_app.AndroidPanelLayer-tabletContent": uniqueId="virtual:com.oculus.systemux,10065,com.oculus.android_panel_app.AndroidPanelLayer-tabletContent,0", 552 x 340, modeId 32, defaultModeId 32, supportedModes [{id=32, width=552, height=340, fps=60.0}], colorMode 0, supportedColorModes [0], HdrCapabilities null, density 160, 160.0 x 160.0 dpi, appVsyncOff 0, presDeadline 16666666, touch NONE, rotation 0, type VIRTUAL, state ON, owner com.oculus.systemux (uid 10065), FLAG_PRIVATE, FLAG_NEVER_BLANK, FLAG_OWN_CONTENT_ONLY}
09-03 21:49:22.503  1056  1549 I DisplayManagerService: Display device removed: DisplayDeviceInfo{"com.oculus.android_panel_app.AndroidPanelLayer-tablet": uniqueId="virtual:com.oculus.systemux,10065,com.oculus.android_panel_app.AndroidPanelLayer-tablet,0", 768 x 340, modeId 30, defaultModeId 30, supportedModes [{id=30, width=768, height=340, fps=60.0}], colorMode 0, supportedColorModes [0], HdrCapabilities null, density 160, 160.0 x 160.0 dpi, appVsyncOff 0, presDeadline 16666666, touch NONE, rotation 0, type VIRTUAL, state ON, owner com.oculus.systemux (uid 10065), FLAG_PRIVATE, FLAG_NEVER_BLANK, FLAG_OWN_CONTENT_ONLY}
09-03 21:49:22.576  1056  1613 I DisplayManagerService: Display device added: DisplayDeviceInfo{"com.oculus.android_panel_app.AndroidPanelLayer-#main": uniqueId="virtual:com.oculus.systemux,10065,com.oculus.android_panel_app.AndroidPanelLayer-#main,0", 862 x 124, modeId 33, defaultModeId 33, supportedModes [{id=33, width=862, height=124, fps=60.0}], colorMode 0, supportedColorModes [0], HdrCapabilities null, density 160, 160.0 x 160.0 dpi, appVsyncOff 0, presDeadline 16666666, touch NONE, rotation 0, type VIRTUAL, state OFF, owner com.oculus.systemux (uid 10065), FLAG_PRIVATE, FLAG_NEVER_BLANK, FLAG_OWN_CONTENT_ONLY}
09-03 21:49:22.710  1056  1520 I DisplayManagerService: Display device added: DisplayDeviceInfo{"com.oculus.android_panel_app.AndroidPanelLayer-tablet": uniqueId="virtual:com.oculus.systemux,10065,com.oculus.android_panel_app.AndroidPanelLayer-tablet,0", 768 x 340, modeId 34, defaultModeId 34, supportedModes [{id=34, width=768, height=340, fps=60.0}], colorMode 0, supportedColorModes [0], HdrCapabilities null, density 160, 160.0 x 160.0 dpi, appVsyncOff 0, presDeadline 16666666, touch NONE, rotation 0, type VIRTUAL, state OFF, owner com.oculus.systemux (uid 10065), FLAG_PRIVATE, FLAG_NEVER_BLANK, FLAG_OWN_CONTENT_ONLY}
09-03 21:49:22.772  1056  1149 I DisplayManagerService: Display device added: DisplayDeviceInfo{"com.oculus.android_panel_app.AndroidPanelLayer-tabletNav": uniqueId="virtual:com.oculus.systemux,10065,com.oculus.android_panel_app.AndroidPanelLayer-tabletNav,0", 216 x 340, modeId 35, defaultModeId 35, supportedModes [{id=35, width=216, height=340, fps=60.0}], colorMode 0, supportedColorModes [0], HdrCapabilities null, density 160, 160.0 x 160.0 dpi, appVsyncOff 0, presDeadline 16666666, touch NONE, rotation 0, type VIRTUAL, state OFF, owner com.oculus.systemux (uid 10065), FLAG_PRIVATE, FLAG_NEVER_BLANK, FLAG_OWN_CONTENT_ONLY}
09-03 21:49:22.812  1056  1547 I DisplayManagerService: Display device added: DisplayDeviceInfo{"com.oculus.android_panel_app.AndroidPanelLayer-tabletContent": uniqueId="virtual:com.oculus.systemux,10065,com.oculus.android_panel_app.AndroidPanelLayer-tabletContent,0", 552 x 340, modeId 36, defaultModeId 36, supportedModes [{id=36, width=552, height=340, fps=60.0}], colorMode 0, supportedColorModes [0], HdrCapabilities null, density 160, 160.0 x 160.0 dpi, appVsyncOff 0, presDeadline 16666666, touch NONE, rotation 0, type VIRTUAL, state OFF, owner com.oculus.systemux (uid 10065), FLAG_PRIVATE, FLAG_NEVER_BLANK, FLAG_OWN_CONTENT_ONLY}
09-03 21:49:23.339  1056  1118 I DisplayManagerService: Display device changed state: "com.oculus.android_panel_app.AndroidPanelLayer-#main", ON
09-03 21:49:23.390  1056  1118 I DisplayManagerService: Display device changed state: "com.oculus.android_panel_app.AndroidPanelLayer-tablet", ON
09-03 21:49:23.458  1056  1118 I DisplayManagerService: Display device changed state: "com.oculus.android_panel_app.AndroidPanelLayer-tabletNav", ON
09-03 21:49:23.480  1056  1118 I DisplayManagerService: Display device changed state: "com.oculus.android_panel_app.AndroidPanelLayer-tabletContent", ON
09-03 21:49:23.577   722  4793 I TrackingService: Unregistering client by ITrackingService.unregisterClient
09-03 21:49:23.578   722  4793 I TrackingService: TrackingServiceHost Unregistering client: pid 9087
09-03 21:49:24.115  1056  1598 I WindowManager: WIN DEATH: Window{c33ed69 u0 com.YourCompany.HadoukenVR/com.epicgames.ue4.GameActivity}
09-03 21:49:24.117  1056  1149 I ActivityManager: Process com.YourCompany.HadoukenVR (pid 9087) has died
09-03 21:49:24.117  1056  1149 D ActivityManager: cleanUpApplicationRecord -- 9087
09-03 21:49:24.118  1056  1435 D ConnectivityService: ConnectivityService NetworkRequestInfo binderDied(NetworkRequest [ LISTEN id=9, [ Capabilities: INTERNET&NOT_RESTRICTED&TRUSTED&NOT_VPN&VALIDATED&FOREGROUND] ], android.os.BinderProxy@a68b9ef)
09-03 21:49:24.118  1056  1598 W WindowManager: Force-removing child win Window{a2e66ce u0 SurfaceView - com.YourCompany.HadoukenVR/com.epicgames.ue4.GameActivity} from container Window{c33ed69 u0 com.YourCompany.HadoukenVR/com.epicgames.ue4.GameActivity}
09-03 21:49:24.121  1056  1227 E ConnectivityService: RemoteException caught trying to send a callback msg for NetworkRequest [ LISTEN id=9, [ Capabilities: INTERNET&NOT_RESTRICTED&TRUSTED&NOT_VPN&VALIDATED&FOREGROUND] ]
09-03 21:49:24.156  1056  1080 W WindowManager: Failed looking up window callers=com.android.server.wm.WindowManagerService.windowForClientLocked:9484 com.android.server.wm.WindowState$DeathRecipient.binderDied:1808 android.os.BinderProxy.sendDeathNotice:744 
09-03 21:49:24.156  1056  1080 I WindowManager: WIN DEATH: null
09-03 21:49:25.136   722  4793 I TrackingService: virtual android::binder::Status OVR::OS::Tracking::TrackingService::getTrackingSocketFileDescriptor(android::os::ParcelFileDescriptor *)
09-03 21:49:25.136   722  4793 D TrackingService: haptic socket already exists
09-03 21:49:26.479  1056  1081 I ActivityManager: START u0 {act=android.intent.action.MAIN cat=[android.intent.category.LAUNCHER] flg=0x10010000 pkg=com.YourCompany.HadoukenVR cmp=com.YourCompany.HadoukenVR/com.epicgames.ue4.GameActivity (has extras)} from uid 10024 on display 0
09-03 21:49:26.547  1056  1149 I ActivityManager: Start proc 9213:com.YourCompany.HadoukenVR/u0a29 for activity com.YourCompany.HadoukenVR/com.epicgames.ue4.GameActivity
09-03 21:49:27.474   722   823 I TrackingService: Unregistering client by ITrackingService.unregisterClient
09-03 21:49:27.474   722   823 I TrackingService: TrackingServiceHost Unregistering client: pid 1834
09-03 21:49:27.532  1056  1549 I DisplayManagerService: Display device removed: DisplayDeviceInfo{"com.oculus.android_panel_app.AndroidPanelLayer-#main": uniqueId="virtual:com.oculus.systemux,10065,com.oculus.android_panel_app.AndroidPanelLayer-#main,0", 862 x 124, modeId 33, defaultModeId 33, supportedModes [{id=33, width=862, height=124, fps=60.0}], colorMode 0, supportedColorModes [0], HdrCapabilities null, density 160, 160.0 x 160.0 dpi, appVsyncOff 0, presDeadline 16666666, touch NONE, rotation 0, type VIRTUAL, state ON, owner com.oculus.systemux (uid 10065), FLAG_PRIVATE, FLAG_NEVER_BLANK, FLAG_OWN_CONTENT_ONLY}
09-03 21:49:27.564  1056  1149 I DisplayManagerService: Display device removed: DisplayDeviceInfo{"com.oculus.android_panel_app.AndroidPanelLayer-tabletNav": uniqueId="virtual:com.oculus.systemux,10065,com.oculus.android_panel_app.AndroidPanelLayer-tabletNav,0", 216 x 340, modeId 35, defaultModeId 35, supportedModes [{id=35, width=216, height=340, fps=60.0}], colorMode 0, supportedColorModes [0], HdrCapabilities null, density 160, 160.0 x 160.0 dpi, appVsyncOff 0, presDeadline 16666666, touch NONE, rotation 0, type VIRTUAL, state ON, owner com.oculus.systemux (uid 10065), FLAG_PRIVATE, FLAG_NEVER_BLANK, FLAG_OWN_CONTENT_ONLY}
09-03 21:49:27.578  1056  1517 I DisplayManagerService: Display device removed: DisplayDeviceInfo{"com.oculus.android_panel_app.AndroidPanelLayer-tabletContent": uniqueId="virtual:com.oculus.systemux,10065,com.oculus.android_panel_app.AndroidPanelLayer-tabletContent,0", 552 x 340, modeId 36, defaultModeId 36, supportedModes [{id=36, width=552, height=340, fps=60.0}], colorMode 0, supportedColorModes [0], HdrCapabilities null, density 160, 160.0 x 160.0 dpi, appVsyncOff 0, presDeadline 16666666, touch NONE, rotation 0, type VIRTUAL, state ON, owner com.oculus.systemux (uid 10065), FLAG_PRIVATE, FLAG_NEVER_BLANK, FLAG_OWN_CONTENT_ONLY}
09-03 21:49:27.597  1056  1416 I DisplayManagerService: Display device removed: DisplayDeviceInfo{"com.oculus.android_panel_app.AndroidPanelLayer-tablet": uniqueId="virtual:com.oculus.systemux,10065,com.oculus.android_panel_app.AndroidPanelLayer-tablet,0", 768 x 340, modeId 34, defaultModeId 34, supportedModes [{id=34, width=768, height=340, fps=60.0}], colorMode 0, supportedColorModes [0], HdrCapabilities null, density 160, 160.0 x 160.0 dpi, appVsyncOff 0, presDeadline 16666666, touch NONE, rotation 0, type VIRTUAL, state ON, owner com.oculus.systemux (uid 10065), FLAG_PRIVATE, FLAG_NEVER_BLANK, FLAG_OWN_CONTENT_ONLY}
09-03 21:49:27.938  1056  1547 I DisplayManagerService: Display device added: DisplayDeviceInfo{"com.oculus.android_panel_app.AndroidPanelLayer-#main": uniqueId="virtual:com.oculus.systemux,10065,com.oculus.android_panel_app.AndroidPanelLayer-#main,0", 862 x 124, modeId 37, defaultModeId 37, supportedModes [{id=37, width=862, height=124, fps=60.0}], colorMode 0, supportedColorModes [0], HdrCapabilities null, density 160, 160.0 x 160.0 dpi, appVsyncOff 0, presDeadline 16666666, touch NONE, rotation 0, type VIRTUAL, state OFF, owner com.oculus.systemux (uid 10065), FLAG_PRIVATE, FLAG_NEVER_BLANK, FLAG_OWN_CONTENT_ONLY}
09-03 21:49:27.959  1056  1520 I DisplayManagerService: Display device added: DisplayDeviceInfo{"com.oculus.android_panel_app.AndroidPanelLayer-tablet": uniqueId="virtual:com.oculus.systemux,10065,com.oculus.android_panel_app.AndroidPanelLayer-tablet,0", 768 x 340, modeId 38, defaultModeId 38, supportedModes [{id=38, width=768, height=340, fps=60.0}], colorMode 0, supportedColorModes [0], HdrCapabilities null, density 160, 160.0 x 160.0 dpi, appVsyncOff 0, presDeadline 16666666, touch NONE, rotation 0, type VIRTUAL, state OFF, owner com.oculus.systemux (uid 10065), FLAG_PRIVATE, FLAG_NEVER_BLANK, FLAG_OWN_CONTENT_ONLY}
09-03 21:49:27.972  1056  1081 I DisplayManagerService: Display device added: DisplayDeviceInfo{"com.oculus.android_panel_app.AndroidPanelLayer-tabletNav": uniqueId="virtual:com.oculus.systemux,10065,com.oculus.android_panel_app.AndroidPanelLayer-tabletNav,0", 216 x 340, modeId 39, defaultModeId 39, supportedModes [{id=39, width=216, height=340, fps=60.0}], colorMode 0, supportedColorModes [0], HdrCapabilities null, density 160, 160.0 x 160.0 dpi, appVsyncOff 0, presDeadline 16666666, touch NONE, rotation 0, type VIRTUAL, state OFF, owner com.oculus.systemux (uid 10065), FLAG_PRIVATE, FLAG_NEVER_BLANK, FLAG_OWN_CONTENT_ONLY}
09-03 21:49:27.991  1056  1547 I DisplayManagerService: Display device added: DisplayDeviceInfo{"com.oculus.android_panel_app.AndroidPanelLayer-tabletContent": uniqueId="virtual:com.oculus.systemux,10065,com.oculus.android_panel_app.AndroidPanelLayer-tabletContent,0", 552 x 340, modeId 40, defaultModeId 40, supportedModes [{id=40, width=552, height=340, fps=60.0}], colorMode 0, supportedColorModes [0], HdrCapabilities null, density 160, 160.0 x 160.0 dpi, appVsyncOff 0, presDeadline 16666666, touch NONE, rotation 0, type VIRTUAL, state OFF, owner com.oculus.systemux (uid 10065), FLAG_PRIVATE, FLAG_NEVER_BLANK, FLAG_OWN_CONTENT_ONLY}
09-03 21:49:28.111  1056  1118 I DisplayManagerService: Display device changed state: "com.oculus.android_panel_app.AndroidPanelLayer-#main", ON
09-03 21:49:28.122  1056  1118 I DisplayManagerService: Display device changed state: "com.oculus.android_panel_app.AndroidPanelLayer-tablet", ON
09-03 21:49:28.136  1056  1118 I DisplayManagerService: Display device changed state: "com.oculus.android_panel_app.AndroidPanelLayer-tabletNav", ON
09-03 21:49:28.177  1056  1118 I DisplayManagerService: Display device changed state: "com.oculus.android_panel_app.AndroidPanelLayer-tabletContent", ON
09-03 21:49:28.192  1056  1273 E TaskPersister: File error accessing recents directory (directory doesn't exist?).
09-03 21:49:28.803  1497  9269 W ContextImpl: Calling a method in the system process without a qualified user: android.app.ContextImpl.sendBroadcast:877 android.content.ContextWrapper.sendBroadcast:421 com.facebook.analytics2.logger.UploadServiceBus.signalJobRan:60 com.facebook.analytics2.logger.UploadJobHandler.exitStateMachine:268 com.facebook.analytics2.logger.UploadJobHandler.handleMessage:98 
09-03 21:49:29.714   722   823 I TrackingService: TrackingService::getSharedMemoryFileDescriptor
09-03 21:49:29.715   722  4793 I TrackingService: TrackingService::registerClient
09-03 21:49:29.715   722  4793 I TrackingService: Registering client with TrackingServiceHost
09-03 21:49:29.715   722  4793 I TrackingService: Notifying client pid 9213 of new remote 4a1afe45dae264bb
09-03 21:49:29.716   722  4793 I TrackingService: Notifying client pid 9213 of new remote bff03cf417d44a2a
09-03 21:49:29.716   722  4793 I TrackingService: TrackingServiceHost GetSharedMemoryFileDescriptor for client pid 9213
09-03 21:49:29.716   722  4793 I TrackingService: TrackingServiceHost registered common client; there are 0 secure clients
09-03 21:49:31.242   722   824 I TrackingService: virtual android::binder::Status OVR::OS::Tracking::TrackingService::getTrackingSocketFileDescriptor(android::os::ParcelFileDescriptor *)
09-03 21:49:31.242   722   824 D TrackingService: haptic socket already exists
09-03 21:49:51.931   722   823 I TrackingService: TrackingService::getSharedMemoryFileDescriptor
09-03 21:49:51.940   722  4793 I TrackingService: TrackingService::registerClient
09-03 21:49:51.940   722  4793 I TrackingService: Registering client with TrackingServiceHost
09-03 21:49:51.941   722  4793 I TrackingService: Notifying client pid 1960 of new remote 4a1afe45dae264bb
09-03 21:49:51.943   722  4793 I TrackingService: Notifying client pid 1960 of new remote bff03cf417d44a2a
09-03 21:49:51.943   722  4793 I TrackingService: TrackingServiceHost GetSharedMemoryFileDescriptor for client pid 1960
09-03 21:49:51.943   722  4793 I TrackingService: TrackingServiceHost registered common client; there are 0 secure clients
09-03 21:49:51.965  1056  1598 W InputMethodManagerService: Starting input on non-focused client com.android.internal.view.IInputMethodClient$Stub$Proxy@a58edc6 (uid=10029 pid=9213)
09-03 21:49:52.927   722   722 I TrackingService: virtual android::binder::Status OVR::OS::Tracking::TrackingService::getTrackingSocketFileDescriptor(android::os::ParcelFileDescriptor *)
09-03 21:49:52.927   722   722 D TrackingService: haptic socket already exists
09-03 21:49:53.160  1056  1598 I ActivityManager: START u0 {act=android.intent.action.MAIN cat=[android.intent.category.LAUNCHER] flg=0x10010000 pkg=com.oculus.vrshell cmp=com.oculus.vrshell/.MainActivity (has extras)} from uid 10024 on display 0
09-03 21:49:53.313   722   824 I TrackingService: TrackingService::getSharedMemoryFileDescriptor
09-03 21:49:53.315   722   722 I TrackingService: TrackingService::registerClient
09-03 21:49:53.315   722   722 I TrackingService: Registering client with TrackingServiceHost
09-03 21:49:53.316   722   722 I TrackingService: Notifying client pid 1834 of new remote 4a1afe45dae264bb
09-03 21:49:53.316   722   722 I TrackingService: Notifying client pid 1834 of new remote bff03cf417d44a2a
09-03 21:49:53.316   722   722 I TrackingService: TrackingServiceHost GetSharedMemoryFileDescriptor for client pid 1834
09-03 21:49:53.316   722   722 I TrackingService: TrackingServiceHost registered common client; there are 0 secure clients
09-03 21:49:53.483  1056  9211 W AppOps  : Finishing op nesting under-run: uid 10024 pkg com.oculus.vrshell code 24 time=0 duration=0 nesting=0
09-03 21:49:53.556   722  4793 I TrackingService: Unregistering client by ITrackingService.unregisterClient
09-03 21:49:53.556   722  4793 I TrackingService: TrackingServiceHost Unregistering client: pid 1960
09-03 21:49:53.603  1056  1080 I DisplayManagerService: Display device removed: DisplayDeviceInfo{"com.oculus.android_panel_app.AndroidPanelLayer-#main": uniqueId="virtual:com.oculus.systemux,10065,com.oculus.android_panel_app.AndroidPanelLayer-#main,0", 862 x 124, modeId 37, defaultModeId 37, supportedModes [{id=37, width=862, height=124, fps=60.0}], colorMode 0, supportedColorModes [0], HdrCapabilities null, density 160, 160.0 x 160.0 dpi, appVsyncOff 0, presDeadline 16666666, touch NONE, rotation 0, type VIRTUAL, state ON, owner com.oculus.systemux (uid 10065), FLAG_PRIVATE, FLAG_NEVER_BLANK, FLAG_OWN_CONTENT_ONLY}
09-03 21:49:53.612  1056  1547 I DisplayManagerService: Display device removed: DisplayDeviceInfo{"com.oculus.android_panel_app.AndroidPanelLayer-tabletNav": uniqueId="virtual:com.oculus.systemux,10065,com.oculus.android_panel_app.AndroidPanelLayer-tabletNav,0", 216 x 340, modeId 39, defaultModeId 39, supportedModes [{id=39, width=216, height=340, fps=60.0}], colorMode 0, supportedColorModes [0], HdrCapabilities null, density 160, 160.0 x 160.0 dpi, appVsyncOff 0, presDeadline 16666666, touch NONE, rotation 0, type VIRTUAL, state ON, owner com.oculus.systemux (uid 10065), FLAG_PRIVATE, FLAG_NEVER_BLANK, FLAG_OWN_CONTENT_ONLY}
09-03 21:49:53.640  1056  1081 I DisplayManagerService: Display device removed: DisplayDeviceInfo{"com.oculus.android_panel_app.AndroidPanelLayer-tabletContent": uniqueId="virtual:com.oculus.systemux,10065,com.oculus.android_panel_app.AndroidPanelLayer-tabletContent,0", 552 x 340, modeId 40, defaultModeId 40, supportedModes [{id=40, width=552, height=340, fps=60.0}], colorMode 0, supportedColorModes [0], HdrCapabilities null, density 160, 160.0 x 160.0 dpi, appVsyncOff 0, presDeadline 16666666, touch NONE, rotation 0, type VIRTUAL, state ON, owner com.oculus.systemux (uid 10065), FLAG_PRIVATE, FLAG_NEVER_BLANK, FLAG_OWN_CONTENT_ONLY}
09-03 21:49:53.659  1056  1547 I DisplayManagerService: Display device removed: DisplayDeviceInfo{"com.oculus.android_panel_app.AndroidPanelLayer-tablet": uniqueId="virtual:com.oculus.systemux,10065,com.oculus.android_panel_app.AndroidPanelLayer-tablet,0", 768 x 340, modeId 38, defaultModeId 38, supportedModes [{id=38, width=768, height=340, fps=60.0}], colorMode 0, supportedColorModes [0], HdrCapabilities null, density 160, 160.0 x 160.0 dpi, appVsyncOff 0, presDeadline 16666666, touch NONE, rotation 0, type VIRTUAL, state ON, owner com.oculus.systemux (uid 10065), FLAG_PRIVATE, FLAG_NEVER_BLANK, FLAG_OWN_CONTENT_ONLY}
09-03 21:49:53.689  1056  1613 I DisplayManagerService: Display device added: DisplayDeviceInfo{"com.oculus.android_panel_app.AndroidPanelLayer-#main": uniqueId="virtual:com.oculus.systemux,10065,com.oculus.android_panel_app.AndroidPanelLayer-#main,0", 862 x 124, modeId 41, defaultModeId 41, supportedModes [{id=41, width=862, height=124, fps=60.0}], colorMode 0, supportedColorModes [0], HdrCapabilities null, density 160, 160.0 x 160.0 dpi, appVsyncOff 0, presDeadline 16666666, touch NONE, rotation 0, type VIRTUAL, state OFF, owner com.oculus.systemux (uid 10065), FLAG_PRIVATE, FLAG_NEVER_BLANK, FLAG_OWN_CONTENT_ONLY}
--------- beginning of main
09-03 21:49:53.710  1909  1909 D [SUI] SocialViewModel: setTabletActive() - isActive: false
09-03 21:49:53.712  1909  1909 D [SUI] AnytimeUIAndroidPanelAppV2: Acquiring viewModel SocialViewModel refCount: 1
09-03 21:49:53.712  1909  1909 D [SUI] SocialViewModel: registerPartyObserver(): 
09-03 21:49:53.712  1909  1909 D [SUI] BarViewModel: Constructing BarViewModel
09-03 21:49:53.712  1909  1909 D [SUI] AnytimeUIAndroidPanelAppV2: Acquiring viewModel BarViewModel refCount: 1
09-03 21:49:53.712  1909  1909 D [SUI] SettingsViewModel: Constructing ViewModel
09-03 21:49:53.713  1909  1909 D [SUI] AnytimeUIAndroidPanelAppV2: Acquiring viewModel SettingsViewModel refCount: 1
09-03 21:49:53.713  1909  1909 D [SUI] ProfileViewModel: Constructing ViewModel
09-03 21:49:53.713  1909  1909 D [SUI] AnytimeUIAndroidPanelAppV2: Acquiring viewModel ProfileViewModel refCount: 1
09-03 21:49:53.714  1909  1909 D [SUI] AnytimeUIAndroidPanelAppV2: Acquiring viewModel PauseViewModel refCount: 2
09-03 21:49:53.714  1909  1909 D [SUI] BarView: Initializing debug bar
09-03 21:49:53.714  1909  1909 D [SUI] BarView: Initialized debug bar
09-03 21:49:53.714  1909  1909 D [SUI] BarView: Initializing profile navigation button
09-03 21:49:53.714  1909  1909 D [SUI] BarView: Initialized profile navigation button
09-03 21:49:53.714  1909  1909 D [SUI] BarView: Initializing apps navigation button
09-03 21:49:53.714  1909  1909 D [SUI] BarView: Initialized apps navigation button
09-03 21:49:53.714  1909  1909 D [SUI] BarView: Initializing notifications navigation button
09-03 21:49:53.714  1909  1909 D [SUI] BarView: Initialized notifications navigation button
09-03 21:49:53.714  1909  1909 D [SUI] BarView: Initializing sharing navigation button
09-03 21:49:53.714  1909  1909 D [SUI] BarView: Initialized sharing navigation button
09-03 21:49:53.714  1909  1909 D [SUI] BarView: Initializing settings navigation button
09-03 21:49:53.714  1909  1909 D [SUI] BarView: Initialized settings navigation button
09-03 21:49:53.714  1909  1909 D [SUI] BarView: Initializing pause navigation button
09-03 21:49:53.714  1909  1909 D [SUI] BarView: Initialized pause navigation button
09-03 21:49:53.714  1909  1909 D [SUI] BarView: Initializing social navigation button
09-03 21:49:53.714  1909  1909 D [SUI] BarView: Initialized social navigation button
09-03 21:49:53.714  1909  1909 D [SUI] BarView: Initializing store navigation button
09-03 21:49:53.714  1909  1909 D [SUI] BarView: Initialized store navigation button
09-03 21:49:53.714  1909  1909 I AndroidPanelApp: measureLayerView with initial width 862, initial height 124, resize behavior NONE.
09-03 21:49:53.714  1909  1909 I AndroidPanelApp: Measured width 862 and height 124.
09-03 21:49:53.714  1909  1909 I AndroidPanelLayer: Setting size of layer "#main" to have width 862 and height 124
09-03 21:49:53.716  1909  1909 I AndroidPanelApp: layerTransform: Showing panel layer "#main" in VrShell with width 862, height 124, position( 0.000000 , 0.000000 ), rotation (0.000000 , 0.000000 , 0.000000 )  hit-testable true, shape 1, and system-positioned true. Density: 4680.000000. Supersampled: false 
09-03 21:49:53.716  1909  1909 I AndroidPanelApp: Calling ensurePanelLayer on layer "tablet" with view ID -1
09-03 21:49:53.716  1909  1909 I AndroidPanelLayer: Setting spec for layer "tablet"
09-03 21:49:53.716  1909  1909 I AndroidPanelLayer: Setting size of layer "tablet" to have width 768 and height 340
09-03 21:49:53.716  1909  1909 I AndroidPanelLayer: Destroying presentation for layer "tablet".
09-03 21:49:53.716  1909  1909 I AndroidPanelLayer: Creating presentation for layer "tablet" with width 768 and height 340
09-03 21:49:53.717  1834  1901 I [OAR] SystemUXController: Guardian is paused/suspended thus assuming map needs guardian.
09-03 21:49:53.717  1782  1794 I art     : Background sticky concurrent mark sweep GC freed 17121(2MB) AllocSpace objects, 5(112KB) LOS objects, 33% free, 4MB/7MB, paused 20.160ms total 152.232ms
09-03 21:49:53.718  1056  1149 I DisplayManagerService: Display device added: DisplayDeviceInfo{"com.oculus.android_panel_app.AndroidPanelLayer-tablet": uniqueId="virtual:com.oculus.systemux,10065,com.oculus.android_panel_app.AndroidPanelLayer-tablet,0", 768 x 340, modeId 42, defaultModeId 42, supportedModes [{id=42, width=768, height=340, fps=60.0}], colorMode 0, supportedColorModes [0], HdrCapabilities null, density 160, 160.0 x 160.0 dpi, appVsyncOff 0, presDeadline 16666666, touch NONE, rotation 0, type VIRTUAL, state OFF, owner com.oculus.systemux (uid 10065), FLAG_PRIVATE, FLAG_NEVER_BLANK, FLAG_OWN_CONTENT_ONLY}
09-03 21:49:53.718  1056  1520 E ActivityManager: Sending non-protected broadcast com.oculus.systemactivities.BEGIN_VIDEO_CAPTURE_WITH_SURFACE from system 1524:com.oculus.companion.server/1000 pkg com.oculus.companion.server
09-03 21:49:53.718  1056  1520 E ActivityManager: java.lang.Throwable
09-03 21:49:53.718  1056  1520 E ActivityManager: 	at com.android.server.am.ActivityManagerService.checkBroadcastFromSystem(ActivityManagerService.java:18333)
09-03 21:49:53.718  1056  1520 E ActivityManager: 	at com.android.server.am.ActivityManagerService.broadcastIntentLocked(ActivityManagerService.java:18819)
09-03 21:49:53.718  1056  1520 E ActivityManager: 	at com.android.server.am.ActivityManagerService.broadcastIntent(ActivityManagerService.java:19001)
09-03 21:49:53.718  1056  1520 E ActivityManager: 	at android.app.ActivityManagerNative.onTransact(ActivityManagerNative.java:500)
09-03 21:49:53.718  1056  1520 E ActivityManager: 	at com.android.server.am.ActivityManagerService.onTransact(ActivityManagerService.java:2832)
09-03 21:49:53.718  1056  1520 E ActivityManager: 	at android.os.Binder.execTransact(Binder.java:606)
09-03 21:49:53.721  1909  1909 D [SUI] AnytimeUIAndroidPanelAppV2: Inflating view for layer: tablet, viewIdentifier = -1
09-03 21:49:53.721  1909  3020 D [SUI] LibraryFetcher: Successfully fetched unknown sources
09-03 21:49:53.721  1056  1520 E ActivityManager: Sending non-protected broadcast com.oculus.systemactivities.BEGIN_VIDEO_CAPTURE_WITH_SURFACE from system 1524:com.oculus.companion.server/1000 pkg com.oculus.companion.server
09-03 21:49:53.721  1056  1520 E ActivityManager: java.lang.Throwable
09-03 21:49:53.721  1056  1520 E ActivityManager: 	at com.android.server.am.ActivityManagerService.checkBroadcastFromSystem(ActivityManagerService.java:18333)
09-03 21:49:53.721  1056  1520 E ActivityManager: 	at com.android.server.am.ActivityManagerService.broadcastIntentLocked(ActivityManagerService.java:18910)
09-03 21:49:53.721  1056  1520 E ActivityManager: 	at com.android.server.am.ActivityManagerService.broadcastIntent(ActivityManagerService.java:19001)
09-03 21:49:53.721  1056  1520 E ActivityManager: 	at android.app.ActivityManagerNative.onTransact(ActivityManagerNative.java:500)
09-03 21:49:53.721  1056  1520 E ActivityManager: 	at com.android.server.am.ActivityManagerService.onTransact(ActivityManagerService.java:2832)
09-03 21:49:53.721  1056  1520 E ActivityManager: 	at android.os.Binder.execTransact(Binder.java:606)
09-03 21:49:53.722  1909  1909 D [SUI] HostView: Constructing HostView
09-03 21:49:53.722  1909  1909 D [SUI] HostView: Initializing HostView
09-03 21:49:53.722  1909  1909 D [SUI] EmptyView: Constructing EmptyView
09-03 21:49:53.722  1909  1909 D [SUI] EmptyView: Initializing EmptyView
09-03 21:49:53.722  1909  1909 D [SUI] EmptyView: Showing EmptyView
09-03 21:49:53.722  1909  1909 I AndroidPanelApp: measureLayerView with initial width 768, initial height 340, resize behavior NONE.
09-03 21:49:53.722  1909  1909 I AndroidPanelApp: Measured width 768 and height 340.
09-03 21:49:53.722  1909  1909 I AndroidPanelLayer: Setting size of layer "tablet" to have width 768 and height 340
09-03 21:49:53.723  1909  1909 I AndroidPanelApp: layerTransform: Showing panel layer "tablet" in VrShell with width 768, height 340, position( 0.000000 , 0.000000 ), rotation (0.000000 , 0.000000 , 0.000000 )  hit-testable true, shape 1, and system-positioned true. Density: 4680.000000. Supersampled: false 
09-03 21:49:53.723  1909  1909 I AndroidPanelApp: Calling ensurePanelLayer on layer "tabletNav" with view ID -1
09-03 21:49:53.723  1909  1909 I AndroidPanelLayer: Setting spec for layer "tabletNav"
09-03 21:49:53.724  1909  1909 I AndroidPanelLayer: Setting size of layer "tabletNav" to have width 216 and height 340
09-03 21:49:53.724  1909  1909 I AndroidPanelLayer: Destroying presentation for layer "tabletNav".
09-03 21:49:53.724  1909  1909 I AndroidPanelLayer: Creating presentation for layer "tabletNav" with width 216 and height 340
09-03 21:49:53.725  1056  1080 I DisplayManagerService: Display device added: DisplayDeviceInfo{"com.oculus.android_panel_app.AndroidPanelLayer-tabletNav": uniqueId="virtual:com.oculus.systemux,10065,com.oculus.android_panel_app.AndroidPanelLayer-tabletNav,0", 216 x 340, modeId 43, defaultModeId 43, supportedModes [{id=43, width=216, height=340, fps=60.0}], colorMode 0, supportedColorModes [0], HdrCapabilities null, density 160, 160.0 x 160.0 dpi, appVsyncOff 0, presDeadline 16666666, touch NONE, rotation 0, type VIRTUAL, state OFF, owner com.oculus.systemux (uid 10065), FLAG_PRIVATE, FLAG_NEVER_BLANK, FLAG_OWN_CONTENT_ONLY}
09-03 21:49:53.730  1909  1909 D [SUI] AnytimeUIAndroidPanelAppV2: Inflating view for layer: tabletNav, viewIdentifier = -1
09-03 21:49:53.730  1909  1909 D [SUI] NavHostView: Constructing NavHostView
09-03 21:49:53.730  1909  1909 D [SUI] NavHostView: Initializing NavHostView
09-03 21:49:53.730  1909  1909 W Settings: Setting adb_enabled has moved from android.provider.Settings.Secure to android.provider.Settings.Global.
09-03 21:49:53.731  1909  1909 D [SUI] AnytimeUIAndroidPanelAppV2: Acquiring viewModel SettingsViewModel refCount: 2
09-03 21:49:53.731  1909  1909 D [SUI] AnytimeUIAndroidPanelAppV2: Releasing viewModel SettingsViewModel refCount: 1
09-03 21:49:53.731  2162  2162 D ScreenCaptureReceiver: onReceive com.oculus.systemactivities.BEGIN_VIDEO_CAPTURE_WITH_SURFACE package=com.oculus.systemdriver
09-03 21:49:53.731  1834  1901 I [OAR] SystemUXController: Guardian is paused/suspended thus assuming map needs guardian.
09-03 21:49:53.732  1909  1909 I AndroidPanelApp: measureLayerView with initial width 216, initial height 340, resize behavior NONE.
09-03 21:49:53.732  1909  1909 I AndroidPanelApp: Measured width 216 and height 340.
09-03 21:49:53.732  1909  1909 I AndroidPanelLayer: Setting size of layer "tabletNav" to have width 216 and height 340
09-03 21:49:53.733  1909  1909 I AndroidPanelApp: layerTransform: Showing panel layer "tabletNav" in VrShell with width 216, height 340, position( 0.000000 , 0.000000 ), rotation (0.000000 , 0.000000 , 0.000000 )  hit-testable true, shape 1, and system-positioned true. Density: 4680.000000. Supersampled: false 
09-03 21:49:53.733  1909  1909 I AndroidPanelApp: Calling ensurePanelLayer on layer "tabletContent" with view ID -1
09-03 21:49:53.733  1909  1909 I AndroidPanelLayer: Setting spec for layer "tabletContent"
09-03 21:49:53.733  2162  2162 D TrustedSignatureVerifier: Checking app signature for com.oculus.horizon
