--------- beginning of system
08-31 21:14:08.918  1062  1062 D ConditionProviders.SCP: onReceive android.intent.action.TIME_SET
08-31 21:14:08.920  1062  1062 D ConditionProviders.SCP: notifyCondition condition://android/schedule?days=6.7&start=23.30&end=10.0&exitAtAlarm=false STATE_FALSE reason=!meetsSchedule
08-31 21:14:08.921  1062  1062 D ConditionProviders.SCP: notifyCondition condition://android/schedule?days=1.2.3.4.5&start=22.0&end=7.0&exitAtAlarm=false STATE_FALSE reason=!meetsSchedule
08-31 21:14:08.924  1062  1062 D ConditionProviders.SCP: Scheduling evaluate for Mon Aug 31 22:00:00 GMT+02:00 2020 (1598904000000), in +45m51s82ms, now=Mon Aug 31 21:14:08 GMT+02:00 2020 (1598901248918)
08-31 21:14:08.942  1062  1099 I UsageStatsService: Time changed in UsageStats by -15 seconds
08-31 21:14:08.942  1062  1099 I UsageStatsService: User[0] Flushing usage stats to disk
08-31 21:14:09.556  1062  1132 I ActivityManager: Start proc 2632:com.qualcomm.timeservice/1000 for broadcast com.qualcomm.timeservice/.TimeServiceBroadcastReceiver
08-31 21:14:09.610  1062  1132 I ActivityManager: Process com.oculus.alpenglow (pid 2503) has died
08-31 21:14:09.612  1062  1132 D ActivityManager: cleanUpApplicationRecord -- 2503
08-31 21:14:09.675  1062  1099 I UsageStatsDatabase: Time changed by -15s770ms. files deleted: 0 files moved: 26
08-31 21:14:09.690  1062  1099 I UsageStatsService: User[0] Rollover scheduled @ 2020-09-01 21:13:57(1598987637100)
08-31 21:14:09.866  1469  2639 W ContextImpl: Calling a method in the system process without a qualified user: android.app.ContextImpl.sendBroadcast:877 android.content.ContextWrapper.sendBroadcast:421 com.facebook.analytics2.logger.UploadServiceBus.signalJobRan:60 com.facebook.analytics2.logger.UploadJobHandler.exitStateMachine:268 com.facebook.analytics2.logger.UploadJobHandler.handleMessage:98 
08-31 21:14:09.914  1469  2614 W ContextImpl: Calling a method in the system process without a qualified user: android.app.ContextImpl.sendBroadcast:877 android.content.ContextWrapper.sendBroadcast:421 com.facebook.analytics2.logger.UploadServiceBus.signalJobRan:60 com.facebook.analytics2.logger.UploadJobHandler.exitStateMachine:268 com.facebook.analytics2.logger.UploadJobHandler.handleMessage:98 
08-31 21:14:10.469  1469  2669 W ContextImpl: Calling a method in the system process without a qualified user: android.app.ContextImpl.sendBroadcast:877 android.content.ContextWrapper.sendBroadcast:421 com.facebook.analytics2.logger.UploadServiceBus.signalJobRan:60 com.facebook.analytics2.logger.UploadJobHandler.exitStateMachine:268 com.facebook.analytics2.logger.UploadJobHandler.handleMessage:98 
08-31 21:14:11.662  1062  1508 I ActivityManager: Killing 1818:com.android.keychain/1000 (adj 906): empty #17
08-31 21:14:11.675  1062  1086 D ActivityManager: cleanUpApplicationRecord -- 1818
08-31 21:14:11.776  1062  1118 D BluetoothManagerService: Message: 30
--------- beginning of tracking
08-31 21:39:56.192   717  4550 D Tracker/CoreOS: MontereyGlue: Acquiring MontereyGlue WakeLock
08-31 21:39:56.193   717  1203 I Tracker/CoreOS: MontereyGlue Handle Power State. currentState: 1, newState: 0
08-31 21:39:56.193   717  1203 D Tracker/CoreOS: MontereyGlue: Transition start STANDBY->SLEEP
08-31 21:39:56.193   717  1203 D Tracker/CoreOS: MontereyGlue: stopping headset streams
08-31 21:39:56.200   717  1203 D Tracker/CoreOS: MontereyGlue: stopping hand processing
08-31 21:39:56.200   717  1203 D Tracker/CoreOS: MontereyGlue: stopping controller processing
08-31 21:39:56.200   717  1203 D Tracker/CoreOS: Entering ControllerGlue::stop()
08-31 21:39:56.200   717  1203 D Tracker/CoreOS: ControllerGlue: setting expected mode to DISABLED
08-31 21:39:56.200   717  1203 D Tracker/CoreOS: ControllerGlue: Setting current mode to DISABLED
08-31 21:39:57.128   717  1203 D Tracker/CoreOS: RemoteService::handleDeviceDisconnected - device 4a1afe45dae264bb
08-31 21:39:57.129   717  1203 D TrackingCore: TrackingDataPostProcessor: Unregistering 4a1afe45dae264bb
08-31 21:39:57.130   717  1203 D Tracker/CoreOS: RemoteService::handleDeviceDisconnected - device bff03cf417d44a2a
08-31 21:39:57.132   717  1203 D TrackingCore: TrackingDataPostProcessor: Unregistering bff03cf417d44a2a
08-31 21:39:57.132   717  1203 D Tracker/CoreOS: MontereyGlue: stopping iot processing
08-31 21:39:57.166   717  1203 D Tracker/CoreOS: MontereyGlue: Start Vision Post Processing
08-31 21:39:57.166   717  1203 D Tracker/CoreOS: MontereyGlue: Acquiring Post Processing Wakelock
08-31 21:39:57.167   717  1203 D Tracker/CoreOS: MontereyGlue: Transition complete STANDBY->SLEEP
08-31 21:39:57.167   717  1203 D Tracker/CoreOS: MontereyGlue: Releasing MontereyGlue WakeLock
08-31 21:39:57.168   717  4675 D Tracker/CoreOS: Post Processing Complete
08-31 21:39:57.168   717  4675 D Tracker/CoreOS: MontereyGlue: Releasing Post Processing Wakelock
08-31 21:40:10.663   717   717 D Tracker/CoreOS: MontereyGlue: Acquiring MontereyGlue WakeLock
08-31 21:40:10.664   717   717 D Tracker/CoreOS: MontereyGlue: Acquiring MontereyGlue WakeLock
08-31 21:40:10.664   717  1203 I Tracker/CoreOS: MontereyGlue Handle Power State. currentState: 0, newState: 1
08-31 21:40:10.664   717  1203 D Tracker/CoreOS: MontereyGlue: Transition start SLEEP->STANDBY
08-31 21:40:10.664   717  1203 I Tracker/CoreOS: AutomationTest: ResumeFromSuspendTimeTests: MontereyGlue resume
08-31 21:40:10.741   717  1203 D Tracker/CoreOS: MontereyGlue: start vision took 72ms
08-31 21:40:10.741   717  1203 D Tracker/CoreOS: MontereyGlue: starting non-camera streams
08-31 21:40:10.798   717  1203 D Tracker/CoreOS: MontereyGlue: starting non-camera streams took 56ms
08-31 21:40:10.798   717  1203 D Tracker/CoreOS: MontereyGlue: starting remote service
08-31 21:40:10.798   717  1203 D Tracker/CoreOS: Entering ControllerGlue::start()
08-31 21:40:10.798   717  1203 D Tracker/CoreOS: ControllerGlue: setting expected mode to ACTIVE
08-31 21:40:10.798   717  1203 D Tracker/CoreOS: ControllerGlue: Setting current mode to ACTIVE
08-31 21:40:10.816   717  1203 D Tracker/CoreOS: MontereyGlue: starting remote service took 18ms
08-31 21:40:10.816   717  1203 D Tracker/CoreOS: MontereyGlue: Transition complete SLEEP->STANDBY
08-31 21:40:10.816   717  1203 D Tracker/CoreOS: MontereyGlue: Releasing MontereyGlue WakeLock
08-31 21:40:10.816   717  1203 I Tracker/CoreOS: MontereyGlue Handle Power State. currentState: 1, newState: 2
08-31 21:40:10.816   717  1203 D Tracker/CoreOS: MontereyGlue: Transition start STANDBY->RUNNING
08-31 21:40:10.816   717  1203 D Tracker/CoreOS: MontereyGlue: initializing cameras
08-31 21:40:10.905   717  1203 D Tracker/CoreOS: MontereyGlue: initializing cameras took 88ms
08-31 21:40:10.905   717  1203 D Tracker/CoreOS: MontereyGlue: starting camera streams
08-31 21:40:10.920   717  1203 D Tracker/CoreOS: MontereyGlue: starting camera streams took 15ms
08-31 21:40:10.920   717  1203 D Tracker/CoreOS: MontereyGlue: Starting Vision capabilities.
08-31 21:40:10.925   717  1203 D Tracker/CoreOS: MontereyGlue: Acquiring handleHandTrackingSettingChange lock
08-31 21:40:10.926   717  1203 D Tracker/CoreOS: MontereyGlue: Handling hand tracking setting disabled
08-31 21:40:10.926   717  1203 D Tracker/CoreOS: MontereyGlue: Releasing handleHandTrackingSettingChange lock
08-31 21:40:10.926   717  1203 D Tracker/CoreOS: MontereyGlue: Transition complete STANDBY->RUNNING
08-31 21:40:10.926   717  1203 D Tracker/CoreOS: MontereyGlue: Done. Total resume time: 249ms
08-31 21:40:10.926   717  1203 I Tracker/CoreOS: Tracking starts in LibDevices stack!
08-31 21:40:10.926   717  1203 D Tracker/CoreOS: MontereyGlue: Releasing MontereyGlue WakeLock
08-31 21:40:11.525   717  4773 D TrackingCore: TrackingDataPostProcessor: Registered 4a1afe45dae264bb
08-31 21:40:11.589   717  4773 D TrackingCore: TrackingDataPostProcessor: Registered bff03cf417d44a2a
08-31 21:42:26.759  1062  1119 I DisplayManagerService: Display device changed state: "com.oculus.android_panel_app.AndroidPanelLayer-tabletContent", ON
08-31 21:42:27.318  1469  5580 W ContextImpl: Calling a method in the system process without a qualified user: android.app.ContextImpl.sendBroadcast:877 android.content.ContextWrapper.sendBroadcast:421 com.facebook.analytics2.logger.UploadServiceBus.signalJobRan:60 com.facebook.analytics2.logger.UploadJobHandler.exitStateMachine:268 com.facebook.analytics2.logger.UploadJobHandler.handleMessage:98 
08-31 21:42:28.469  1062  1240 E TaskPersister: File error accessing recents directory (directory doesn't exist?).
08-31 21:42:32.424  1469  5630 W ContextImpl: Calling a method in the system process without a qualified user: android.app.ContextImpl.sendBroadcast:877 android.content.ContextWrapper.sendBroadcast:421 com.facebook.analytics2.logger.UploadServiceBus.signalJobRan:60 com.facebook.analytics2.logger.UploadJobHandler.exitStateMachine:268 com.facebook.analytics2.logger.UploadJobHandler.handleMessage:98 
08-31 21:42:43.636  1062  5255 I ActivityManager: START u0 {act=com.oculus.vrshell.intent.action.LAUNCH flg=0x10000000 pkg=com.oculus.vrshell cmp=com.oculus.vrshell/.MainActivity (has extras)} from uid 10024 on display 0
08-31 21:42:43.917  1062  1537 I DisplayManagerService: Display device added: DisplayDeviceInfo{"com.oculus.android_panel_app.AndroidPanelLayer-#main": uniqueId="virtual:com.oculus.systemux,10065,com.oculus.android_panel_app.AndroidPanelLayer-#main,1", 770 x 241, modeId 75, defaultModeId 75, supportedModes [{id=75, width=770, height=241, fps=60.0}], colorMode 0, supportedColorModes [0], HdrCapabilities null, density 160, 160.0 x 160.0 dpi, appVsyncOff 0, presDeadline 16666666, touch NONE, rotation 0, type VIRTUAL, state OFF, owner com.oculus.systemux (uid 10065), FLAG_PRIVATE, FLAG_NEVER_BLANK, FLAG_OWN_CONTENT_ONLY}
08-31 21:42:44.122  1062  1591 I DisplayManagerService: Display device added: DisplayDeviceInfo{"com.oculus.android_panel_app.AndroidPanelLayer-dialog": uniqueId="virtual:com.oculus.systemux,10065,com.oculus.android_panel_app.AndroidPanelLayer-dialog,0", 540 x 300, modeId 76, defaultModeId 76, supportedModes [{id=76, width=540, height=300, fps=60.0}], colorMode 0, supportedColorModes [0], HdrCapabilities null, density 160, 160.0 x 160.0 dpi, appVsyncOff 0, presDeadline 16666666, touch NONE, rotation 0, type VIRTUAL, state OFF, owner com.oculus.systemux (uid 10065), FLAG_PRIVATE, FLAG_NEVER_BLANK, FLAG_OWN_CONTENT_ONLY}
08-31 21:42:44.285  1062  1119 I DisplayManagerService: Display device changed state: "com.oculus.android_panel_app.AndroidPanelLayer-#main", ON
08-31 21:42:44.311  1062  1119 I DisplayManagerService: Display device changed state: "com.oculus.android_panel_app.AndroidPanelLayer-dialog", ON
08-31 21:42:45.918  1062  1458 I DisplayManagerService: Display device removed: DisplayDeviceInfo{"com.oculus.android_panel_app.AndroidPanelLayer-#main": uniqueId="virtual:com.oculus.systemux,10065,com.oculus.android_panel_app.AndroidPanelLayer-#main,0", 774 x 124, modeId 71, defaultModeId 71, supportedModes [{id=71, width=774, height=124, fps=60.0}], colorMode 0, supportedColorModes [0], HdrCapabilities null, density 160, 160.0 x 160.0 dpi, appVsyncOff 0, presDeadline 16666666, touch NONE, rotation 0, type VIRTUAL, state ON, owner com.oculus.systemux (uid 10065), FLAG_PRIVATE, FLAG_NEVER_BLANK, FLAG_OWN_CONTENT_ONLY}
08-31 21:42:45.956  1062  1458 I DisplayManagerService: Display device removed: DisplayDeviceInfo{"com.oculus.android_panel_app.AndroidPanelLayer-tabletNav": uniqueId="virtual:com.oculus.systemux,10065,com.oculus.android_panel_app.AndroidPanelLayer-tabletNav,0", 216 x 340, modeId 73, defaultModeId 73, supportedModes [{id=73, width=216, height=340, fps=60.0}], colorMode 0, supportedColorModes [0], HdrCapabilities null, density 160, 160.0 x 160.0 dpi, appVsyncOff 0, presDeadline 16666666, touch NONE, rotation 0, type VIRTUAL, state ON, owner com.oculus.systemux (uid 10065), FLAG_PRIVATE, FLAG_NEVER_BLANK, FLAG_OWN_CONTENT_ONLY}
08-31 21:42:45.980  1062  1518 I DisplayManagerService: Display device removed: DisplayDeviceInfo{"com.oculus.android_panel_app.AndroidPanelLayer-tabletContent": uniqueId="virtual:com.oculus.systemux,10065,com.oculus.android_panel_app.AndroidPanelLayer-tabletContent,0", 552 x 340, modeId 74, defaultModeId 74, supportedModes [{id=74, width=552, height=340, fps=60.0}], colorMode 0, supportedColorModes [0], HdrCapabilities null, density 160, 160.0 x 160.0 dpi, appVsyncOff 0, presDeadline 16666666, touch NONE, rotation 0, type VIRTUAL, state ON, owner com.oculus.systemux (uid 10065), FLAG_PRIVATE, FLAG_NEVER_BLANK, FLAG_OWN_CONTENT_ONLY}
08-31 21:42:46.005  1062  1086 I DisplayManagerService: Display device removed: DisplayDeviceInfo{"com.oculus.android_panel_app.AndroidPanelLayer-tablet": uniqueId="virtual:com.oculus.systemux,10065,com.oculus.android_panel_app.AndroidPanelLayer-tablet,0", 768 x 340, modeId 72, defaultModeId 72, supportedModes [{id=72, width=768, height=340, fps=60.0}], colorMode 0, supportedColorModes [0], HdrCapabilities null, density 160, 160.0 x 160.0 dpi, appVsyncOff 0, presDeadline 16666666, touch NONE, rotation 0, type VIRTUAL, state ON, owner com.oculus.systemux (uid 10065), FLAG_PRIVATE, FLAG_NEVER_BLANK, FLAG_OWN_CONTENT_ONLY}
08-31 21:42:47.380  1062  1518 I DisplayManagerService: Display device added: DisplayDeviceInfo{"com.oculus.android_panel_app.AndroidPanelLayer-toast": uniqueId="virtual:com.oculus.systemux,10065,com.oculus.android_panel_app.AndroidPanelLayer-toast,0", 420 x 72, modeId 77, defaultModeId 77, supportedModes [{id=77, width=420, height=72, fps=60.0}], colorMode 0, supportedColorModes [0], HdrCapabilities null, density 160, 160.0 x 160.0 dpi, appVsyncOff 0, presDeadline 16666666, touch NONE, rotation 0, type VIRTUAL, state OFF, owner com.oculus.systemux (uid 10065), FLAG_PRIVATE, FLAG_NEVER_BLANK, FLAG_OWN_CONTENT_ONLY}
08-31 21:42:47.467  1062  1119 I DisplayManagerService: Display device changed state: "com.oculus.android_panel_app.AndroidPanelLayer-toast", ON
08-31 21:42:50.418  1062  1133 I WindowManager: WIN DEATH: Window{a9d4e4f u0 com.YourCompany.HadoukenVR/com.epicgames.ue4.GameActivity}
08-31 21:42:50.419  1062  1133 W WindowManager: Force-removing child win Window{c6019db u0 SurfaceView - com.YourCompany.HadoukenVR/com.epicgames.ue4.GameActivity} from container Window{a9d4e4f u0 com.YourCompany.HadoukenVR/com.epicgames.ue4.GameActivity}
08-31 21:42:50.419  1062  1508 D ConnectivityService: ConnectivityService NetworkRequestInfo binderDied(NetworkRequest [ LISTEN id=11, [ Capabilities: INTERNET&NOT_RESTRICTED&TRUSTED&NOT_VPN&VALIDATED&FOREGROUND] ], android.os.BinderProxy@72dec78)
08-31 21:42:50.420  1062  1086 I ActivityManager: Process com.YourCompany.HadoukenVR (pid 5530) has died
08-31 21:42:50.420  1062  1086 D ActivityManager: cleanUpApplicationRecord -- 5530
08-31 21:42:50.423  1062  1192 E ConnectivityService: RemoteException caught trying to send a callback msg for NetworkRequest [ LISTEN id=11, [ Capabilities: INTERNET&NOT_RESTRICTED&TRUSTED&NOT_VPN&VALIDATED&FOREGROUND] ]
08-31 21:42:50.437  1062  1559 W WindowManager: Failed looking up window callers=com.android.server.wm.WindowManagerService.windowForClientLocked:9484 com.android.server.wm.WindowState$DeathRecipient.binderDied:1808 android.os.BinderProxy.sendDeathNotice:744 
08-31 21:42:50.437  1062  1559 I WindowManager: WIN DEATH: null
08-31 21:42:52.460  1469  5666 W ContextImpl: Calling a method in the system process without a qualified user: android.app.ContextImpl.sendBroadcast:877 android.content.ContextWrapper.sendBroadcast:421 com.facebook.analytics2.logger.UploadServiceBus.signalJobRan:60 com.facebook.analytics2.logger.UploadJobHandler.exitStateMachine:268 com.facebook.analytics2.logger.UploadJobHandler.handleMessage:98 
08-31 21:42:53.419  1062  1474 I ActivityManager: Start proc 5667:com.oculus.vrshell.home:library/u0a48 for service com.oculus.vrshell.home/.LibraryService
08-31 21:42:53.473  1062  1240 E TaskPersister: File error accessing recents directory (directory doesn't exist?).
08-31 21:42:57.241  1062  5255 I ActivityManager: START u0 {act=android.intent.action.MAIN cat=[android.intent.category.LAUNCHER] flg=0x10010000 pkg=com.YourCompany.HadoukenVR cmp=com.YourCompany.HadoukenVR/com.epicgames.ue4.GameActivity (has extras)} from uid 10024 on display 0
08-31 21:42:57.320  1062  1474 I ActivityManager: Start proc 5738:com.YourCompany.HadoukenVR/u0a359 for activity com.YourCompany.HadoukenVR/com.epicgames.ue4.GameActivity
08-31 21:42:57.542  1062  1508 I ActivityManager: Process com.oculus.vrshell.home:library (pid 5667) has died
08-31 21:42:57.542  1062  1508 D ActivityManager: cleanUpApplicationRecord -- 5667
08-31 21:42:58.020  1062  1456 I DisplayManagerService: Display device removed: DisplayDeviceInfo{"com.oculus.android_panel_app.AndroidPanelLayer-#main": uniqueId="virtual:com.oculus.systemux,10065,com.oculus.android_panel_app.AndroidPanelLayer-#main,1", 770 x 241, modeId 75, defaultModeId 75, supportedModes [{id=75, width=770, height=241, fps=60.0}], colorMode 0, supportedColorModes [0], HdrCapabilities null, density 160, 160.0 x 160.0 dpi, appVsyncOff 0, presDeadline 16666666, touch NONE, rotation 0, type VIRTUAL, state ON, owner com.oculus.systemux (uid 10065), FLAG_PRIVATE, FLAG_NEVER_BLANK, FLAG_OWN_CONTENT_ONLY}
08-31 21:42:58.045  1062  1458 I DisplayManagerService: Display device removed: DisplayDeviceInfo{"com.oculus.android_panel_app.AndroidPanelLayer-dialog": uniqueId="virtual:com.oculus.systemux,10065,com.oculus.android_panel_app.AndroidPanelLayer-dialog,0", 540 x 300, modeId 76, defaultModeId 76, supportedModes [{id=76, width=540, height=300, fps=60.0}], colorMode 0, supportedColorModes [0], HdrCapabilities null, density 160, 160.0 x 160.0 dpi, appVsyncOff 0, presDeadline 16666666, touch NONE, rotation 0, type VIRTUAL, state ON, owner com.oculus.systemux (uid 10065), FLAG_PRIVATE, FLAG_NEVER_BLANK, FLAG_OWN_CONTENT_ONLY}
08-31 21:42:58.081  1062  1537 I DisplayManagerService: Display device removed: DisplayDeviceInfo{"com.oculus.android_panel_app.AndroidPanelLayer-toast": uniqueId="virtual:com.oculus.systemux,10065,com.oculus.android_panel_app.AndroidPanelLayer-toast,0", 420 x 72, modeId 77, defaultModeId 77, supportedModes [{id=77, width=420, height=72, fps=60.0}], colorMode 0, supportedColorModes [0], HdrCapabilities null, density 160, 160.0 x 160.0 dpi, appVsyncOff 0, presDeadline 16666666, touch NONE, rotation 0, type VIRTUAL, state ON, owner com.oculus.systemux (uid 10065), FLAG_PRIVATE, FLAG_NEVER_BLANK, FLAG_OWN_CONTENT_ONLY}
08-31 21:42:58.157  1062  1086 I DisplayManagerService: Display device added: DisplayDeviceInfo{"com.oculus.android_panel_app.AndroidPanelLayer-#main": uniqueId="virtual:com.oculus.systemux,10065,com.oculus.android_panel_app.AndroidPanelLayer-#main,0", 774 x 124, modeId 78, defaultModeId 78, supportedModes [{id=78, width=774, height=124, fps=60.0}], colorMode 0, supportedColorModes [0], HdrCapabilities null, density 160, 160.0 x 160.0 dpi, appVsyncOff 0, presDeadline 16666666, touch NONE, rotation 0, type VIRTUAL, state OFF, owner com.oculus.systemux (uid 10065), FLAG_PRIVATE, FLAG_NEVER_BLANK, FLAG_OWN_CONTENT_ONLY}
08-31 21:42:58.179  1062  1087 I DisplayManagerService: Display device added: DisplayDeviceInfo{"com.oculus.android_panel_app.AndroidPanelLayer-tablet": uniqueId="virtual:com.oculus.systemux,10065,com.oculus.android_panel_app.AndroidPanelLayer-tablet,0", 768 x 340, modeId 79, defaultModeId 79, supportedModes [{id=79, width=768, height=340, fps=60.0}], colorMode 0, supportedColorModes [0], HdrCapabilities null, density 160, 160.0 x 160.0 dpi, appVsyncOff 0, presDeadline 16666666, touch NONE, rotation 0, type VIRTUAL, state OFF, owner com.oculus.systemux (uid 10065), FLAG_PRIVATE, FLAG_NEVER_BLANK, FLAG_OWN_CONTENT_ONLY}
08-31 21:42:58.189  1062  1474 I DisplayManagerService: Display device added: DisplayDeviceInfo{"com.oculus.android_panel_app.AndroidPanelLayer-tabletNav": uniqueId="virtual:com.oculus.systemux,10065,com.oculus.android_panel_app.AndroidPanelLayer-tabletNav,0", 216 x 340, modeId 80, defaultModeId 80, supportedModes [{id=80, width=216, height=340, fps=60.0}], colorMode 0, supportedColorModes [0], HdrCapabilities null, density 160, 160.0 x 160.0 dpi, appVsyncOff 0, presDeadline 16666666, touch NONE, rotation 0, type VIRTUAL, state OFF, owner com.oculus.systemux (uid 10065), FLAG_PRIVATE, FLAG_NEVER_BLANK, FLAG_OWN_CONTENT_ONLY}
08-31 21:42:58.196  1062  5255 I DisplayManagerService: Display device added: DisplayDeviceInfo{"com.oculus.android_panel_app.AndroidPanelLayer-tabletContent": uniqueId="virtual:com.oculus.systemux,10065,com.oculus.android_panel_app.AndroidPanelLayer-tabletContent,0", 552 x 340, modeId 81, defaultModeId 81, supportedModes [{id=81, width=552, height=340, fps=60.0}], colorMode 0, supportedColorModes [0], HdrCapabilities null, density 160, 160.0 x 160.0 dpi, appVsyncOff 0, presDeadline 16666666, touch NONE, rotation 0, type VIRTUAL, state OFF, owner com.oculus.systemux (uid 10065), FLAG_PRIVATE, FLAG_NEVER_BLANK, FLAG_OWN_CONTENT_ONLY}
08-31 21:42:58.302  1062  1119 I DisplayManagerService: Display device changed state: "com.oculus.android_panel_app.AndroidPanelLayer-#main", ON
08-31 21:42:58.319  1062  1119 I DisplayManagerService: Display device changed state: "com.oculus.android_panel_app.AndroidPanelLayer-tablet", ON
08-31 21:42:58.327  1062  1119 I DisplayManagerService: Display device changed state: "com.oculus.android_panel_app.AndroidPanelLayer-tabletNav", ON
08-31 21:42:58.344  1062  1119 I DisplayManagerService: Display device changed state: "com.oculus.android_panel_app.AndroidPanelLayer-tabletContent", ON
08-31 21:42:58.720  1062  1474 I DisplayManagerService: Display device removed: DisplayDeviceInfo{"com.oculus.android_panel_app.AndroidPanelLayer-#main": uniqueId="virtual:com.oculus.systemux,10065,com.oculus.android_panel_app.AndroidPanelLayer-#main,0", 774 x 124, modeId 78, defaultModeId 78, supportedModes [{id=78, width=774, height=124, fps=60.0}], colorMode 0, supportedColorModes [0], HdrCapabilities null, density 160, 160.0 x 160.0 dpi, appVsyncOff 0, presDeadline 16666666, touch NONE, rotation 0, type VIRTUAL, state ON, owner com.oculus.systemux (uid 10065), FLAG_PRIVATE, FLAG_NEVER_BLANK, FLAG_OWN_CONTENT_ONLY}
08-31 21:42:58.768  1062  1087 I DisplayManagerService: Display device removed: DisplayDeviceInfo{"com.oculus.android_panel_app.AndroidPanelLayer-tabletNav": uniqueId="virtual:com.oculus.systemux,10065,com.oculus.android_panel_app.AndroidPanelLayer-tabletNav,0", 216 x 340, modeId 80, defaultModeId 80, supportedModes [{id=80, width=216, height=340, fps=60.0}], colorMode 0, supportedColorModes [0], HdrCapabilities null, density 160, 160.0 x 160.0 dpi, appVsyncOff 0, presDeadline 16666666, touch NONE, rotation 0, type VIRTUAL, state ON, owner com.oculus.systemux (uid 10065), FLAG_PRIVATE, FLAG_NEVER_BLANK, FLAG_OWN_CONTENT_ONLY}
08-31 21:42:58.798  1062  1559 I DisplayManagerService: Display device removed: DisplayDeviceInfo{"com.oculus.android_panel_app.AndroidPanelLayer-tabletContent": uniqueId="virtual:com.oculus.systemux,10065,com.oculus.android_panel_app.AndroidPanelLayer-tabletContent,0", 552 x 340, modeId 81, defaultModeId 81, supportedModes [{id=81, width=552, height=340, fps=60.0}], colorMode 0, supportedColorModes [0], HdrCapabilities null, density 160, 160.0 x 160.0 dpi, appVsyncOff 0, presDeadline 16666666, touch NONE, rotation 0, type VIRTUAL, state ON, owner com.oculus.systemux (uid 10065), FLAG_PRIVATE, FLAG_NEVER_BLANK, FLAG_OWN_CONTENT_ONLY}
08-31 21:42:58.836  1062  1542 I DisplayManagerService: Display device removed: DisplayDeviceInfo{"com.oculus.android_panel_app.AndroidPanelLayer-tablet": uniqueId="virtual:com.oculus.systemux,10065,com.oculus.android_panel_app.AndroidPanelLayer-tablet,0", 768 x 340, modeId 79, defaultModeId 79, supportedModes [{id=79, width=768, height=340, fps=60.0}], colorMode 0, supportedColorModes [0], HdrCapabilities null, density 160, 160.0 x 160.0 dpi, appVsyncOff 0, presDeadline 16666666, touch NONE, rotation 0, type VIRTUAL, state ON, owner com.oculus.systemux (uid 10065), FLAG_PRIVATE, FLAG_NEVER_BLANK, FLAG_OWN_CONTENT_ONLY}
08-31 21:42:58.871  1062  1542 I DisplayManagerService: Display device added: DisplayDeviceInfo{"com.oculus.android_panel_app.AndroidPanelLayer-#main": uniqueId="virtual:com.oculus.systemux,10065,com.oculus.android_panel_app.AndroidPanelLayer-#main,0", 774 x 124, modeId 82, defaultModeId 82, supportedModes [{id=82, width=774, height=124, fps=60.0}], colorMode 0, supportedColorModes [0], HdrCapabilities null, density 160, 160.0 x 160.0 dpi, appVsyncOff 0, presDeadline 16666666, touch NONE, rotation 0, type VIRTUAL, state OFF, owner com.oculus.systemux (uid 10065), FLAG_PRIVATE, FLAG_NEVER_BLANK, FLAG_OWN_CONTENT_ONLY}
08-31 21:42:58.895  1062  1537 I DisplayManagerService: Display device added: DisplayDeviceInfo{"com.oculus.android_panel_app.AndroidPanelLayer-tablet": uniqueId="virtual:com.oculus.systemux,10065,com.oculus.android_panel_app.AndroidPanelLayer-tablet,0", 768 x 340, modeId 83, defaultModeId 83, supportedModes [{id=83, width=768, height=340, fps=60.0}], colorMode 0, supportedColorModes [0], HdrCapabilities null, density 160, 160.0 x 160.0 dpi, appVsyncOff 0, presDeadline 16666666, touch NONE, rotation 0, type VIRTUAL, state OFF, owner com.oculus.systemux (uid 10065), FLAG_PRIVATE, FLAG_NEVER_BLANK, FLAG_OWN_CONTENT_ONLY}
08-31 21:42:58.906  1062  1508 I DisplayManagerService: Display device added: DisplayDeviceInfo{"com.oculus.android_panel_app.AndroidPanelLayer-tabletNav": uniqueId="virtual:com.oculus.systemux,10065,com.oculus.android_panel_app.AndroidPanelLayer-tabletNav,0", 216 x 340, modeId 84, defaultModeId 84, supportedModes [{id=84, width=216, height=340, fps=60.0}], colorMode 0, supportedColorModes [0], HdrCapabilities null, density 160, 160.0 x 160.0 dpi, appVsyncOff 0, presDeadline 16666666, touch NONE, rotation 0, type VIRTUAL, state OFF, owner com.oculus.systemux (uid 10065), FLAG_PRIVATE, FLAG_NEVER_BLANK, FLAG_OWN_CONTENT_ONLY}
08-31 21:42:58.927  1062  1087 I DisplayManagerService: Display device added: DisplayDeviceInfo{"com.oculus.android_panel_app.AndroidPanelLayer-tabletContent": uniqueId="virtual:com.oculus.systemux,10065,com.oculus.android_panel_app.AndroidPanelLayer-tabletContent,0", 552 x 340, modeId 85, defaultModeId 85, supportedModes [{id=85, width=552, height=340, fps=60.0}], colorMode 0, supportedColorModes [0], HdrCapabilities null, density 160, 160.0 x 160.0 dpi, appVsyncOff 0, presDeadline 16666666, touch NONE, rotation 0, type VIRTUAL, state OFF, owner com.oculus.systemux (uid 10065), FLAG_PRIVATE, FLAG_NEVER_BLANK, FLAG_OWN_CONTENT_ONLY}
08-31 21:42:59.046  1062  1119 I DisplayManagerService: Display device changed state: "com.oculus.android_panel_app.AndroidPanelLayer-#main", ON
08-31 21:42:59.057  1062  1119 I DisplayManagerService: Display device changed state: "com.oculus.android_panel_app.AndroidPanelLayer-tablet", ON
08-31 21:42:59.087  1062  1119 I DisplayManagerService: Display device changed state: "com.oculus.android_panel_app.AndroidPanelLayer-tabletNav", ON
08-31 21:42:59.088  1062  1119 I DisplayManagerService: Display device changed state: "com.oculus.android_panel_app.AndroidPanelLayer-tabletContent", ON
08-31 21:42:59.541  1469  5791 W ContextImpl: Calling a method in the system process without a qualified user: android.app.ContextImpl.sendBroadcast:877 android.content.ContextWrapper.sendBroadcast:421 com.facebook.analytics2.logger.UploadServiceBus.signalJobRan:60 com.facebook.analytics2.logger.UploadJobHandler.exitStateMachine:268 com.facebook.analytics2.logger.UploadJobHandler.handleMessage:98 
08-31 21:43:00.753  1062  1240 E TaskPersister: File error accessing recents directory (directory doesn't exist?).
08-31 21:43:04.639  1469  5840 W ContextImpl: Calling a method in the system process without a qualified user: android.app.ContextImpl.sendBroadcast:877 android.content.ContextWrapper.sendBroadcast:421 com.facebook.analytics2.logger.UploadServiceBus.signalJobRan:60 com.facebook.analytics2.logger.UploadJobHandler.exitStateMachine:268 com.facebook.analytics2.logger.UploadJobHandler.handleMessage:98 
08-31 21:43:18.561  1062  1518 I ActivityManager: START u0 {act=com.oculus.vrshell.intent.action.LAUNCH flg=0x10000000 pkg=com.oculus.vrshell cmp=com.oculus.vrshell/.MainActivity (has extras)} from uid 10024 on display 0
08-31 21:43:18.860  1062  1132 I DisplayManagerService: Display device added: DisplayDeviceInfo{"com.oculus.android_panel_app.AndroidPanelLayer-#main": uniqueId="virtual:com.oculus.systemux,10065,com.oculus.android_panel_app.AndroidPanelLayer-#main,1", 770 x 241, modeId 86, defaultModeId 86, supportedModes [{id=86, width=770, height=241, fps=60.0}], colorMode 0, supportedColorModes [0], HdrCapabilities null, density 160, 160.0 x 160.0 dpi, appVsyncOff 0, presDeadline 16666666, touch NONE, rotation 0, type VIRTUAL, state OFF, owner com.oculus.systemux (uid 10065), FLAG_PRIVATE, FLAG_NEVER_BLANK, FLAG_OWN_CONTENT_ONLY}
08-31 21:43:19.135  1062  1087 I DisplayManagerService: Display device added: DisplayDeviceInfo{"com.oculus.android_panel_app.AndroidPanelLayer-dialog": uniqueId="virtual:com.oculus.systemux,10065,com.oculus.android_panel_app.AndroidPanelLayer-dialog,0", 540 x 300, modeId 87, defaultModeId 87, supportedModes [{id=87, width=540, height=300, fps=60.0}], colorMode 0, supportedColorModes [0], HdrCapabilities null, density 160, 160.0 x 160.0 dpi, appVsyncOff 0, presDeadline 16666666, touch NONE, rotation 0, type VIRTUAL, state OFF, owner com.oculus.systemux (uid 10065), FLAG_PRIVATE, FLAG_NEVER_BLANK, FLAG_OWN_CONTENT_ONLY}
08-31 21:43:19.258  1062  1119 I DisplayManagerService: Display device changed state: "com.oculus.android_panel_app.AndroidPanelLayer-#main", ON
08-31 21:43:19.289  1062  1119 I DisplayManagerService: Display device changed state: "com.oculus.android_panel_app.AndroidPanelLayer-dialog", ON
08-31 21:43:20.316  5738  5738 W ViewRootImpl[GameActivity]: Dropping event due to no window focus: MotionEvent { action=ACTION_DOWN, actionButton=0, id[0]=0, x[0]=1440.0, y[0]=800.0, toolType[0]=TOOL_TYPE_UNKNOWN, buttonState=0, metaState=META_CTRL_LEFT_ON|META_META_ON|META_META_LEFT_ON|META_SCROLL_LOCK_ON|0x01000000|0x04000000|0x20000000|0x40000000, flags=0x0, edgeFlags=0x0, pointerCount=1, historySize=0, eventTime=1778515, downTime=1778515, deviceId=0, source=0x2002 }
08-31 21:43:20.902  1062  1474 I WindowManager: WIN DEATH: Window{2f63307 u0 SurfaceView - com.YourCompany.HadoukenVR/com.epicgames.ue4.GameActivity}
08-31 21:43:20.902  1062  1132 I ActivityManager: Process com.YourCompany.HadoukenVR (pid 5738) has died
08-31 21:43:20.902  1062  1132 D ActivityManager: cleanUpApplicationRecord -- 5738
08-31 21:43:20.902  1062  5255 D ConnectivityService: ConnectivityService NetworkRequestInfo binderDied(NetworkRequest [ LISTEN id=12, [ Capabilities: INTERNET&NOT_RESTRICTED&TRUSTED&NOT_VPN&VALIDATED&FOREGROUND] ], android.os.BinderProxy@4ca0c34)
08-31 21:43:20.906  1062  1192 E ConnectivityService: RemoteException caught trying to send a callback msg for NetworkRequest [ LISTEN id=12, [ Capabilities: INTERNET&NOT_RESTRICTED&TRUSTED&NOT_VPN&VALIDATED&FOREGROUND] ]
08-31 21:43:20.920  1062  1458 I WindowManager: WIN DEATH: Window{6a270ee u0 com.YourCompany.HadoukenVR/com.epicgames.ue4.GameActivity}
08-31 21:43:23.497  1062  1133 I ActivityManager: Start proc 5852:com.oculus.vrshell.home:library/u0a48 for service com.oculus.vrshell.home/.LibraryService
08-31 21:43:23.974  1062  1240 E TaskPersister: File error accessing recents directory (directory doesn't exist?).
08-31 21:43:26.051  1469  5922 W ContextImpl: Calling a method in the system process without a qualified user: android.app.ContextImpl.sendBroadcast:877 android.content.ContextWrapper.sendBroadcast:421 com.facebook.analytics2.logger.UploadServiceBus.signalJobRan:60 com.facebook.analytics2.logger.UploadJobHandler.exitStateMachine:268 com.facebook.analytics2.logger.UploadJobHandler.handleMessage:98 
08-31 21:43:26.521  1062  1104 E BatteryStatsService: no controller energy info supplied
08-31 21:43:26.536  1062  1104 E BatteryStatsService: no controller energy info supplied
08-31 21:43:27.736  1062  1537 I ActivityManager: START u0 {act=android.intent.action.MAIN cat=[android.intent.category.LAUNCHER] flg=0x10010000 pkg=com.YourCompany.HadoukenVR cmp=com.YourCompany.HadoukenVR/com.epicgames.ue4.GameActivity (has extras)} from uid 10024 on display 0
08-31 21:43:27.779  1062  1087 I ActivityManager: Start proc 5924:com.YourCompany.HadoukenVR/u0a359 for activity com.YourCompany.HadoukenVR/com.epicgames.ue4.GameActivity
08-31 21:43:28.091  1062  1508 I ActivityManager: Process com.oculus.vrshell.home:library (pid 5852) has died
08-31 21:43:28.092  1062  1508 D ActivityManager: cleanUpApplicationRecord -- 5852
08-31 21:43:28.579  1062  1542 I DisplayManagerService: Display device removed: DisplayDeviceInfo{"com.oculus.android_panel_app.AndroidPanelLayer-#main": uniqueId="virtual:com.oculus.systemux,10065,com.oculus.android_panel_app.AndroidPanelLayer-#main,1", 770 x 241, modeId 86, defaultModeId 86, supportedModes [{id=86, width=770, height=241, fps=60.0}], colorMode 0, supportedColorModes [0], HdrCapabilities null, density 160, 160.0 x 160.0 dpi, appVsyncOff 0, presDeadline 16666666, touch NONE, rotation 0, type VIRTUAL, state ON, owner com.oculus.systemux (uid 10065), FLAG_PRIVATE, FLAG_NEVER_BLANK, FLAG_OWN_CONTENT_ONLY}
08-31 21:43:28.671  1062  1474 I DisplayManagerService: Display device removed: DisplayDeviceInfo{"com.oculus.android_panel_app.AndroidPanelLayer-dialog": uniqueId="virtual:com.oculus.systemux,10065,com.oculus.android_panel_app.AndroidPanelLayer-dialog,0", 540 x 300, modeId 87, defaultModeId 87, supportedModes [{id=87, width=540, height=300, fps=60.0}], colorMode 0, supportedColorModes [0], HdrCapabilities null, density 160, 160.0 x 160.0 dpi, appVsyncOff 0, presDeadline 16666666, touch NONE, rotation 0, type VIRTUAL, state ON, owner com.oculus.systemux (uid 10065), FLAG_PRIVATE, FLAG_NEVER_BLANK, FLAG_OWN_CONTENT_ONLY}
08-31 21:43:28.714  1062  1458 I DisplayManagerService: Display device removed: DisplayDeviceInfo{"com.oculus.android_panel_app.AndroidPanelLayer-#main": uniqueId="virtual:com.oculus.systemux,10065,com.oculus.android_panel_app.AndroidPanelLayer-#main,0", 774 x 124, modeId 82, defaultModeId 82, supportedModes [{id=82, width=774, height=124, fps=60.0}], colorMode 0, supportedColorModes [0], HdrCapabilities null, density 160, 160.0 x 160.0 dpi, appVsyncOff 0, presDeadline 16666666, touch NONE, rotation 0, type VIRTUAL, state ON, owner com.oculus.systemux (uid 10065), FLAG_PRIVATE, FLAG_NEVER_BLANK, FLAG_OWN_CONTENT_ONLY}
08-31 21:43:28.723  1062  1559 I DisplayManagerService: Display device removed: DisplayDeviceInfo{"com.oculus.android_panel_app.AndroidPanelLayer-tabletNav": uniqueId="virtual:com.oculus.systemux,10065,com.oculus.android_panel_app.AndroidPanelLayer-tabletNav,0", 216 x 340, modeId 84, defaultModeId 84, supportedModes [{id=84, width=216, height=340, fps=60.0}], colorMode 0, supportedColorModes [0], HdrCapabilities null, density 160, 160.0 x 160.0 dpi, appVsyncOff 0, presDeadline 16666666, touch NONE, rotation 0, type VIRTUAL, state ON, owner com.oculus.systemux (uid 10065), FLAG_PRIVATE, FLAG_NEVER_BLANK, FLAG_OWN_CONTENT_ONLY}
08-31 21:43:28.736  1062  1474 I DisplayManagerService: Display device removed: DisplayDeviceInfo{"com.oculus.android_panel_app.AndroidPanelLayer-tabletContent": uniqueId="virtual:com.oculus.systemux,10065,com.oculus.android_panel_app.AndroidPanelLayer-tabletContent,0", 552 x 340, modeId 85, defaultModeId 85, supportedModes [{id=85, width=552, height=340, fps=60.0}], colorMode 0, supportedColorModes [0], HdrCapabilities null, density 160, 160.0 x 160.0 dpi, appVsyncOff 0, presDeadline 16666666, touch NONE, rotation 0, type VIRTUAL, state ON, owner com.oculus.systemux (uid 10065), FLAG_PRIVATE, FLAG_NEVER_BLANK, FLAG_OWN_CONTENT_ONLY}
08-31 21:43:28.761  1062  1458 I DisplayManagerService: Display device removed: DisplayDeviceInfo{"com.oculus.android_panel_app.AndroidPanelLayer-tablet": uniqueId="virtual:com.oculus.systemux,10065,com.oculus.android_panel_app.AndroidPanelLayer-tablet,0", 768 x 340, modeId 83, defaultModeId 83, supportedModes [{id=83, width=768, height=340, fps=60.0}], colorMode 0, supportedColorModes [0], HdrCapabilities null, density 160, 160.0 x 160.0 dpi, appVsyncOff 0, presDeadline 16666666, touch NONE, rotation 0, type VIRTUAL, state ON, owner com.oculus.systemux (uid 10065), FLAG_PRIVATE, FLAG_NEVER_BLANK, FLAG_OWN_CONTENT_ONLY}
08-31 21:43:28.823  1062  1474 I DisplayManagerService: Display device added: DisplayDeviceInfo{"com.oculus.android_panel_app.AndroidPanelLayer-#main": uniqueId="virtual:com.oculus.systemux,10065,com.oculus.android_panel_app.AndroidPanelLayer-#main,0", 774 x 124, modeId 88, defaultModeId 88, supportedModes [{id=88, width=774, height=124, fps=60.0}], colorMode 0, supportedColorModes [0], HdrCapabilities null, density 160, 160.0 x 160.0 dpi, appVsyncOff 0, presDeadline 16666666, touch NONE, rotation 0, type VIRTUAL, state OFF, owner com.oculus.systemux (uid 10065), FLAG_PRIVATE, FLAG_NEVER_BLANK, FLAG_OWN_CONTENT_ONLY}
08-31 21:43:28.841  1062  5255 I DisplayManagerService: Display device added: DisplayDeviceInfo{"com.oculus.android_panel_app.AndroidPanelLayer-tablet": uniqueId="virtual:com.oculus.systemux,10065,com.oculus.android_panel_app.AndroidPanelLayer-tablet,0", 768 x 340, modeId 89, defaultModeId 89, supportedModes [{id=89, width=768, height=340, fps=60.0}], colorMode 0, supportedColorModes [0], HdrCapabilities null, density 160, 160.0 x 160.0 dpi, appVsyncOff 0, presDeadline 16666666, touch NONE, rotation 0, type VIRTUAL, state OFF, owner com.oculus.systemux (uid 10065), FLAG_PRIVATE, FLAG_NEVER_BLANK, FLAG_OWN_CONTENT_ONLY}
08-31 21:43:28.848  1062  1596 I DisplayManagerService: Display device added: DisplayDeviceInfo{"com.oculus.android_panel_app.AndroidPanelLayer-tabletNav": uniqueId="virtual:com.oculus.systemux,10065,com.oculus.android_panel_app.AndroidPanelLayer-tabletNav,0", 216 x 340, modeId 90, defaultModeId 90, supportedModes [{id=90, width=216, height=340, fps=60.0}], colorMode 0, supportedColorModes [0], HdrCapabilities null, density 160, 160.0 x 160.0 dpi, appVsyncOff 0, presDeadline 16666666, touch NONE, rotation 0, type VIRTUAL, state OFF, owner com.oculus.systemux (uid 10065), FLAG_PRIVATE, FLAG_NEVER_BLANK, FLAG_OWN_CONTENT_ONLY}
08-31 21:43:28.856  1062  1508 I DisplayManagerService: Display device added: DisplayDeviceInfo{"com.oculus.android_panel_app.AndroidPanelLayer-tabletContent": uniqueId="virtual:com.oculus.systemux,10065,com.oculus.android_panel_app.AndroidPanelLayer-tabletContent,0", 552 x 340, modeId 91, defaultModeId 91, supportedModes [{id=91, width=552, height=340, fps=60.0}], colorMode 0, supportedColorModes [0], HdrCapabilities null, density 160, 160.0 x 160.0 dpi, appVsyncOff 0, presDeadline 16666666, touch NONE, rotation 0, type VIRTUAL, state OFF, owner com.oculus.systemux (uid 10065), FLAG_PRIVATE, FLAG_NEVER_BLANK, FLAG_OWN_CONTENT_ONLY}
08-31 21:43:28.960  1062  1119 I DisplayManagerService: Display device changed state: "com.oculus.android_panel_app.AndroidPanelLayer-#main", ON
08-31 21:43:28.970  1062  1119 I DisplayManagerService: Display device changed state: "com.oculus.android_panel_app.AndroidPanelLayer-tablet", ON
08-31 21:43:28.993  1062  1119 I DisplayManagerService: Display device changed state: "com.oculus.android_panel_app.AndroidPanelLayer-tabletNav", ON
08-31 21:43:28.998  1062  1119 I DisplayManagerService: Display device changed state: "com.oculus.android_panel_app.AndroidPanelLayer-tabletContent", ON
08-31 21:43:29.359  1062  1458 I DisplayManagerService: Display device removed: DisplayDeviceInfo{"com.oculus.android_panel_app.AndroidPanelLayer-#main": uniqueId="virtual:com.oculus.systemux,10065,com.oculus.android_panel_app.AndroidPanelLayer-#main,0", 774 x 124, modeId 88, defaultModeId 88, supportedModes [{id=88, width=774, height=124, fps=60.0}], colorMode 0, supportedColorModes [0], HdrCapabilities null, density 160, 160.0 x 160.0 dpi, appVsyncOff 0, presDeadline 16666666, touch NONE, rotation 0, type VIRTUAL, state ON, owner com.oculus.systemux (uid 10065), FLAG_PRIVATE, FLAG_NEVER_BLANK, FLAG_OWN_CONTENT_ONLY}
08-31 21:43:29.401  1062  1132 I DisplayManagerService: Display device removed: DisplayDeviceInfo{"com.oculus.android_panel_app.AndroidPanelLayer-tabletNav": uniqueId="virtual:com.oculus.systemux,10065,com.oculus.android_panel_app.AndroidPanelLayer-tabletNav,0", 216 x 340, modeId 90, defaultModeId 90, supportedModes [{id=90, width=216, height=340, fps=60.0}], colorMode 0, supportedColorModes [0], HdrCapabilities null, density 160, 160.0 x 160.0 dpi, appVsyncOff 0, presDeadline 16666666, touch NONE, rotation 0, type VIRTUAL, state ON, owner com.oculus.systemux (uid 10065), FLAG_PRIVATE, FLAG_NEVER_BLANK, FLAG_OWN_CONTENT_ONLY}
08-31 21:43:29.430  1062  1132 I DisplayManagerService: Display device removed: DisplayDeviceInfo{"com.oculus.android_panel_app.AndroidPanelLayer-tabletContent": uniqueId="virtual:com.oculus.systemux,10065,com.oculus.android_panel_app.AndroidPanelLayer-tabletContent,0", 552 x 340, modeId 91, defaultModeId 91, supportedModes [{id=91, width=552, height=340, fps=60.0}], colorMode 0, supportedColorModes [0], HdrCapabilities null, density 160, 160.0 x 160.0 dpi, appVsyncOff 0, presDeadline 16666666, touch NONE, rotation 0, type VIRTUAL, state ON, owner com.oculus.systemux (uid 10065), FLAG_PRIVATE, FLAG_NEVER_BLANK, FLAG_OWN_CONTENT_ONLY}
08-31 21:43:29.456  1062  1086 I DisplayManagerService: Display device removed: DisplayDeviceInfo{"com.oculus.android_panel_app.AndroidPanelLayer-tablet": uniqueId="virtual:com.oculus.systemux,10065,com.oculus.android_panel_app.AndroidPanelLayer-tablet,0", 768 x 340, modeId 89, defaultModeId 89, supportedModes [{id=89, width=768, height=340, fps=60.0}], colorMode 0, supportedColorModes [0], HdrCapabilities null, density 160, 160.0 x 160.0 dpi, appVsyncOff 0, presDeadline 16666666, touch NONE, rotation 0, type VIRTUAL, state ON, owner com.oculus.systemux (uid 10065), FLAG_PRIVATE, FLAG_NEVER_BLANK, FLAG_OWN_CONTENT_ONLY}
08-31 21:43:29.512  1062  1086 I DisplayManagerService: Display device added: DisplayDeviceInfo{"com.oculus.android_panel_app.AndroidPanelLayer-#main": uniqueId="virtual:com.oculus.systemux,10065,com.oculus.android_panel_app.AndroidPanelLayer-#main,0", 774 x 124, modeId 92, defaultModeId 92, supportedModes [{id=92, width=774, height=124, fps=60.0}], colorMode 0, supportedColorModes [0], HdrCapabilities null, density 160, 160.0 x 160.0 dpi, appVsyncOff 0, presDeadline 16666666, touch NONE, rotation 0, type VIRTUAL, state OFF, owner com.oculus.systemux (uid 10065), FLAG_PRIVATE, FLAG_NEVER_BLANK, FLAG_OWN_CONTENT_ONLY}
08-31 21:43:29.532  1062  1474 I DisplayManagerService: Display device added: DisplayDeviceInfo{"com.oculus.android_panel_app.AndroidPanelLayer-tablet": uniqueId="virtual:com.oculus.systemux,10065,com.oculus.android_panel_app.AndroidPanelLayer-tablet,0", 768 x 340, modeId 93, defaultModeId 93, supportedModes [{id=93, width=768, height=340, fps=60.0}], colorMode 0, supportedColorModes [0], HdrCapabilities null, density 160, 160.0 x 160.0 dpi, appVsyncOff 0, presDeadline 16666666, touch NONE, rotation 0, type VIRTUAL, state OFF, owner com.oculus.systemux (uid 10065), FLAG_PRIVATE, FLAG_NEVER_BLANK, FLAG_OWN_CONTENT_ONLY}
08-31 21:43:29.541  1062  1087 I DisplayManagerService: Display device added: DisplayDeviceInfo{"com.oculus.android_panel_app.AndroidPanelLayer-tabletNav": uniqueId="virtual:com.oculus.systemux,10065,com.oculus.android_panel_app.AndroidPanelLayer-tabletNav,0", 216 x 340, modeId 94, defaultModeId 94, supportedModes [{id=94, width=216, height=340, fps=60.0}], colorMode 0, supportedColorModes [0], HdrCapabilities null, density 160, 160.0 x 160.0 dpi, appVsyncOff 0, presDeadline 16666666, touch NONE, rotation 0, type VIRTUAL, state OFF, owner com.oculus.systemux (uid 10065), FLAG_PRIVATE, FLAG_NEVER_BLANK, FLAG_OWN_CONTENT_ONLY}
08-31 21:43:29.548  1062  1537 I DisplayManagerService: Display device added: DisplayDeviceInfo{"com.oculus.android_panel_app.AndroidPanelLayer-tabletContent": uniqueId="virtual:com.oculus.systemux,10065,com.oculus.android_panel_app.AndroidPanelLayer-tabletContent,0", 552 x 340, modeId 95, defaultModeId 95, supportedModes [{id=95, width=552, height=340, fps=60.0}], colorMode 0, supportedColorModes [0], HdrCapabilities null, density 160, 160.0 x 160.0 dpi, appVsyncOff 0, presDeadline 16666666, touch NONE, rotation 0, type VIRTUAL, state OFF, owner com.oculus.systemux (uid 10065), FLAG_PRIVATE, FLAG_NEVER_BLANK, FLAG_OWN_CONTENT_ONLY}
08-31 21:43:29.625  1062  1119 I DisplayManagerService: Display device changed state: "com.oculus.android_panel_app.AndroidPanelLayer-#main", ON
08-31 21:43:29.639  1062  1119 I DisplayManagerService: Display device changed state: "com.oculus.android_panel_app.AndroidPanelLayer-tablet", ON
08-31 21:43:29.654  1062  1119 I DisplayManagerService: Display device changed state: "com.oculus.android_panel_app.AndroidPanelLayer-tabletNav", ON
08-31 21:43:29.670  1062  1119 I DisplayManagerService: Display device changed state: "com.oculus.android_panel_app.AndroidPanelLayer-tabletContent", ON
08-31 21:43:31.281  1062  1240 E TaskPersister: File error accessing recents directory (directory doesn't exist?).
08-31 21:43:31.346  1469  6008 W ContextImpl: Calling a method in the system process without a qualified user: android.app.ContextImpl.sendBroadcast:877 android.content.ContextWrapper.sendBroadcast:421 com.facebook.analytics2.logger.UploadServiceBus.signalJobRan:60 com.facebook.analytics2.logger.UploadJobHandler.exitStateMachine:268 com.facebook.analytics2.logger.UploadJobHandler.handleMessage:98 
08-31 21:43:41.692  1062  1104 E BatteryStatsService: no controller energy info supplied
08-31 21:43:41.707  1062  1104 E BatteryStatsService: no controller energy info supplied
08-31 21:43:47.432  1062  1596 I ActivityManager: START u0 {act=com.oculus.vrshell.intent.action.LAUNCH flg=0x10000000 pkg=com.oculus.vrshell cmp=com.oculus.vrshell/.MainActivity (has extras)} from uid 10024 on display 0
08-31 21:43:47.701  1062  1591 I DisplayManagerService: Display device added: DisplayDeviceInfo{"com.oculus.android_panel_app.AndroidPanelLayer-#main": uniqueId="virtual:com.oculus.systemux,10065,com.oculus.android_panel_app.AndroidPanelLayer-#main,1", 770 x 241, modeId 96, defaultModeId 96, supportedModes [{id=96, width=770, height=241, fps=60.0}], colorMode 0, supportedColorModes [0], HdrCapabilities null, density 160, 160.0 x 160.0 dpi, appVsyncOff 0, presDeadline 16666666, touch NONE, rotation 0, type VIRTUAL, state OFF, owner com.oculus.systemux (uid 10065), FLAG_PRIVATE, FLAG_NEVER_BLANK, FLAG_OWN_CONTENT_ONLY}
08-31 21:43:47.929  1062  1518 I DisplayManagerService: Display device added: DisplayDeviceInfo{"com.oculus.android_panel_app.AndroidPanelLayer-dialog": uniqueId="virtual:com.oculus.systemux,10065,com.oculus.android_panel_app.AndroidPanelLayer-dialog,0", 540 x 300, modeId 97, defaultModeId 97, supportedModes [{id=97, width=540, height=300, fps=60.0}], colorMode 0, supportedColorModes [0], HdrCapabilities null, density 160, 160.0 x 160.0 dpi, appVsyncOff 0, presDeadline 16666666, touch NONE, rotation 0, type VIRTUAL, state OFF, owner com.oculus.systemux (uid 10065), FLAG_PRIVATE, FLAG_NEVER_BLANK, FLAG_OWN_CONTENT_ONLY}
08-31 21:43:48.064  1062  1119 I DisplayManagerService: Display device changed state: "com.oculus.android_panel_app.AndroidPanelLayer-#main", ON
08-31 21:43:48.086  1062  1119 I DisplayManagerService: Display device changed state: "com.oculus.android_panel_app.AndroidPanelLayer-dialog", ON
08-31 21:43:49.118  5924  5924 W ViewRootImpl[GameActivity]: Dropping event due to no window focus: MotionEvent { action=ACTION_DOWN, actionButton=0, id[0]=0, x[0]=1440.0, y[0]=800.0, toolType[0]=TOOL_TYPE_UNKNOWN, buttonState=0, metaState=META_CTRL_LEFT_ON|META_META_ON|META_META_LEFT_ON|META_SCROLL_LOCK_ON|0x01000000|0x04000000|0x20000000|0x40000000, flags=0x0, edgeFlags=0x0, pointerCount=1, historySize=0, eventTime=1807120, downTime=1807120, deviceId=0, source=0x2002 }
08-31 21:43:49.118  5924  5924 W ViewRootImpl[GameActivity]: Cancelling event due to no window focus: MotionEvent { action=ACTION_CANCEL, actionButton=0, id[0]=0, x[0]=1440.0, y[0]=800.0, toolType[0]=TOOL_TYPE_UNKNOWN, buttonState=0, metaState=META_CTRL_LEFT_ON|META_META_ON|META_META_LEFT_ON|META_SCROLL_LOCK_ON|0x01000000|0x04000000|0x20000000|0x40000000, flags=0x0, edgeFlags=0x0, pointerCount=1, historySize=0, eventTime=1807318, downTime=1807120, deviceId=0, source=0x2002 }
08-31 21:43:49.118  5924  5924 W ViewRootImpl[GameActivity]: Cancelling event due to no window focus: MotionEvent { action=ACTION_CANCEL, actionButton=0, id[0]=0, x[0]=1440.0, y[0]=800.0, toolType[0]=TOOL_TYPE_UNKNOWN, buttonState=0, metaState=META_CTRL_LEFT_ON|META_META_ON|META_META_LEFT_ON|META_SCROLL_LOCK_ON|0x01000000|0x04000000|0x20000000|0x40000000, flags=0x0, edgeFlags=0x0, pointerCount=1, historySize=0, eventTime=1807318, downTime=1807120, deviceId=0, source=0x2002 }
08-31 21:43:49.600  1062  1133 I WindowManager: WIN DEATH: Window{a9e3e39 u0 com.YourCompany.HadoukenVR/com.epicgames.ue4.GameActivity}
08-31 21:43:49.600  1062  1133 W WindowManager: Force-removing child win Window{fb79875 u0 SurfaceView - com.YourCompany.HadoukenVR/com.epicgames.ue4.GameActivity} from container Window{a9e3e39 u0 com.YourCompany.HadoukenVR/com.epicgames.ue4.GameActivity}
