09-03 21:49:57.880   702  1362 I OMX-VENC: Component Deinit
09-03 21:49:57.881  1834  1901 I [OAR] SystemUXController: Guardian is paused/suspended thus assuming map needs guardian.
09-03 21:49:57.885  1782  1782 D MPEG4Writer: Video track stopping
09-03 21:49:57.886  1782  9031 I MPEG4Writer: Received total/0-length (5035/0) buffers and encoded 5035 frames. - Audio
09-03 21:49:57.886  1782  9031 I MPEG4Writer: Audio track drift time: 0 us
09-03 21:49:57.886  1782  9032 I MPEG4Writer: Received total/0-length (3714/0) buffers and encoded 3714 frames. - Video
09-03 21:49:57.894  1834  1901 I [OAR] SystemUXController: Guardian is paused/suspended thus assuming map needs guardian.
09-03 21:49:57.908  1834  1901 I [OAR] SystemUXController: Guardian is paused/suspended thus assuming map needs guardian.
09-03 21:49:57.922  1834  1901 I [OAR] SystemUXController: Guardian is paused/suspended thus assuming map needs guardian.
09-03 21:49:57.936  1834  1901 I [OAR] SystemUXController: Guardian is paused/suspended thus assuming map needs guardian.
09-03 21:49:57.950  1834  1901 I [OAR] SystemUXController: Guardian is paused/suspended thus assuming map needs guardian.
09-03 21:49:57.963  1834  1901 I [OAR] SystemUXController: Guardian is paused/suspended thus assuming map needs guardian.
09-03 21:49:57.978  1834  1901 I [OAR] SystemUXController: Guardian is paused/suspended thus assuming map needs guardian.
09-03 21:49:57.991  1834  1901 I [OAR] SystemUXController: Guardian is paused/suspended thus assuming map needs guardian.
09-03 21:49:58.006  1834  1901 I [OAR] SystemUXController: Guardian is paused/suspended thus assuming map needs guardian.
09-03 21:49:58.020  1834  1901 I [OAR] SystemUXController: Guardian is paused/suspended thus assuming map needs guardian.
09-03 21:49:58.033  1834  1901 I [OAR] SystemUXController: Guardian is paused/suspended thus assuming map needs guardian.
09-03 21:49:58.047  1834  1901 I [OAR] SystemUXController: Guardian is paused/suspended thus assuming map needs guardian.
09-03 21:49:58.061  1834  1901 I [OAR] SystemUXController: Guardian is paused/suspended thus assuming map needs guardian.
09-03 21:49:58.075  1834  1901 I [OAR] SystemUXController: Guardian is paused/suspended thus assuming map needs guardian.
09-03 21:49:58.089  1834  1901 I [OAR] SystemUXController: Guardian is paused/suspended thus assuming map needs guardian.
09-03 21:49:58.103  1834  1901 I [OAR] SystemUXController: Guardian is paused/suspended thus assuming map needs guardian.
09-03 21:49:58.117  1834  1901 I [OAR] SystemUXController: Guardian is paused/suspended thus assuming map needs guardian.
09-03 21:49:58.131  1834  1901 I [OAR] SystemUXController: Guardian is paused/suspended thus assuming map needs guardian.
09-03 21:49:58.144  1834  1901 I [OAR] SystemUXController: Guardian is paused/suspended thus assuming map needs guardian.
09-03 21:49:58.158  1834  1901 I [OAR] SystemUXController: Guardian is paused/suspended thus assuming map needs guardian.
09-03 21:49:58.173  1834  1901 I [OAR] SystemUXController: Guardian is paused/suspended thus assuming map needs guardian.
09-03 21:49:58.186  1834  1901 I [OAR] SystemUXController: Guardian is paused/suspended thus assuming map needs guardian.
09-03 21:49:58.200  1834  1901 I [OAR] SystemUXController: Guardian is paused/suspended thus assuming map needs guardian.
09-03 21:49:58.214  1834  1901 I [OAR] SystemUXController: Guardian is paused/suspended thus assuming map needs guardian.
09-03 21:49:58.228  1834  1901 I [OAR] SystemUXController: Guardian is paused/suspended thus assuming map needs guardian.
09-03 21:49:58.242  1834  1901 I [OAR] SystemUXController: Guardian is paused/suspended thus assuming map needs guardian.
09-03 21:49:58.256  1834  1901 I [OAR] SystemUXController: Guardian is paused/suspended thus assuming map needs guardian.
09-03 21:49:58.270  1834  1901 I [OAR] SystemUXController: Guardian is paused/suspended thus assuming map needs guardian.
09-03 21:49:58.284  1834  1901 I [OAR] SystemUXController: Guardian is paused/suspended thus assuming map needs guardian.
09-03 21:49:58.298  1834  1901 I [OAR] SystemUXController: Guardian is paused/suspended thus assuming map needs guardian.
09-03 21:49:58.312  1834  1901 I [OAR] SystemUXController: Guardian is paused/suspended thus assuming map needs guardian.
09-03 21:49:58.326  1834  1901 I [OAR] SystemUXController: Guardian is paused/suspended thus assuming map needs guardian.
09-03 21:49:58.340  1834  1901 I [OAR] SystemUXController: Guardian is paused/suspended thus assuming map needs guardian.
09-03 21:49:58.348   722  8938 I [CT]    : VIPER: Status=6DoF,TRACKING,KF=50,Inl=354,Pts=189,Jit=0.4mm,Issues(Cam/min=0.0,IMU/min=0.0),Exp=(14.0ms,g=15.0,I=25)(14.0ms,g=15.0,I=30)(14.0ms,g=15.0,I=28)(14.0ms,g=15.0,I=44)
09-03 21:49:58.348   722  8938 W [CT]    : VIPER: Images too dark, 
09-03 21:49:58.354  1834  1901 I [OAR] SystemUXController: Guardian is paused/suspended thus assuming map needs guardian.
09-03 21:49:58.368  1834  1901 I [OAR] SystemUXController: Guardian is paused/suspended thus assuming map needs guardian.
09-03 21:49:58.382  1834  1901 I [OAR] SystemUXController: Guardian is paused/suspended thus assuming map needs guardian.
09-03 21:49:58.386  1782  1782 W MPEG4Writer: Timed-out waiting for video track to reach final audio timestamp !
09-03 21:49:58.386  1782  1782 D MPEG4Writer: Video track source stopping
09-03 21:49:58.386  1782  1782 D MPEG4Writer: Video track source stopped
09-03 21:49:58.386  1782  1782 D MPEG4Writer: Video track stopped
09-03 21:49:58.386  1782  1782 D MPEG4Writer: Audio track stopping
09-03 21:49:58.386  1782  1782 D MPEG4Writer: Audio track source stopping
09-03 21:49:58.386  1782  1782 D MPEG4Writer: Audio track source stopped
09-03 21:49:58.386  1782  1782 D MPEG4Writer: Audio track stopped
09-03 21:49:58.386  1782  1782 D MPEG4Writer: Duration from tracks range is [107411380, 108160101] us
09-03 21:49:58.386  1782  1782 D MPEG4Writer: Stopping writer thread
09-03 21:49:58.386  1782  9030 D MPEG4Writer: 0 chunks are written in the last batch
09-03 21:49:58.395  1782  1782 D MPEG4Writer: Writer thread stopped
09-03 21:49:58.395  1834  1901 I [OAR] SystemUXController: Guardian is paused/suspended thus assuming map needs guardian.
09-03 21:49:58.398  1782  1782 I MPEG4Writer: The mp4 file will not be streamable.
09-03 21:49:58.398  1782  1782 D MPEG4Writer: Audio track stopping
09-03 21:49:58.398  1782  1782 D MPEG4Writer: Video track stopping
09-03 21:49:58.404  1834  9325 I VrApi   : FPS=72,Prd=45ms,Tear=0,Early=69,Stale=0,VSnc=1,Lat=1,Fov=0,CPU4/GPU=4/5,2304/670MHz,OC=FF,TA=0/E0/0,SP=N/F/N,Mem=1554MHz,Free=1611MB,PSM=0,PLS=0,Temp=29.0C/0.0C,TW=1.85ms,App=5.87ms,GD=0.00ms,CPU&GPU=10.07ms,LCnt=3,GPU%=0.49,CPU%=0.12(W0.16),DSF=1.00
09-03 21:49:58.410  1834  1901 I [OAR] SystemUXController: Guardian is paused/suspended thus assuming map needs guardian.
09-03 21:49:58.423  1834  1901 I [OAR] SystemUXController: Guardian is paused/suspended thus assuming map needs guardian.
09-03 21:49:58.437  1834  1901 I [OAR] SystemUXController: Guardian is paused/suspended thus assuming map needs guardian.
09-03 21:49:58.451  1834  1901 I [OAR] SystemUXController: Guardian is paused/suspended thus assuming map needs guardian.
09-03 21:49:58.465  1834  1901 I [OAR] SystemUXController: Guardian is paused/suspended thus assuming map needs guardian.
09-03 21:49:58.479  1834  1901 I [OAR] SystemUXController: Guardian is paused/suspended thus assuming map needs guardian.
09-03 21:49:58.493  1834  1901 I [OAR] SystemUXController: Guardian is paused/suspended thus assuming map needs guardian.
09-03 21:49:58.507  1834  1901 I [OAR] SystemUXController: Guardian is paused/suspended thus assuming map needs guardian.
09-03 21:49:58.513   705  1381 I ExtendedUtils: printFileName fd(9) -> /data/media/0/Oculus/VideoShots/com.oculus.vrshell-20200903-214809.mp4
09-03 21:49:58.521  1834  1901 I [OAR] SystemUXController: Guardian is paused/suspended thus assuming map needs guardian.
09-03 21:49:58.535  1834  1901 I [OAR] SystemUXController: Guardian is paused/suspended thus assuming map needs guardian.
09-03 21:49:58.548  1834  1901 I [OAR] SystemUXController: Guardian is paused/suspended thus assuming map needs guardian.
09-03 21:49:58.559   704   704 I ExtendedExtractor: QTIParser is prefered .. flags 0
09-03 21:49:58.559   704   704 D MMParserExtractor: setExtraFlags called with flags 0 for paser instance f0dadaf0
09-03 21:49:58.559   704   704 I ExtendedExtractor: ExtendedExtractor::create 0xf0dadaf0
09-03 21:49:58.563  1834  1901 I [OAR] SystemUXController: Guardian is paused/suspended thus assuming map needs guardian.
09-03 21:49:58.576  1834  1901 I [OAR] SystemUXController: Guardian is paused/suspended thus assuming map needs guardian.
09-03 21:49:58.590  1834  1901 I [OAR] SystemUXController: Guardian is paused/suspended thus assuming map needs guardian.
09-03 21:49:58.604  1834  1901 I [OAR] SystemUXController: Guardian is paused/suspended thus assuming map needs guardian.
09-03 21:49:58.618  1834  1901 I [OAR] SystemUXController: Guardian is paused/suspended thus assuming map needs guardian.
09-03 21:49:58.632  1834  1901 I [OAR] SystemUXController: Guardian is paused/suspended thus assuming map needs guardian.
09-03 21:49:58.646  1834  1901 I [OAR] SystemUXController: Guardian is paused/suspended thus assuming map needs guardian.
09-03 21:49:58.648  1909  3169 D [SUI] ThreadExecutor: Executing com.oculus.panelapp.anytimeui.v2.tablet.sharing.-$$Lambda$SharingView$GHt48Ub7qLjn_XTPGEiVNmnRYJM@39a9661
09-03 21:49:58.660  1834  1901 I [OAR] SystemUXController: Guardian is paused/suspended thus assuming map needs guardian.
09-03 21:49:58.674  1834  1901 I [OAR] SystemUXController: Guardian is paused/suspended thus assuming map needs guardian.
09-03 21:49:58.676  2201  2272 I VrGuardianService: GuardianSDKServer::SetGuardianCanPaint
09-03 21:49:58.688  1834  1901 I [OAR] SystemUXController: Guardian is paused/suspended thus assuming map needs guardian.
09-03 21:49:58.697   705  3475 I ExtendedUtils: printFileName fd(9) -> /storage/emulated/0/Oculus/VideoShots/com.oculus.vrshell-20200903-214809.mp4
09-03 21:49:58.702  1834  1901 I [OAR] SystemUXController: Guardian is paused/suspended thus assuming map needs guardian.
09-03 21:49:58.712   722  8937 I [CT]    : CONSTELLATION:VISION_STATUS: bff03cf417d44a2a: BlobDetection:[#BlobsDetected=(23.17, 4.69)]Matching:[MatchSuccess=1.000, MatchCost=(0.00145, 0.00000), #MatchedBlobs=(11.61, 1.68), #MatchedLeds=(6.52, 0.45), RematchM=0.000] MatchMethod:[Prox=1.000, ConstBrute=0.000, UnconstBrute=0.000] MatchResets[AnomBlobSize=0.000, SharedMatch=0.000, DenseReacq=0.000] | Fusion:[FusionError=0.000, ImuFromCamMs=(12.681, 1.173), RematchF=0.000] FusionUpdates:[Successful=1.000, Reliable=1.000, TightFusion=1.000, FullPose=0.000, StaticPrior=0.000, StaticForHandTrans=0.044, PoseUpdateMD=(0.0000, 0.0000)] FusionResets[6DoFReset=0.000, ResetSuccess=0.000] FusionStatus[HasPosition=1.000, HasVelocity=1.000] 
09-03 21:49:58.713   722  8937 I [CT]    : CONSTELLATION:VISION_STATUS: 4a1afe45dae264bb: BlobDetection:[#BlobsDetected=(23.17, 4.69)]Matching:[MatchSuccess=1.000, MatchCost=(0.00167, 0.00000), #MatchedBlobs=(10.61, 2.01), #MatchedLeds=(6.23, 0.63), RematchM=0.000] MatchMethod:[Prox=1.000, ConstBrute=0.000, UnconstBrute=0.000] MatchResets[AnomBlobSize=0.000, SharedMatch=0.000, DenseReacq=0.000] | Fusion:[FusionError=0.000, ImuFromCamMs=(13.014, 1.386), RematchF=0.000] FusionUpdates:[Successful=1.000, Reliable=1.000, TightFusion=1.000, FullPose=0.000, StaticPrior=0.000, StaticForHandTrans=0.000, PoseUpdateMD=(0.0000, 0.0000)] FusionResets[6DoFReset=0.000, ResetSuccess=0.000] FusionStatus[HasPosition=1.000, HasVelocity=1.000] 
09-03 21:49:58.716  1834  1901 I [OAR] SystemUXController: Guardian is paused/suspended thus assuming map needs guardian.
09-03 21:49:58.730  1834  1901 I [OAR] SystemUXController: Guardian is paused/suspended thus assuming map needs guardian.
09-03 21:49:58.743  1834  1901 I [OAR] SystemUXController: Guardian is paused/suspended thus assuming map needs guardian.
09-03 21:49:58.755   704  1337 I ExtendedExtractor: QTIParser is prefered .. flags 0
09-03 21:49:58.755   704  1337 D MMParserExtractor: setExtraFlags called with flags 0 for paser instance ef50c0a0
09-03 21:49:58.755   704  1337 I ExtendedExtractor: ExtendedExtractor::create 0xef50c0a0
09-03 21:49:58.757  1834  1901 I [OAR] SystemUXController: Guardian is paused/suspended thus assuming map needs guardian.
09-03 21:49:58.771   705  9336 I MediaPlayerService: MediaPlayerService::getOMX
09-03 21:49:58.772  1834  1901 I [OAR] SystemUXController: Guardian is paused/suspended thus assuming map needs guardian.
09-03 21:49:58.772   705  9336 I OMXClient: MuxOMX ctor
09-03 21:49:58.773   702  3412 I OMXMaster: makeComponentInstance(OMX.qcom.video.decoder.avc) in mediacodec process
09-03 21:49:58.779   702  3412 I OMX-VDEC-1080P: component_init: OMX.qcom.video.decoder.avc : fd=8
09-03 21:49:58.785  1834  1901 I [OAR] SystemUXController: Guardian is paused/suspended thus assuming map needs guardian.
09-03 21:49:58.792   702  3412 I OMX-VDEC-1080P: omx_vdec::component_init() success : fd=8
09-03 21:49:58.796   705  9336 I ExtendedACodec: setupVideoDecoder()
09-03 21:49:58.796   705  9336 I ExtendedACodec: vpp-enable search is 0 and value is 0
09-03 21:49:58.797   702  1362 E OMX-VDEC-1080P: Extension: OMX.google.android.index.storeANWBufferInMetadata not implemented
09-03 21:49:58.797   702  1362 E OMX-VDEC-1080P: Extension: OMX.google.android.index.configureVideoTunnelMode not implemented
09-03 21:49:58.797   702  1362 E OMX-VDEC-1080P: Extension: OMX.google.android.index.useAndroidNativeBuffer is supported
09-03 21:49:58.798   702  4791 E OMXNodeInstance: getParameter(2be0072:qcom.decoder.avc, ??(0x7f000044)) ERROR: UnsupportedSetting(0x80001019)
09-03 21:49:58.799   702  5460 E OMXNodeInstance: getParameter(2be0072:qcom.decoder.avc, ??(0x7f000044)) ERROR: UnsupportedSetting(0x80001019)
09-03 21:49:58.799  1834  1901 I [OAR] SystemUXController: Guardian is paused/suspended thus assuming map needs guardian.
09-03 21:49:58.813  1834  1901 I [OAR] SystemUXController: Guardian is paused/suspended thus assuming map needs guardian.
09-03 21:49:58.816   705  9336 D ACodec  : Setting [OMX.qcom.video.decoder.avc] input port buffer number: 1
09-03 21:49:58.817   702  4791 E OMX-VDEC-1080P: ERROR: IP Requirements(#4: 12443648) Requested(#1: 12443648)
09-03 21:49:58.817   702  4791 E OMX-VDEC-1080P: set_parameter: Error: 0x80001005, setting param 0x2000001
09-03 21:49:58.817   702  4791 E OMXNodeInstance: setParameter(2be0072:qcom.decoder.avc, ParamPortDefinition(0x2000001)) ERROR: BadParameter(0x80001005)
09-03 21:49:58.817   705  9336 W ACodec  : Fail to set [OMX.qcom.video.decoder.avc] input port buffer number: 1
09-03 21:49:58.817   705  9336 D ACodec  : Setting [OMX.qcom.video.decoder.avc] output port buffer number: 1
09-03 21:49:58.827  1834  1901 I [OAR] SystemUXController: Guardian is paused/suspended thus assuming map needs guardian.
09-03 21:49:58.841   702  4791 E C2DColorConvert: unknown format passed for luma alignment number
09-03 21:49:58.841   702  4791 E C2DColorConvert: unknown format passed for luma alignment number
09-03 21:49:58.841  1834  1901 I [OAR] SystemUXController: Guardian is paused/suspended thus assuming map needs guardian.
09-03 21:49:58.842   702  4791 E C2DColorConvert: unknown format passed for luma alignment number
09-03 21:49:58.842   702  4791 E OMX-VDEC-1080P: OP Requirements: Client count(1) insufficient v/s requested(18)
09-03 21:49:58.842   702  4791 E OMX-VDEC-1080P: ERROR: OP Requirements(#18: 118784) Requested(#1: 118784)
09-03 21:49:58.842   702  4791 E OMX-VDEC-1080P: set_parameter: Error: 0x80001005, setting param 0x2000001
09-03 21:49:58.843   702  4791 E OMXNodeInstance: setParameter(2be0072:qcom.decoder.avc, ParamPortDefinition(0x2000001)) ERROR: BadParameter(0x80001005)
09-03 21:49:58.843   705  9336 W ACodec  : Fail to set [OMX.qcom.video.decoder.avc] output port buffer number: 1
09-03 21:49:58.849  1782  2118 W OVRLibrary: getAppById was called with a null id
09-03 21:49:58.855  1834  1901 I [OAR] SystemUXController: Guardian is paused/suspended thus assuming map needs guardian.
09-03 21:49:58.860   702  5460 E C2DColorConvert: unknown format passed for luma alignment number
09-03 21:49:58.861   702   872 E C2DColorConvert: unknown format passed for luma alignment number
09-03 21:49:58.868   702  1362 E C2DColorConvert: unknown format passed for luma alignment number
09-03 21:49:58.869  1834  1901 I [OAR] SystemUXController: Guardian is paused/suspended thus assuming map needs guardian.
09-03 21:49:58.873   705  9336 I ExtendedACodec: Decoder will be in frame by frame mode
09-03 21:49:58.877   705  9336 I ExtendedACodec: Thumbnail mode enabled.
09-03 21:49:58.880   702  1737 E C2DColorConvert: unknown format passed for luma alignment number
09-03 21:49:58.880   702  3412 E C2DColorConvert: unknown format passed for luma alignment number
09-03 21:49:58.880   702  3460 E OMXNodeInstance: getParameter(2be0072:qcom.decoder.avc, ??(0x7f000044)) ERROR: UnsupportedSetting(0x80001019)
09-03 21:49:58.882  1834  1901 I [OAR] SystemUXController: Guardian is paused/suspended thus assuming map needs guardian.
09-03 21:49:58.893   702   702 E C2DColorConvert: unknown format passed for luma alignment number
09-03 21:49:58.896  1834  1901 I [OAR] SystemUXController: Guardian is paused/suspended thus assuming map needs guardian.
09-03 21:49:58.910  1834  1901 I [OAR] SystemUXController: Guardian is paused/suspended thus assuming map needs guardian.
09-03 21:49:58.919   702   702 E C2DColorConvert: unknown format passed for luma alignment number
09-03 21:49:58.921   702  5460 E C2DColorConvert: unknown format passed for luma alignment number
09-03 21:49:58.922   702  3460 E OMXNodeInstance: getParameter(2be0072:qcom.decoder.avc, ??(0x7f000044)) ERROR: UnsupportedSetting(0x80001019)
09-03 21:49:58.924  1834  1901 I [OAR] SystemUXController: Guardian is paused/suspended thus assuming map needs guardian.
09-03 21:49:58.938   702   872 E C2DColorConvert: unknown format passed for luma alignment number
09-03 21:49:58.938   702   872 E C2DColorConvert: unknown format passed for luma alignment number
09-03 21:49:58.938  1834  1901 I [OAR] SystemUXController: Guardian is paused/suspended thus assuming map needs guardian.
09-03 21:49:58.952  1834  1901 I [OAR] SystemUXController: Guardian is paused/suspended thus assuming map needs guardian.
09-03 21:49:58.954   722  8715 I [CT]    : L:Behavior:NearHeadMoving: state transition: TorsoInitialized -> InRange
09-03 21:49:58.956   702  1737 E C2DColorConvert: unknown format passed for luma alignment number
09-03 21:49:58.957   702   702 E C2DColorConvert: unknown format passed for luma alignment number
09-03 21:49:58.958   702  3412 E OMXNodeInstance: getParameter(2be0072:qcom.decoder.avc, ??(0x7f000044)) ERROR: UnsupportedSetting(0x80001019)
09-03 21:49:58.960   702  5460 E C2DColorConvert: unknown format passed for luma alignment number
09-03 21:49:58.961   702   872 E C2DColorConvert: unknown format passed for luma alignment number
09-03 21:49:58.961   702  4791 E OMXNodeInstance: getParameter(2be0072:qcom.decoder.avc, ??(0x7f000044)) ERROR: UnsupportedSetting(0x80001019)
09-03 21:49:58.965   702  9338 E C2DColorConvert: unknown format passed for luma alignment number
09-03 21:49:58.966  1834  1901 I [OAR] SystemUXController: Guardian is paused/suspended thus assuming map needs guardian.
09-03 21:49:58.979  1056  1273 E TaskPersister: File error accessing recents directory (directory doesn't exist?).
09-03 21:49:58.980  1834  1901 I [OAR] SystemUXController: Guardian is paused/suspended thus assuming map needs guardian.
09-03 21:49:58.981   722  8715 I [CT]    : L:Behavior:NearHeadMoving: state transition: TorsoInitialized -> InRange
09-03 21:49:58.994  1834  1901 I [OAR] SystemUXController: Guardian is paused/suspended thus assuming map needs guardian.
09-03 21:49:59.008  1834  1901 I [OAR] SystemUXController: Guardian is paused/suspended thus assuming map needs guardian.
09-03 21:49:59.022  1834  1901 I [OAR] SystemUXController: Guardian is paused/suspended thus assuming map needs guardian.
09-03 21:49:59.025   702   702 I OMX-VDEC-1080P: omx_vdec::component_deinit() complete
09-03 21:49:59.032   702   702 I OMX-VDEC-1080P: Exit OMX vdec Destructor: fd=8
09-03 21:49:59.036  1834  1901 I [OAR] SystemUXController: Guardian is paused/suspended thus assuming map needs guardian.
09-03 21:49:59.050  1834  1901 I [OAR] SystemUXController: Guardian is paused/suspended thus assuming map needs guardian.
09-03 21:49:59.063  1834  1901 I [OAR] SystemUXController: Guardian is paused/suspended thus assuming map needs guardian.
09-03 21:49:59.077  1834  1901 I [OAR] SystemUXController: Guardian is paused/suspended thus assuming map needs guardian.
09-03 21:49:59.091  1834  1901 I [OAR] SystemUXController: Guardian is paused/suspended thus assuming map needs guardian.
09-03 21:49:59.106  1834  1901 I [OAR] SystemUXController: Guardian is paused/suspended thus assuming map needs guardian.
09-03 21:49:59.119  1834  1901 I [OAR] SystemUXController: Guardian is paused/suspended thus assuming map needs guardian.
09-03 21:49:59.133  1834  1901 I [OAR] SystemUXController: Guardian is paused/suspended thus assuming map needs guardian.
09-03 21:49:59.147  1834  1901 I [OAR] SystemUXController: Guardian is paused/suspended thus assuming map needs guardian.
09-03 21:49:59.161  1834  1901 I [OAR] SystemUXController: Guardian is paused/suspended thus assuming map needs guardian.
09-03 21:49:59.175  1909  3020 D [SUI] ThreadExecutor: Executing com.oculus.panelapp.anytimeui.v2.tablet.sharing.-$$Lambda$SharingView$GHt48Ub7qLjn_XTPGEiVNmnRYJM@2a9c586
09-03 21:49:59.175  1834  1901 I [OAR] SystemUXController: Guardian is paused/suspended thus assuming map needs guardian.
09-03 21:49:59.189  1834  1901 I [OAR] SystemUXController: Guardian is paused/suspended thus assuming map needs guardian.
09-03 21:49:59.203  1834  1901 I [OAR] SystemUXController: Guardian is paused/suspended thus assuming map needs guardian.
09-03 21:49:59.215  1782  1794 I art     : Background sticky concurrent mark sweep GC freed 24219(2MB) AllocSpace objects, 2(48KB) LOS objects, 40% free, 4MB/7MB, paused 10.787ms total 60.117ms
09-03 21:49:59.217  1834  1901 I [OAR] SystemUXController: Guardian is paused/suspended thus assuming map needs guardian.
09-03 21:49:59.231  1834  1901 I [OAR] SystemUXController: Guardian is paused/suspended thus assuming map needs guardian.
09-03 21:49:59.245  1834  1901 I [OAR] SystemUXController: Guardian is paused/suspended thus assuming map needs guardian.
09-03 21:49:59.259  1834  1901 I [OAR] SystemUXController: Guardian is paused/suspended thus assuming map needs guardian.
09-03 21:49:59.272  1834  1901 I [OAR] SystemUXController: Guardian is paused/suspended thus assuming map needs guardian.
09-03 21:49:59.286  1834  1901 I [OAR] SystemUXController: Guardian is paused/suspended thus assuming map needs guardian.
09-03 21:49:59.301  1834  1901 I [OAR] SystemUXController: Guardian is paused/suspended thus assuming map needs guardian.
09-03 21:49:59.312  1782  8842 W art     : Before Android 4.1, method double java.util.concurrent.ThreadLocalRandom.internalNextDouble(double, double) would have incorrectly overridden the package-private method in java.util.Random
09-03 21:49:59.312  1782  8842 W art     : Before Android 4.1, method int java.util.concurrent.ThreadLocalRandom.internalNextInt(int, int) would have incorrectly overridden the package-private method in java.util.Random
09-03 21:49:59.312  1782  8842 W art     : Before Android 4.1, method long java.util.concurrent.ThreadLocalRandom.internalNextLong(long, long) would have incorrectly overridden the package-private method in java.util.Random
09-03 21:49:59.314  1834  1901 I [OAR] SystemUXController: Guardian is paused/suspended thus assuming map needs guardian.
09-03 21:49:59.323  1782  8842 E NotificationsProperties: Error parsing custom JSON data for key category
09-03 21:49:59.328  1834  1901 I [OAR] SystemUXController: Guardian is paused/suspended thus assuming map needs guardian.
09-03 21:49:59.342  1834  1901 I [OAR] SystemUXController: Guardian is paused/suspended thus assuming map needs guardian.
09-03 21:49:59.356  1834  1901 I [OAR] SystemUXController: Guardian is paused/suspended thus assuming map needs guardian.
09-03 21:49:59.362  1834  1901 I [OAR] ShellSurfaceRender: Averages: drawCalls 20.6 progBinds 12.4 paramUpdates 93.2 textureBinds 7.1 bufferBinds 5.0
09-03 21:49:59.370  1834  1901 I [OAR] SystemUXController: Guardian is paused/suspended thus assuming map needs guardian.
09-03 21:49:59.384  1834  1901 I [OAR] SystemUXController: Guardian is paused/suspended thus assuming map needs guardian.
09-03 21:49:59.398  1834  1901 I [OAR] SystemUXController: Guardian is paused/suspended thus assuming map needs guardian.
09-03 21:49:59.406  1834  9325 I VrApi   : FPS=72,Prd=45ms,Tear=0,Early=72,Stale=0,VSnc=1,Lat=1,Fov=0,CPU4/GPU=4/4,2304/670MHz,OC=FF,TA=0/E0/0,SP=N/F/N,Mem=1804MHz,Free=1597MB,PSM=0,PLS=0,Temp=29.0C/0.0C,TW=1.97ms,App=6.17ms,GD=0.00ms,CPU&GPU=9.79ms,LCnt=3,GPU%=0.50,CPU%=0.10(W0.14),DSF=1.00
09-03 21:49:59.412  1834  1901 I [OAR] SystemUXController: Guardian is paused/suspended thus assuming map needs guardian.
09-03 21:49:59.415  1508  1508 D OculusNotificationListenerService: Notification posted: 0|com.oculus.horizon|10001|cameraroll|10041
09-03 21:49:59.429  1782  1794 I art     : Background partial concurrent mark sweep GC freed 5561(561KB) AllocSpace objects, 2(192KB) LOS objects, 39% free, 5MB/8MB, paused 8.188ms total 89.077ms
09-03 21:49:59.434  1834  1901 I [OAR] SystemUXController: Guardian is paused/suspended thus assuming map needs guardian.
09-03 21:49:59.444  1915  1915 I [OAN] VrNotificationListenerService: onNotificationPosted(): key = 0|com.oculus.horizon|10001|cameraroll|10041, type = cameraroll
09-03 21:49:59.444  1915  1915 I [OAN] VrNotificationListenerService: onNotificationPosted(): user|package|tag|id = UserHandle{0}|com.oculus.horizon|cameraroll|10001
09-03 21:49:59.454  1834  1901 I [OAR] SystemUXController: Guardian is paused/suspended thus assuming map needs guardian.
09-03 21:49:59.467  1834  1901 I [OAR] SystemUXController: Guardian is paused/suspended thus assuming map needs guardian.
09-03 21:49:59.481  1834  1901 I [OAR] SystemUXController: Guardian is paused/suspended thus assuming map needs guardian.
09-03 21:49:59.484  1915  1915 D VrNotificationAnalytics: logNotificationPosted(cameraroll)
09-03 21:49:59.492  1915  1915 D [OAN] VrBroadcastReceiver: action: com.oculus.vrshell.intent.action.NOTIFICATION_WAKE
09-03 21:49:59.495  1834  1901 I [OAR] SystemUXController: Guardian is paused/suspended thus assuming map needs guardian.
09-03 21:49:59.500  1909  1909 D [SUI] NotificationBroadcastReceiver: action: com.oculus.intent.action.NOTIF_CHANGE
09-03 21:49:59.500  1909  1909 I NotificationManagerSourceHandler: Dataset has changed
09-03 21:49:59.505  1056  1065 I art     : Background partial concurrent mark sweep GC freed 28999(1380KB) AllocSpace objects, 2(40KB) LOS objects, 33% free, 8MB/12MB, paused 2.367ms total 137.252ms
09-03 21:49:59.508  1915  1915 D [OAN] VrNotificationService: VrNotificationService onStartCommand() Intent { cmp=com.oculus.vrshell/.VrNotificationService }
09-03 21:49:59.510  1834  1901 I [OAR] SystemUXController: Guardian is paused/suspended thus assuming map needs guardian.
09-03 21:49:59.511  1909  1909 D NotificationManagerSourceHandler: Notifications added to manager set. Current count is 1
09-03 21:49:59.512  1909  1909 D NativeNotification: oculus_notification_category is missing. Defaulting to device category
09-03 21:49:59.512  1909  1909 V NotificationDatasetProxy: Adding new notif NativeNotification{id: 10001, title: Video saved, text: You can view your video now., category: DEVICE} to central list
09-03 21:49:59.512  1909  1909 D NativeNotification: oculus_notification_category is missing. Defaulting to device category
09-03 21:49:59.520  1960  1960 D DeviceHelper: isScreenOn = true
09-03 21:49:59.521  1960  1960 D [OAR] ShellOverlayBroadcastReceiver: onReceive with ShellOverlayService native pointer 4016286800, action com.oculus.vrshell.intent.action.TOAST_NOTIFICATION
09-03 21:49:59.523  1960  1960 D [OAR] BroadcastReceiverHelpers: Shell or ShellEnv foreground
09-03 21:49:59.526  1834  1834 D [OAR] ShellControlProtectedReceiver: onReceive with MainActivity native pointer 3867391784, action com.oculus.vrshell.intent.action.TOAST_NOTIFICATION
09-03 21:49:59.535  1834  1834 D [OAR] ShellControlBroadcastReceiver: onReceive with MainActivity native pointer 3867391784, action com.oculus.vrshell.intent.action.NOTIFICATION_SHOWN
09-03 21:49:59.536  1666  1679 I art     : Background partial concurrent mark sweep GC freed 13322(656KB) AllocSpace objects, 0(0B) LOS objects, 51% free, 954KB/1978KB, paused 1.800ms total 105.146ms
09-03 21:49:59.536  1497  9345 W ContextImpl: Calling a method in the system process without a qualified user: android.app.ContextImpl.sendBroadcast:877 android.content.ContextWrapper.sendBroadcast:421 com.facebook.analytics2.logger.UploadServiceBus.signalJobRan:60 com.facebook.analytics2.logger.UploadJobHandler.exitStateMachine:268 com.facebook.analytics2.logger.UploadJobHandler.handleMessage:98 
09-03 21:49:59.556  1834  1901 I [OAR] ShellApp: 0xd5bc2320 msg: broadcastIntent:
09-03 21:49:59.556  1834  1901 I [OAR] ShellApp: foreground_package_name = com.oculus.vrshell
09-03 21:49:59.556  1834  1901 I [OAR] ShellApp: status_bar_notification = 0|com.oculus.horizon|10001|cameraroll|10041
09-03 21:49:59.556  1834  1901 I [OAR] ShellApp: is_system_notification = true
09-03 21:49:59.556  1834  1901 I [OAR] ShellApp: intent_action = com.oculus.vrshell.intent.action.TOAST_NOTIFICATION
09-03 21:49:59.556  1834  1901 I [OAR] ShellApp: 0xd5bc2320 msg: broadcastIntent:
09-03 21:49:59.556  1834  1901 I [OAR] ShellApp: toast_duration = 5
09-03 21:49:59.556  1834  1901 I [OAR] ShellApp: intent_action = com.oculus.vrshell.intent.action.NOTIFICATION_SHOWN
09-03 21:49:59.556  1834  1901 I [OAR] ShellApp: toast_has_cta = true
09-03 21:49:59.556  1834  1901 I [OAR] SystemUXController: Guardian is paused/suspended thus assuming map needs guardian.
09-03 21:49:59.558  2162  8948 I TimeWarp: UpdateClockLevels: Apply pending clock request change: 4,4 -> 3,4
09-03 21:49:59.558  2162  8924 I Clocks  : ReleaseClocks - start
09-03 21:49:59.558  1909  1909 I [SUI] AnytimeUIAndroidPanelAppBase: showNotificationToast
09-03 21:49:59.558  1909  1909 D [SUI] ToastController: onReceiveNotificationToToast()
09-03 21:49:59.561   724  3361 D VrApiService: CPU_CLUSTER_0: No client requests exists, release clocks
09-03 21:49:59.561   724  3361 D VrApiService: CPU_CLUSTER_1: No client requests exists, release clocks
09-03 21:49:59.563  1960  1960 D DeviceHelper: isScreenOn = true
09-03 21:49:59.563  1497  2054 I UploadManager: Scheduling jobbId 2131165248 within interval (900000, 2700000)
09-03 21:49:59.564   724  3361 D VrApiService: GPU: No client requests exists, release clocks
09-03 21:49:59.566   724  3361 D VrApiService: CPUBW: No client requests exists, release clocks
09-03 21:49:59.566  1834  1901 I [OAR] SystemUXController: Guardian is paused/suspended thus assuming map needs guardian.
09-03 21:49:59.567  1960  1960 D [OAR] ShellOverlayBroadcastReceiver: onReceive with ShellOverlayService native pointer 4016286800, action com.oculus.vrshell.intent.action.NOTIFICATION_SHOWN
09-03 21:49:59.567  1909  1909 I AndroidPanelApp: Calling ensurePanelLayer on layer "toast" with view ID -1
09-03 21:49:59.567  1909  1909 I AndroidPanelLayer: Setting spec for layer "toast"
09-03 21:49:59.567  1909  1909 I AndroidPanelLayer: Setting size of layer "toast" to have width 420 and height 72
09-03 21:49:59.567  1909  1909 I AndroidPanelLayer: Destroying presentation for layer "toast".
09-03 21:49:59.568  1909  1909 I AndroidPanelLayer: Creating presentation for layer "toast" with width 420 and height 72
09-03 21:49:59.571  1056  1568 I DisplayManagerService: Display device added: DisplayDeviceInfo{"com.oculus.android_panel_app.AndroidPanelLayer-toast": uniqueId="virtual:com.oculus.systemux,10065,com.oculus.android_panel_app.AndroidPanelLayer-toast,0", 420 x 72, modeId 45, defaultModeId 45, supportedModes [{id=45, width=420, height=72, fps=60.0}], colorMode 0, supportedColorModes [0], HdrCapabilities null, density 160, 160.0 x 160.0 dpi, appVsyncOff 0, presDeadline 16666666, touch NONE, rotation 0, type VIRTUAL, state OFF, owner com.oculus.systemux (uid 10065), FLAG_PRIVATE, FLAG_NEVER_BLANK, FLAG_OWN_CONTENT_ONLY}
09-03 21:49:59.578  1909  1909 D [SUI] AnytimeUIAndroidPanelAppV2: Inflating view for layer: toast, viewIdentifier = -1
09-03 21:49:59.578  1909  1909 D UnifiedTelemetryLogger: Already initialized.
09-03 21:49:59.579  1909  1909 I AndroidPanelApp: measureLayerView with initial width 420, initial height 72, resize behavior NONE.
09-03 21:49:59.579  1909  1909 I AndroidPanelApp: Measured width 420 and height 72.
09-03 21:49:59.579  1909  1909 I AndroidPanelLayer: Setting size of layer "toast" to have width 420 and height 72
09-03 21:49:59.579  1834  1901 I [OAR] SystemUXController: Guardian is paused/suspended thus assuming map needs guardian.
09-03 21:49:59.580   724  3361 D VrApiService: GPUBW: No client requests exists, release clocks
09-03 21:49:59.581  1909  1909 I AndroidPanelApp: layerTransform: Showing panel layer "toast" in VrShell with width 420, height 72, position( 0.000000 , 0.000000 ), rotation (0.000000 , 0.000000 , 0.000000 )  hit-testable true, shape 1, and system-positioned true. Density: 4680.000000. Supersampled: false 
09-03 21:49:59.581  1909  1909 D [SUI] ToastLayerView: showNotification(10001, isSystem:true)
09-03 21:49:59.582  2162  8924 I Clocks  : ReleaseClocks - end (24.4 ms)
09-03 21:49:59.582  2162  8924 I Clocks  : LockClocks( cpu=3, gpu=4 ) - start
09-03 21:49:59.584  2162  8924 I Clocks  : CPU levels [0, 4]
09-03 21:49:59.584  2162  8924 I Clocks  : GPU levels [0, 5]
09-03 21:49:59.584   724  2924 D VrApiService: CPU_CLUSTER_0: Client 2162 sends freq request [21, 21]
09-03 21:49:59.584   724  2924 D VrApiService: CPU_CLUSTER_0: Next Perf Level = (21, 21)
09-03 21:49:59.586  1960  1960 D [OAR] BroadcastReceiverHelpers: Shell or ShellEnv foreground
09-03 21:49:59.589   724  2924 D VrApiService: CPU_CLUSTER_1: Client 2162 sends freq request [22, 22]
09-03 21:49:59.589   724  2924 D VrApiService: CPU_CLUSTER_1: Next Perf Level = (22, 22)
09-03 21:49:59.591   724  2924 D VrApiService: GPU: Client 2162 sends freq request [6, 6]
09-03 21:49:59.591   724  2924 D VrApiService: GPU: Next Perf Level = (6, 6)
09-03 21:49:59.591   724  2924 D VrApiService: CPUBW: Client 2162 sends freq request [8, 11]
09-03 21:49:59.591   724  2924 D VrApiService: CPUBW: Next Perf Level = (8, 11)
09-03 21:49:59.593  1834  1901 I [OAR] SystemUXController: Guardian is paused/suspended thus assuming map needs guardian.
09-03 21:49:59.594   724  2924 D VrApiService: GPUBW: Client 2162 sends freq request [9, 11]
09-03 21:49:59.594   724  2924 D VrApiService: GPUBW: Next Perf Level = (9, 11)
09-03 21:49:59.595  2162  8924 I Clocks  : LockClocks( cpu=3, gpu=4 ) - end (12.1 ms)
09-03 21:49:59.597  1909  1909 I AndroidPanelLayer: Unhiding layer toast
09-03 21:49:59.597  1909  1909 W AndroidPanelLayer: To unhide layer "toast", the surface must be set on the virtual display with non-null presentation and content
09-03 21:49:59.597  1909  1909 I AndroidPanelApp: layerTransform: Showing panel layer "toast" in VrShell with width 420, height 72, position( 0.000000 , 0.000000 ), rotation (0.000000 , 0.000000 , 0.000000 )  hit-testable true, shape 1, and system-positioned true. Density: 4680.000000. Supersampled: false 
09-03 21:49:59.598  1909  1909 I AndroidPanelApp: Processing pending show layer info for layer toast with width 420 and height 72.
09-03 21:49:59.598  1909  1909 I AndroidPanelApp: layerSupersample no changes
09-03 21:49:59.598  1909  1909 I AndroidPanelApp: Processing pending show layer info for layer toast with width 420 and height 72.
09-03 21:49:59.598  1909  1909 I AndroidPanelApp: layerSupersample no changes
09-03 21:49:59.606  1909  1909 D [SUI] UiThreadExecutor: Executing async: com.oculus.panelapp.anytimeui.v2.tablet.sharing.-$$Lambda$SharingView$yTCCg3RJbNGHzPrCKlqHoQPhQmE@3349c36
09-03 21:49:59.607  1834  1901 I [OAR] SystemUXController: Guardian is paused/suspended thus assuming map needs guardian.
09-03 21:49:59.607  1834  1901 I [OAR] PanelAppHost: Resize layer toast to size 420 x 72 shape:1 stereo:0
09-03 21:49:59.607  1834  1901 I [OAR] PanelRenderLayer: ResetSurface 420 x 72 - shape:1 stereo:0
09-03 21:49:59.607  1834  1901 I [OAR] PanelAppHost: Resize layer toast to size 420 x 72 shape:1 stereo:0
09-03 21:49:59.607  1834  1901 I [OAR] PanelRenderLayer: ResetSurface 420 x 72 - shape:1 stereo:0
09-03 21:49:59.613  1909  1909 I AndroidPanelApp: Processing next frame action "layerShow" for layer "toast"
09-03 21:49:59.613  1909  1909 I AndroidPanelApp: nextFrameAction(layerShow, toast)
09-03 21:49:59.613  1909  1909 I AndroidPanelApp: layerShow acknowledged for toast
09-03 21:49:59.613  1909  1909 I AndroidPanelApp: tryShowLayer(toast)
09-03 21:49:59.613  1909  1909 I AndroidPanelApp: Layer toast needs to be sized, deferring showing layer.
09-03 21:49:59.613  1909  1909 I AndroidPanelApp: Processing next frame action "layerShow" for layer "toast"
09-03 21:49:59.613  1909  1909 I AndroidPanelApp: nextFrameAction(layerShow, toast)
09-03 21:49:59.613  1909  1909 I AndroidPanelApp: layerShow acknowledged for toast
09-03 21:49:59.613  1909  1909 I AndroidPanelApp: tryShowLayer(toast)
09-03 21:49:59.613  1909  1909 I AndroidPanelLayer: Showing layer toast
09-03 21:49:59.616  1909  1909 I AndroidPanelLayer: Unhiding layer toast
09-03 21:49:59.618  1056  1118 I DisplayManagerService: Display device changed state: "com.oculus.android_panel_app.AndroidPanelLayer-toast", ON
09-03 21:49:59.621  1834  1901 I [OAR] SystemUXController: Guardian is paused/suspended thus assuming map needs guardian.
09-03 21:49:59.635  1834  1901 I [OAR] SystemUXController: Guardian is paused/suspended thus assuming map needs guardian.
09-03 21:49:59.649  1834  1901 I [OAR] SystemUXController: Guardian is paused/suspended thus assuming map needs guardian.
09-03 21:49:59.659  1909  1909 I AndroidPanelApp: Turning on layer visibility for layer toast.
09-03 21:49:59.663  1834  1901 I [OAR] SystemUXController: Guardian is paused/suspended thus assuming map needs guardian.
09-03 21:49:59.677  1834  1901 I [OAR] SystemUXController: Guardian is paused/suspended thus assuming map needs guardian.
09-03 21:49:59.677  1834  1901 I [OAR] PanelAppHost: Setting panel layer visibility of layer "toast" to visible
09-03 21:49:59.682  1834  1901 I [OAR] PanelRenderLayer: New SurfaceLayer 420 x 72 (shape: 1)
09-03 21:49:59.682  2162  2395 I VrRuntimeService: RuntimeServiceSDKServer::CreateSwapChain: 435663989
09-03 21:49:59.690  2162  2395 I VrRuntimeServer: CreateTextureSwapChain: result importswapchaingles 1
09-03 21:49:59.715  1834  1901 I [OAR] SystemUXController: Guardian is paused/suspended thus assuming map needs guardian.
09-03 21:49:59.732  1834  1901 I [OAR] SystemUXController: Guardian is paused/suspended thus assuming map needs guardian.
09-03 21:49:59.746  1834  1901 I [OAR] SystemUXController: Guardian is paused/suspended thus assuming map needs guardian.
09-03 21:49:59.760  1834  1901 I [OAR] SystemUXController: Guardian is paused/suspended thus assuming map needs guardian.
09-03 21:49:59.774  1834  1901 I [OAR] SystemUXController: Guardian is paused/suspended thus assuming map needs guardian.
09-03 21:49:59.776  1909  1909 D [SUI] UiThreadExecutor: Executing async: com.oculus.panelapp.anytimeui.v2.tablet.sharing.-$$Lambda$SharingView$yTCCg3RJbNGHzPrCKlqHoQPhQmE@d18ffd3
09-03 21:49:59.788  1834  1901 I [OAR] SystemUXController: Guardian is paused/suspended thus assuming map needs guardian.
09-03 21:49:59.802  1834  1901 I [OAR] SystemUXController: Guardian is paused/suspended thus assuming map needs guardian.
09-03 21:49:59.816  1834  1901 I [OAR] SystemUXController: Guardian is paused/suspended thus assuming map needs guardian.
09-03 21:49:59.830  1834  1901 I [OAR] SystemUXController: Guardian is paused/suspended thus assuming map needs guardian.
09-03 21:49:59.844  1834  1901 I [OAR] SystemUXController: Guardian is paused/suspended thus assuming map needs guardian.
09-03 21:49:59.855   722  8715 I [CT]    : CONSTELLATION: L: Lost position tracking
09-03 21:49:59.855   722  8715 I [CT]    : L:Behavior:NearHeadMoving: state transition: InRange -> Active
09-03 21:49:59.855   722  8715 I [CT]    : L:Behavior:NearHeadMoving: activated
09-03 21:49:59.855   722  8715 I [CT]    : L:Behavior:NearHeadMoving: using reliablePoseInWorld
09-03 21:49:59.855   722  8715 I [CT]    : AdHocPatch: [Left] t = 158.437s, behavior transition: None -> NearHeadMoving
09-03 21:49:59.858  1834  1901 I [OAR] SystemUXController: Guardian is paused/suspended thus assuming map needs guardian.
09-03 21:49:59.870   722  8937 I [CT]    : CONSTELLATION: L: Not reinitializing 6DoF filter. No valid pose from matching.
09-03 21:49:59.871  1834  1901 I [OAR] SystemUXController: Guardian is paused/suspended thus assuming map needs guardian.
09-03 21:49:59.885  1834  1901 I [OAR] SystemUXController: Guardian is paused/suspended thus assuming map needs guardian.
09-03 21:49:59.899  1834  1901 I [OAR] SystemUXController: Guardian is paused/suspended thus assuming map needs guardian.
09-03 21:49:59.902   722  8715 I [CT]    : CONSTELLATION: R: Lost position tracking
09-03 21:49:59.902   722  8715 I [CT]    : L:Behavior:NearHeadMoving: state transition: InRange -> Active
09-03 21:49:59.902   722  8715 I [CT]    : L:Behavior:NearHeadMoving: activated
09-03 21:49:59.902   722  8715 I [CT]    : L:Behavior:NearHeadMoving: using reliablePoseInWorld
09-03 21:49:59.902   722  8715 I [CT]    : AdHocPatch: [Right] t = 158.484s, behavior transition: None -> NearHeadMoving
09-03 21:49:59.910   722  8937 I [CT]    : CONSTELLATION: R: Not reinitializing 6DoF filter. No valid pose from matching.
09-03 21:49:59.913  1834  1901 I [OAR] SystemUXController: Guardian is paused/suspended thus assuming map needs guardian.
09-03 21:49:59.927  1834  1901 I [OAR] SystemUXController: Guardian is paused/suspended thus assuming map needs guardian.
09-03 21:49:59.941  1834  1901 I [OAR] SystemUXController: Guardian is paused/suspended thus assuming map needs guardian.
09-03 21:49:59.955  1834  1901 I [OAR] SystemUXController: Guardian is paused/suspended thus assuming map needs guardian.
09-03 21:49:59.969  1834  1901 I [OAR] SystemUXController: Guardian is paused/suspended thus assuming map needs guardian.
09-03 21:49:59.982  1834  1901 I [OAR] SystemUXController: Guardian is paused/suspended thus assuming map needs guardian.
09-03 21:49:59.996  1834  1901 I [OAR] SystemUXController: Guardian is paused/suspended thus assuming map needs guardian.
09-03 21:50:00.011  1834  1901 I [OAR] SystemUXController: Guardian is paused/suspended thus assuming map needs guardian.
09-03 21:50:00.024  1834  1901 I [OAR] SystemUXController: Guardian is paused/suspended thus assuming map needs guardian.
09-03 21:50:00.038  1834  1901 I [OAR] SystemUXController: Guardian is paused/suspended thus assuming map needs guardian.
09-03 21:50:00.052  1834  1901 I [OAR] SystemUXController: Guardian is paused/suspended thus assuming map needs guardian.
09-03 21:50:00.066  1834  1901 I [OAR] SystemUXController: Guardian is paused/suspended thus assuming map needs guardian.
09-03 21:50:00.080  1834  1901 I [OAR] SystemUXController: Guardian is paused/suspended thus assuming map needs guardian.
09-03 21:50:00.093   722  8687 I [CT]    : VIPER:LOCALIZER: Validating using a pose that is 0.28000000000000114 seconds old.
09-03 21:50:00.094  1834  1901 I [OAR] SystemUXController: Guardian is paused/suspended thus assuming map needs guardian.
09-03 21:50:00.108  1834  1901 I [OAR] SystemUXController: Guardian is paused/suspended thus assuming map needs guardian.
09-03 21:50:00.122  1834  1901 I [OAR] SystemUXController: Guardian is paused/suspended thus assuming map needs guardian.
09-03 21:50:00.123  1834  2465 I OVRPlatform: [CurlHttpClient] Executing HTTP request: https://graph.oculus.com//v1.20/me?fields=current_party{id,leader{id},join_policy,users{id,alias,can_viewer_message,display_name,profile_url,profile_url_small,presence,presence_status,presence_app{id,package_name},presence_deeplink_joinable,presence_deeplink_message,presence_destination_api_name,presence_scoped_user_id,avatar_v2{avatar_image{uri}}},invited_users{id,alias,can_viewer_message,display_name,profile_url,profile_url_small,presence,presence_status,presence_app{id,package_name},avatar_v2{avatar_image{uri}}}}&app_version=239781893
09-03 21:50:00.136  1834  1901 I [OAR] SystemUXController: Guardian is paused/suspended thus assuming map needs guardian.
09-03 21:50:00.150  1834  1901 I [OAR] SystemUXController: Guardian is paused/suspended thus assuming map needs guardian.
09-03 21:50:00.151   722  8687 I [CT]    : VIPER: No validation due to too few inliers: num_inliers: 5 < 10
09-03 21:50:00.152   722  8687 I [CT]    : VIPER:LOCALIZER: Validation failed.
09-03 21:50:00.163  1834  1901 I [OAR] SystemUXController: Guardian is paused/suspended thus assuming map needs guardian.
09-03 21:50:00.177  1834  1901 I [OAR] SystemUXController: Guardian is paused/suspended thus assuming map needs guardian.
09-03 21:50:00.180  1834  2472 I OVRPlatform: [HttpRequest] Request `me?fields=current_party{id,leader{id},join_policy,users{id,alias,can_viewer_message,display_name,profile_url,profile_url_small,presence,presence_status,presence_app{id,package_name},presence_deeplink_joinable,presence_deeplink_message,presence_destination_api_name,presence_scoped_user_id,avatar_v2{avatar_image{uri}}},invited_users{id,alias,can_viewer_message,display_name,profile_url,profile_url_small,presence,presence_status,presence_app{id,package_name},avatar_v2{avatar_image{uri}}}}' (id: 6384) succeeded: {"id":"100778671252143"}
09-03 21:50:00.180  1834  2472 I OVRPlatform: [RequestStopwatch] HttpRequestAsync (me?fields=current_party{id,leader{id},join_policy,users{id,alias,can_viewer_message,display_name,profile_url,profile_url_small,presence,presence_status,presence_app{id,package_name},presence_deeplink_joinable,presence_deeplink_message,presence_destination_api_name,presence_scoped_user_id,avatar_v2{avatar_image{uri}}},invited_users{id,alias,can_viewer_message,display_name,profile_url,profile_url_small,presence,presence_status,presence_app{id,package_name},avatar_v2{avatar_image{uri}}}}) took 56.7180 milliseconds
09-03 21:50:00.191  1834  1901 I [OAR] SystemUXController: Guardian is paused/suspended thus assuming map needs guardian.
09-03 21:50:00.192  1834  1901 I [OAR] PartyManager: Party Response Parse Time: 0.062812ms
09-03 21:50:00.205  1834  1901 I [OAR] SystemUXController: Guardian is paused/suspended thus assuming map needs guardian.
09-03 21:50:00.219  1834  1901 I [OAR] SystemUXController: Guardian is paused/suspended thus assuming map needs guardian.
09-03 21:50:00.233  1834  1901 I [OAR] SystemUXController: Guardian is paused/suspended thus assuming map needs guardian.
09-03 21:50:00.247  1834  1901 I [OAR] SystemUXController: Guardian is paused/suspended thus assuming map needs guardian.
09-03 21:50:00.261  1834  1901 I [OAR] SystemUXController: Guardian is paused/suspended thus assuming map needs guardian.
09-03 21:50:00.275  1834  1901 I [OAR] SystemUXController: Guardian is paused/suspended thus assuming map needs guardian.
09-03 21:50:00.289  1834  1901 I [OAR] SystemUXController: Guardian is paused/suspended thus assuming map needs guardian.
09-03 21:50:00.303  1834  1901 I [OAR] SystemUXController: Guardian is paused/suspended thus assuming map needs guardian.
09-03 21:50:00.317  1834  1901 I [OAR] SystemUXController: Guardian is paused/suspended thus assuming map needs guardian.
09-03 21:50:00.331  1834  1901 I [OAR] SystemUXController: Guardian is paused/suspended thus assuming map needs guardian.
09-03 21:50:00.345  1834  1901 I [OAR] SystemUXController: Guardian is paused/suspended thus assuming map needs guardian.
09-03 21:50:00.358  1834  1901 I [OAR] SystemUXController: Guardian is paused/suspended thus assuming map needs guardian.
09-03 21:50:00.373  1834  1901 I [OAR] SystemUXController: Guardian is paused/suspended thus assuming map needs guardian.
09-03 21:50:00.386  1834  1901 I [OAR] SystemUXController: Guardian is paused/suspended thus assuming map needs guardian.
09-03 21:50:00.400  1834  1901 I [OAR] SystemUXController: Guardian is paused/suspended thus assuming map needs guardian.
09-03 21:50:00.403  1834  9325 I VrApi   : FPS=71,Prd=45ms,Tear=0,Early=71,Stale=0,VSnc=1,Lat=1,Fov=0,CPU4/GPU=4/4,1958/670MHz,OC=FF,TA=0/E0/0,SP=N/F/N,Mem=1804MHz,Free=1591MB,PSM=0,PLS=0,Temp=29.0C/0.0C,TW=2.00ms,App=6.42ms,GD=0.00ms,CPU&GPU=10.99ms,LCnt=3,GPU%=0.47,CPU%=0.29(W0.33),DSF=1.00
09-03 21:50:00.414  1834  1901 I [OAR] SystemUXController: Guardian is paused/suspended thus assuming map needs guardian.
09-03 21:50:00.428  1834  1901 I [OAR] SystemUXController: Guardian is paused/suspended thus assuming map needs guardian.
09-03 21:50:00.442  1834  1901 I [OAR] SystemUXController: Guardian is paused/suspended thus assuming map needs guardian.
09-03 21:50:00.456  1834  1901 I [OAR] SystemUXController: Guardian is paused/suspended thus assuming map needs guardian.
